******************************************************************************
            TI ARM Clang Linker PC v3.2.2                      
******************************************************************************
>> Linked Sun Oct 20 17:23:15 2024

OUTPUT FILE NAME:   <empty_LP_MSPM0G3507_nortos_ticlang.out>
ENTRY POINT SYMBOL: "_c_int00_noargs"  address: 0000147d


MEMORY CONFIGURATION

         name            origin    length      used     unused   attr    fill
----------------------  --------  ---------  --------  --------  ----  --------
  FLASH                 00000000   00020000  000016e8  0001e918  R  X
  SRAM                  20200000   00008000  00000e59  000071a7  RW X
  BCR_CONFIG            41c00000   00000080  00000000  00000080  R   
  BSL_CONFIG            41c00100   00000080  00000000  00000080  R   


SEGMENT ALLOCATION MAP

run origin  load origin   length   init length attrs members
----------  ----------- ---------- ----------- ----- -------
00000000    00000000    000016e8   000016e8    r-x
  00000000    00000000    000000c0   000000c0    r-- .intvecs
  000000c0    000000c0    00001568   00001568    r-x .text
  00001628    00001628    00000030   00000030    r-- .rodata
  00001658    00001658    00000090   00000090    r-- .cinit
20200000    20200000    00000c59   00000000    rw-
  20200000    20200000    00000800   00000000    rw- .sysmem
  20200800    20200800    00000288   00000000    rw- .bss
  20200a88    20200a88    000001d1   00000000    rw- .data
20207e00    20207e00    00000200   00000000    rw-
  20207e00    20207e00    00000200   00000000    rw- .stack


SECTION ALLOCATION MAP

 output                                  attributes/
section   page    origin      length       input sections
--------  ----  ----------  ----------   ----------------
.intvecs   0    00000000    000000c0     
                  00000000    000000c0     startup_mspm0g350x_ticlang.o (.intvecs)

.text      0    000000c0    00001568     
                  000000c0    00000284     libc.a : _printfi.c.obj (.text:__TI_printfi_minimal)
                  00000344    0000012c            : memory.c.obj (.text.aligned_alloc)
                  00000470    00000104            : fputs.c.obj (.text.fputs)
                  00000574    00000100     driverlib.a : dl_timer.o (.text.DL_Timer_initTimerMode)
                  00000674    000000ec     libc.a : memory.c.obj (.text.free)
                  00000760    000000dc            : setvbuf.c.obj (.text.setvbuf)
                  0000083c    0000009c            : fputc.c.obj (.text.fputc)
                  000008d8    0000009a            : memcpy16.S.obj (.text:memcpy)
                  00000972    00000002     startup_mspm0g350x_ticlang.o (.text.Default_Handler)
                  00000974    0000007c     libc.a : fclose.c.obj (.text.__TI_closefile)
                  000009f0    00000078            : copy_decompress_lzss.c.obj (.text:decompress:lzss)
                  00000a68    00000070     ti_msp_dl_config.o (.text.SYSCFG_DL_GPIO_init)
                  00000ad8    0000006c     libsysbm.a : hostlseek.c.obj (.text.HOSTlseek)
                  00000b44    0000006c                : hostrename.c.obj (.text.HOSTrename)
                  00000bb0    0000006c     libc.a : fseek.c.obj (.text.fseeko)
                  00000c1c    00000068            : getdevice.c.obj (.text.getdevice)
                  00000c84    00000064            : _io_perm.c.obj (.text.__TI_wrt_ok)
                  00000ce8    00000064            : memory.c.obj (.text.split)
                  00000d4c    00000062            : memset16.S.obj (.text:memset)
                  00000dae    00000002     libclang_rt.builtins.a : aeabi_div0.c.obj (.text.__aeabi_idiv0)
                  00000db0    00000060     libsysbm.a : hostopen.c.obj (.text.HOSTopen)
                  00000e10    0000005c     libc.a : printf.c.obj (.text.printf)
                  00000e6c    00000058     libsysbm.a : hostread.c.obj (.text.HOSTread)
                  00000ec4    00000058                : hostwrite.c.obj (.text.HOSTwrite)
                  00000f1c    00000058     empty.o (.text.main)
                  00000f74    00000052     libc.a : fflush.c.obj (.text.__TI_doflush)
                  00000fc6    00000002            : _lock.c.obj (.text._nop)
                  00000fc8    00000050     libsysbm.a : close.c.obj (.text.close)
                  00001018    00000048                : hostclose.c.obj (.text.HOSTclose)
                  00001060    00000048                : hostunlink.c.obj (.text.HOSTunlink)
                  000010a8    00000040     ti_msp_dl_config.o (.text.SYSCFG_DL_SYSCTL_init)
                  000010e8    00000040     libclang_rt.builtins.a : aeabi_uidivmod.S.obj (.text.__aeabi_uidivmod)
                  00001128    0000003c     driverlib.a : dl_timer.o (.text.DL_Timer_setCaptureCompareCtl)
                  00001164    0000003c     ti_msp_dl_config.o (.text.SYSCFG_DL_TIMER_10ms_init)
                  000011a0    0000003c     libc.a : autoinit.c.obj (.text:__TI_auto_init_nobinit_nopinit)
                  000011dc    00000038     empty.o (.text.GROUP1_IRQHandler)
                  00001214    00000038     libc.a : getdevice.c.obj (.text.finddevice)
                  0000124c    00000034     driverlib.a : dl_timer.o (.text.DL_Timer_setClockConfig)
                  00001280    00000034     ti_msp_dl_config.o (.text.SYSCFG_DL_initPower)
                  000012b4    00000034     libc.a : fopen.c.obj (.text.__TI_cleanup)
                  000012e8    00000034     libsysbm.a : trgmsg.c.obj (.text.__TI_readmsg)
                  0000131c    00000034                : trgmsg.c.obj (.text.__TI_writemsg)
                  00001350    00000034     libc.a : exit.c.obj (.text.exit)
                  00001384    0000002c     driverlib.a : dl_timer.o (.text.DL_Timer_setCaptureCompareValue)
                  000013b0    0000002c     libsysbm.a : unlink.c.obj (.text.unlink)
                  000013dc    00000028     driverlib.a : dl_timer.o (.text.DL_Common_updateReg)
                  00001404    00000028     libc.a : memory.c.obj (.text.free_list_insert)
                  0000142c    00000028     libsysbm.a : lseek.c.obj (.text.lseek)
                  00001454    00000028                : write.c.obj (.text.write)
                  0000147c    00000028     libc.a : boot_cortex_m.c.obj (.text:_c_int00_noargs)
                  000014a4    00000022            : memccpy.c.obj (.text.memccpy)
                  000014c6    00000002     --HOLE-- [fill = 0]
                  000014c8    00000020     driverlib.a : dl_timer.o (.text.DL_Timer_setCounterValueAfterEnable)
                  000014e8    00000020     ti_msp_dl_config.o (.text.SYSCFG_DL_init)
                  00001508    0000001c     libc.a : memory.c.obj (.text.free_list_remove)
                  00001524    00000018     driverlib.a : dl_timer.o (.text.DL_Timer_setLoadValue)
                  0000153c    00000016     libc.a : copy_zero_init.c.obj (.text:decompress:ZI:__TI_zero_init_nomemset)
                  00001552    00000014     driverlib.a : dl_common.o (.text.DL_Common_delayCycles)
                  00001566    00000012     libsysbm.a : hostrename.c.obj (.text.strcpy)
                  00001578    00000012     libc.a : copy_decompress_none.c.obj (.text:decompress:none)
                  0000158a    00000002     --HOLE-- [fill = 0]
                  0000158c    00000010     empty.o (.text.TIMA0_IRQHandler)
                  0000159c    0000000e     libc.a : memory.c.obj (.text.OUTLINED_FUNCTION_0)
                  000015aa    00000002     --HOLE-- [fill = 0]
                  000015ac    0000000e     libclang_rt.builtins.a : aeabi_memset.S.obj (.text.__aeabi_memset)
                  000015ba    0000000e     libc.a : _printfi.c.obj (.text.strlen)
                  000015c8    0000000e     libsysbm.a : hostrename.c.obj (.text.strlen)
                  000015d6    00000002     --HOLE-- [fill = 0]
                  000015d8    0000000c     libclang_rt.builtins.a : aeabi_memset.S.obj (.text.__aeabi_memclr)
                  000015e4    0000000c     libc.a : memory.c.obj (.text.malloc)
                  000015f0    00000008     libclang_rt.builtins.a : aeabi_memcpy.S.obj (.text.__aeabi_memcpy)
                  000015f8    00000008     libc.a : printf.c.obj (.text._outc)
                  00001600    00000008            : printf.c.obj (.text._outs)
                  00001608    00000008            : fseek.c.obj (.text.fseek)
                  00001610    00000008     libsysbm.a : remove.c.obj (.text.remove)
                  00001618    00000004     startup_mspm0g350x_ticlang.o (.text.Reset_Handler)
                  0000161c    00000004     libc.a : pre_init.c.obj (.text._system_pre_init)
                  00001620    00000004            : exit.c.obj (.text:abort)
                  00001624    00000004     --HOLE-- [fill = 0]

.cinit     0    00001658    00000090     
                  00001658    00000067     (.cinit..data.load) [load image, compression = lzss]
                  000016bf    00000001     --HOLE-- [fill = 0]
                  000016c0    0000000c     (__TI_handler_table)
                  000016cc    00000008     (.cinit..bss.load) [load image, compression = zero_init]
                  000016d4    00000010     (__TI_cinit_table)
                  000016e4    00000004     --HOLE-- [fill = 0]

.rodata    0    00001628    00000030     
                  00001628    00000014     ti_msp_dl_config.o (.rodata.gTIMER_10msTimerConfig)
                  0000163c    00000011     libc.a : _printfi.c.obj (.rodata.str1.44690500295887128011)
                  0000164d    00000005     empty.o (.rodata.str1.162906114796922795351)
                  00001652    00000003     ti_msp_dl_config.o (.rodata.gTIMER_10msClockConfig)
                  00001655    00000003     --HOLE-- [fill = 0]

.init_array 
*          0    00000000    00000000     UNINITIALIZED

.binit     0    00000000    00000000     

.sysmem    0    20200000    00000800     UNINITIALIZED
                  20200000    00000010     libc.a : memory.c.obj (.sysmem)
                  20200010    000007f0     --HOLE--

.bss       0    20200800    00000288     UNINITIALIZED
                  20200800    00000120     libsysbm.a : trgmsg.c.obj (.bss:_CIOBUF_)
                  20200920    000000bc     (.common:gTIMER_10msBackup)
                  202009dc    000000a0     libc.a : defs.c.obj (.bss.__TI_tmpnams)
                  20200a7c    00000008     libsysbm.a : hostopen.c.obj (.bss.parmbuf)
                  20200a84    00000004     libc.a : memory.c.obj (.bss.sys_free)

.data      0    20200a88    000001d1     UNINITIALIZED
                  20200a88    000000f0     libc.a : defs.c.obj (.data._ftable)
                  20200b78    00000078     libsysbm.a : host_device.c.obj (.data._device)
                  20200bf0    00000050                : host_device.c.obj (.data._stream)
                  20200c40    00000008     libc.a : exit.c.obj (.data..L_MergedGlobals)
                  20200c48    00000004            : defs.c.obj (.data.__TI_ft_end)
                  20200c4c    00000004            : _lock.c.obj (.data._lock)
                  20200c50    00000004            : _lock.c.obj (.data._unlock)
                  20200c54    00000002     empty.o (.data.counter)
                  20200c56    00000002     empty.o (.data.delay)
                  20200c58    00000001     libc.a : memory.c.obj (.data.memory_is_initialized)

.stack     0    20207e00    00000200     UNINITIALIZED
                  20207e00    00000004     libc.a : boot_cortex_m.c.obj (.stack)
                  20207e04    000001fc     --HOLE--

__llvm_prf_cnts 
*          0    20200000    00000000     UNINITIALIZED

__llvm_prf_bits 
*          0    20200000    00000000     UNINITIALIZED

MODULE SUMMARY

       Module                         code   ro data   rw data
       ------                         ----   -------   -------
    .\
       ti_msp_dl_config.o             320    23        188    
       startup_mspm0g350x_ticlang.o   6      192       0      
       empty.o                        160    5         4      
    +--+------------------------------+------+---------+---------+
       Total:                         486    220       192    
                                                              
    C:/ti/mspm0_sdk_2_02_00_05/source/ti/driverlib/lib/ticlang/m0p/mspm0g1x0x_g3x0x/driverlib.a
       dl_timer.o                     508    0         0      
       dl_common.o                    20     0         0      
    +--+------------------------------+------+---------+---------+
       Total:                         528    0         0      
                                                              
    C:\ti\ccs1271\ccs\tools\compiler\ti-cgt-armllvm_3.2.2.LTS\lib\armv6m-ti-none-eabi/c/libc.a
       memory.c.obj                   730    0         5      
       _printfi.c.obj                 658    17        0      
       defs.c.obj                     0      0         404    
       fputs.c.obj                    260    0         0      
       setvbuf.c.obj                  220    0         0      
       getdevice.c.obj                160    0         0      
       fputc.c.obj                    156    0         0      
       memcpy16.S.obj                 154    0         0      
       fclose.c.obj                   124    0         0      
       copy_decompress_lzss.c.obj     120    0         0      
       fseek.c.obj                    116    0         0      
       printf.c.obj                   108    0         0      
       _io_perm.c.obj                 100    0         0      
       memset16.S.obj                 98     0         0      
       fflush.c.obj                   82     0         0      
       exit.c.obj                     56     0         8      
       autoinit.c.obj                 60     0         0      
       fopen.c.obj                    52     0         0      
       boot_cortex_m.c.obj            40     0         0      
       memccpy.c.obj                  34     0         0      
       copy_zero_init.c.obj           22     0         0      
       copy_decompress_none.c.obj     18     0         0      
       _lock.c.obj                    2      0         8      
       pre_init.c.obj                 4      0         0      
    +--+------------------------------+------+---------+---------+
       Total:                         3374   17        425    
                                                              
    C:\ti\ccs1271\ccs\tools\compiler\ti-cgt-armllvm_3.2.2.LTS\lib\armv6m-ti-none-eabi/c/libsysbm.a
       trgmsg.c.obj                   104    0         288    
       host_device.c.obj              0      0         200    
       hostrename.c.obj               140    0         0      
       hostlseek.c.obj                108    0         0      
       hostopen.c.obj                 96     0         8      
       hostread.c.obj                 88     0         0      
       hostwrite.c.obj                88     0         0      
       close.c.obj                    80     0         0      
       hostclose.c.obj                72     0         0      
       hostunlink.c.obj               72     0         0      
       unlink.c.obj                   44     0         0      
       lseek.c.obj                    40     0         0      
       write.c.obj                    40     0         0      
       remove.c.obj                   8      0         0      
    +--+------------------------------+------+---------+---------+
       Total:                         980    0         496    
                                                              
    C:\ti\ccs1271\ccs\tools\compiler\ti-cgt-armllvm_3.2.2.LTS\lib\clang/15.0.7/lib/armv6m-ti-none-eabi/libclang_rt.builtins.a
       aeabi_uidivmod.S.obj           64     0         0      
       aeabi_memset.S.obj             26     0         0      
       aeabi_memcpy.S.obj             8      0         0      
       aeabi_div0.c.obj               2      0         0      
    +--+------------------------------+------+---------+---------+
       Total:                         100    0         0      
                                                              
       Heap:                          0      0         2048   
       Stack:                         0      0         512    
       Linker Generated:              0      139       0      
    +--+------------------------------+------+---------+---------+
       Grand Total:                   5468   376       3673   


LINKER GENERATED COPY TABLES

__TI_cinit_table @ 000016d4 records: 2, size/record: 8, table size: 16
	.data: load addr=00001658, load size=00000067 bytes, run addr=20200a88, run size=000001d1 bytes, compression=lzss
	.bss: load addr=000016cc, load size=00000008 bytes, run addr=20200800, run size=00000288 bytes, compression=zero_init


LINKER GENERATED HANDLER TABLE

__TI_handler_table @ 000016c0 records: 3, size/record: 4, table size: 12
	index: 0, handler: __TI_decompress_lzss
	index: 1, handler: __TI_decompress_none
	index: 2, handler: __TI_zero_init


GLOBAL SYMBOLS: SORTED ALPHABETICALLY BY Name 

address   name                           
-------   ----                           
00000973  ADC0_IRQHandler                
00000973  ADC1_IRQHandler                
00000973  AES_IRQHandler                 
00001620  C$$EXIT                        
00001349  C$$IO$$                        
00000973  CANFD0_IRQHandler              
00000973  DAC0_IRQHandler                
00001553  DL_Common_delayCycles          
00000575  DL_Timer_initTimerMode         
00001129  DL_Timer_setCaptureCompareCtl  
00001385  DL_Timer_setCaptureCompareValue
0000124d  DL_Timer_setClockConfig        
00000973  DMA_IRQHandler                 
00000973  Default_Handler                
00000973  GROUP0_IRQHandler              
000011dd  GROUP1_IRQHandler              
00001019  HOSTclose                      
00000ad9  HOSTlseek                      
00000db1  HOSTopen                       
00000e6d  HOSTread                       
00000b45  HOSTrename                     
00001061  HOSTunlink                     
00000ec5  HOSTwrite                      
00000973  HardFault_Handler              
00000973  I2C0_IRQHandler                
00000973  I2C1_IRQHandler                
00000973  NMI_Handler                    
00000973  PendSV_Handler                 
00000973  RTC_IRQHandler                 
00001619  Reset_Handler                  
00000973  SPI0_IRQHandler                
00000973  SPI1_IRQHandler                
00000973  SVC_Handler                    
00000a69  SYSCFG_DL_GPIO_init            
000010a9  SYSCFG_DL_SYSCTL_init          
00001165  SYSCFG_DL_TIMER_10ms_init      
000014e9  SYSCFG_DL_init                 
00001281  SYSCFG_DL_initPower            
00000973  SysTick_Handler                
0000158d  TIMA0_IRQHandler               
00000973  TIMA1_IRQHandler               
00000973  TIMG0_IRQHandler               
00000973  TIMG12_IRQHandler              
00000973  TIMG6_IRQHandler               
00000973  TIMG7_IRQHandler               
00000973  TIMG8_IRQHandler               
00000973  UART0_IRQHandler               
00000973  UART1_IRQHandler               
00000973  UART2_IRQHandler               
00000973  UART3_IRQHandler               
20200800  _CIOBUF_                       
20200800  __CIOBUF_                      
20208000  __STACK_END                    
00000200  __STACK_SIZE                   
00000800  __SYSMEM_SIZE                  
00000000  __TI_ATRegion0_region_sz       
00000000  __TI_ATRegion0_src_addr        
00000000  __TI_ATRegion0_trg_addr        
00000000  __TI_ATRegion1_region_sz       
00000000  __TI_ATRegion1_src_addr        
00000000  __TI_ATRegion1_trg_addr        
00000000  __TI_ATRegion2_region_sz       
00000000  __TI_ATRegion2_src_addr        
00000000  __TI_ATRegion2_trg_addr        
000016d4  __TI_CINIT_Base                
000016e4  __TI_CINIT_Limit               
000016e4  __TI_CINIT_Warm                
000016c0  __TI_Handler_Table_Base        
000016cc  __TI_Handler_Table_Limit       
000011a1  __TI_auto_init_nobinit_nopinit 
000012b5  __TI_cleanup                   
20200c40  __TI_cleanup_ptr               
00000975  __TI_closefile                 
000009f1  __TI_decompress_lzss           
00001579  __TI_decompress_none           
00000f75  __TI_doflush                   
20200c44  __TI_dtors_ptr                 
20200c48  __TI_ft_end                    
ffffffff  __TI_pprof_out_hndl            
000000c1  __TI_printfi_minimal           
ffffffff  __TI_prof_data_size            
ffffffff  __TI_prof_data_start           
000012e9  __TI_readmsg                   
00000000  __TI_static_base__             
202009dc  __TI_tmpnams                   
0000131d  __TI_writemsg                  
00000c85  __TI_wrt_ok                    
0000153d  __TI_zero_init_nomemset        
00000daf  __aeabi_idiv0                  
000015d9  __aeabi_memclr                 
000015d9  __aeabi_memclr4                
000015d9  __aeabi_memclr8                
000015f1  __aeabi_memcpy                 
000015f1  __aeabi_memcpy4                
000015f1  __aeabi_memcpy8                
000015ad  __aeabi_memset                 
000015ad  __aeabi_memset4                
000015ad  __aeabi_memset8                
000010e9  __aeabi_uidiv                  
000010e9  __aeabi_uidivmod               
ffffffff  __binit__                      
UNDEFED   __mpu_init                     
20207e00  __stack                        
20200000  __start___llvm_prf_bits        
20200000  __start___llvm_prf_cnts        
20200000  __stop___llvm_prf_bits         
20200000  __stop___llvm_prf_cnts         
0000147d  _c_int00_noargs                
20200b78  _device                        
20200a88  _ftable                        
20200c4c  _lock                          
00000fc7  _nop                           
20200bf0  _stream                        
20200000  _sys_memory                    
UNDEFED   _system_post_cinit             
0000161d  _system_pre_init               
20200c50  _unlock                        
00001621  abort                          
00000345  aligned_alloc                  
ffffffff  binit                          
00000fc9  close                          
20200c54  counter                        
20200c56  delay                          
00001351  exit                           
00001215  finddevice                     
0000083d  fputc                          
00000471  fputs                          
00000675  free                           
00001609  fseek                          
00000bb1  fseeko                         
20200920  gTIMER_10msBackup              
00000c1d  getdevice                      
00000000  interruptVectors               
0000142d  lseek                          
00000f1d  main                           
000015e5  malloc                         
00000345  memalign                       
000014a5  memccpy                        
000008d9  memcpy                         
00000d4d  memset                         
20200a7c  parmbuf                        
00000e11  printf                         
00001611  remove                         
00000761  setvbuf                        
000013b1  unlink                         
00001455  write                          


GLOBAL SYMBOLS: SORTED BY Symbol Address 

address   name                           
-------   ----                           
00000000  __TI_ATRegion0_region_sz       
00000000  __TI_ATRegion0_src_addr        
00000000  __TI_ATRegion0_trg_addr        
00000000  __TI_ATRegion1_region_sz       
00000000  __TI_ATRegion1_src_addr        
00000000  __TI_ATRegion1_trg_addr        
00000000  __TI_ATRegion2_region_sz       
00000000  __TI_ATRegion2_src_addr        
00000000  __TI_ATRegion2_trg_addr        
00000000  __TI_static_base__             
00000000  interruptVectors               
000000c1  __TI_printfi_minimal           
00000200  __STACK_SIZE                   
00000345  aligned_alloc                  
00000345  memalign                       
00000471  fputs                          
00000575  DL_Timer_initTimerMode         
00000675  free                           
00000761  setvbuf                        
00000800  __SYSMEM_SIZE                  
0000083d  fputc                          
000008d9  memcpy                         
00000973  ADC0_IRQHandler                
00000973  ADC1_IRQHandler                
00000973  AES_IRQHandler                 
00000973  CANFD0_IRQHandler              
00000973  DAC0_IRQHandler                
00000973  DMA_IRQHandler                 
00000973  Default_Handler                
00000973  GROUP0_IRQHandler              
00000973  HardFault_Handler              
00000973  I2C0_IRQHandler                
00000973  I2C1_IRQHandler                
00000973  NMI_Handler                    
00000973  PendSV_Handler                 
00000973  RTC_IRQHandler                 
00000973  SPI0_IRQHandler                
00000973  SPI1_IRQHandler                
00000973  SVC_Handler                    
00000973  SysTick_Handler                
00000973  TIMA1_IRQHandler               
00000973  TIMG0_IRQHandler               
00000973  TIMG12_IRQHandler              
00000973  TIMG6_IRQHandler               
00000973  TIMG7_IRQHandler               
00000973  TIMG8_IRQHandler               
00000973  UART0_IRQHandler               
00000973  UART1_IRQHandler               
00000973  UART2_IRQHandler               
00000973  UART3_IRQHandler               
00000975  __TI_closefile                 
000009f1  __TI_decompress_lzss           
00000a69  SYSCFG_DL_GPIO_init            
00000ad9  HOSTlseek                      
00000b45  HOSTrename                     
00000bb1  fseeko                         
00000c1d  getdevice                      
00000c85  __TI_wrt_ok                    
00000d4d  memset                         
00000daf  __aeabi_idiv0                  
00000db1  HOSTopen                       
00000e11  printf                         
00000e6d  HOSTread                       
00000ec5  HOSTwrite                      
00000f1d  main                           
00000f75  __TI_doflush                   
00000fc7  _nop                           
00000fc9  close                          
00001019  HOSTclose                      
00001061  HOSTunlink                     
000010a9  SYSCFG_DL_SYSCTL_init          
000010e9  __aeabi_uidiv                  
000010e9  __aeabi_uidivmod               
00001129  DL_Timer_setCaptureCompareCtl  
00001165  SYSCFG_DL_TIMER_10ms_init      
000011a1  __TI_auto_init_nobinit_nopinit 
000011dd  GROUP1_IRQHandler              
00001215  finddevice                     
0000124d  DL_Timer_setClockConfig        
00001281  SYSCFG_DL_initPower            
000012b5  __TI_cleanup                   
000012e9  __TI_readmsg                   
0000131d  __TI_writemsg                  
00001349  C$$IO$$                        
00001351  exit                           
00001385  DL_Timer_setCaptureCompareValue
000013b1  unlink                         
0000142d  lseek                          
00001455  write                          
0000147d  _c_int00_noargs                
000014a5  memccpy                        
000014e9  SYSCFG_DL_init                 
0000153d  __TI_zero_init_nomemset        
00001553  DL_Common_delayCycles          
00001579  __TI_decompress_none           
0000158d  TIMA0_IRQHandler               
000015ad  __aeabi_memset                 
000015ad  __aeabi_memset4                
000015ad  __aeabi_memset8                
000015d9  __aeabi_memclr                 
000015d9  __aeabi_memclr4                
000015d9  __aeabi_memclr8                
000015e5  malloc                         
000015f1  __aeabi_memcpy                 
000015f1  __aeabi_memcpy4                
000015f1  __aeabi_memcpy8                
00001609  fseek                          
00001611  remove                         
00001619  Reset_Handler                  
0000161d  _system_pre_init               
00001620  C$$EXIT                        
00001621  abort                          
000016c0  __TI_Handler_Table_Base        
000016cc  __TI_Handler_Table_Limit       
000016d4  __TI_CINIT_Base                
000016e4  __TI_CINIT_Limit               
000016e4  __TI_CINIT_Warm                
20200000  __start___llvm_prf_bits        
20200000  __start___llvm_prf_cnts        
20200000  __stop___llvm_prf_bits         
20200000  __stop___llvm_prf_cnts         
20200000  _sys_memory                    
20200800  _CIOBUF_                       
20200800  __CIOBUF_                      
20200920  gTIMER_10msBackup              
202009dc  __TI_tmpnams                   
20200a7c  parmbuf                        
20200a88  _ftable                        
20200b78  _device                        
20200bf0  _stream                        
20200c40  __TI_cleanup_ptr               
20200c44  __TI_dtors_ptr                 
20200c48  __TI_ft_end                    
20200c4c  _lock                          
20200c50  _unlock                        
20200c54  counter                        
20200c56  delay                          
20207e00  __stack                        
20208000  __STACK_END                    
ffffffff  __TI_pprof_out_hndl            
ffffffff  __TI_prof_data_size            
ffffffff  __TI_prof_data_start           
ffffffff  __binit__                      
ffffffff  binit                          
UNDEFED   __mpu_init                     
UNDEFED   _system_post_cinit             

[146 symbols]
