******************************************************************************
            TI ARM Clang Linker PC v3.2.2                      
******************************************************************************
>> Linked Wed Jul 31 11:19:03 2024

OUTPUT FILE NAME:   <Assignment_5.out>
ENTRY POINT SYMBOL: "_c_int00_noargs"  address: 00001505


MEMORY CONFIGURATION

         name            origin    length      used     unused   attr    fill
----------------------  --------  ---------  --------  --------  ----  --------
  FLASH                 00000000   00020000  00001788  0001e878  R  X
  SRAM                  20200000   00008000  00000e5f  000071a1  RW X
  BCR_CONFIG            41c00000   00000080  00000000  00000080  R   
  BSL_CONFIG            41c00100   00000080  00000000  00000080  R   


SEGMENT ALLOCATION MAP

run origin  load origin   length   init length attrs members
----------  ----------- ---------- ----------- ----- -------
00000000    00000000    00001788   00001788    r-x
  00000000    00000000    000000c0   000000c0    r-- .intvecs
  000000c0    000000c0    000015e0   000015e0    r-x .text
  000016a0    000016a0    00000058   00000058    r-- .rodata
  000016f8    000016f8    00000090   00000090    r-- .cinit
20200000    20200000    00000c5f   00000000    rw-
  20200000    20200000    00000800   00000000    rw- .sysmem
  20200800    20200800    00000288   00000000    rw- .bss
  20200a88    20200a88    000001d7   00000000    rw- .data
20207e00    20207e00    00000200   00000000    rw-
  20207e00    20207e00    00000200   00000000    rw- .stack


SECTION ALLOCATION MAP

 output                                  attributes/
section   page    origin      length       input sections
--------  ----  ----------  ----------   ----------------
.intvecs   0    00000000    000000c0     
                  00000000    000000c0     startup_mspm0g350x_ticlang.o (.intvecs)

.text      0    000000c0    000015e0     
                  000000c0    00000284     libc.a : _printfi.c.obj (.text:__TI_printfi_minimal)
                  00000344    0000012c            : memory.c.obj (.text.aligned_alloc)
                  00000470    0000011c     empty.o (.text.SYSCFG_DL_init)
                  0000058c    00000104     libc.a : fputs.c.obj (.text.fputs)
                  00000690    00000100     driverlib.a : dl_timer.o (.text.DL_Timer_initTimerMode)
                  00000790    000000ec     libc.a : memory.c.obj (.text.free)
                  0000087c    000000dc            : setvbuf.c.obj (.text.setvbuf)
                  00000958    0000009c            : fputc.c.obj (.text.fputc)
                  000009f4    0000009a            : memcpy16.S.obj (.text:memcpy)
                  00000a8e    00000002     startup_mspm0g350x_ticlang.o (.text.Default_Handler)
                  00000a90    0000008c     empty.o (.text.GROUP1_IRQHandler)
                  00000b1c    0000007c     libc.a : fclose.c.obj (.text.__TI_closefile)
                  00000b98    00000078            : copy_decompress_lzss.c.obj (.text:decompress:lzss)
                  00000c10    0000006c     libsysbm.a : hostlseek.c.obj (.text.HOSTlseek)
                  00000c7c    0000006c                : hostrename.c.obj (.text.HOSTrename)
                  00000ce8    0000006c     libc.a : fseek.c.obj (.text.fseeko)
                  00000d54    00000068            : getdevice.c.obj (.text.getdevice)
                  00000dbc    00000068     empty.o (.text.main)
                  00000e24    00000064     libc.a : _io_perm.c.obj (.text.__TI_wrt_ok)
                  00000e88    00000064            : memory.c.obj (.text.split)
                  00000eec    00000062            : memset16.S.obj (.text:memset)
                  00000f4e    00000002     libclang_rt.builtins.a : aeabi_div0.c.obj (.text.__aeabi_idiv0)
                  00000f50    00000060     libsysbm.a : hostopen.c.obj (.text.HOSTopen)
                  00000fb0    0000005c     libc.a : printf.c.obj (.text.printf)
                  0000100c    00000058     libsysbm.a : hostread.c.obj (.text.HOSTread)
                  00001064    00000058                : hostwrite.c.obj (.text.HOSTwrite)
                  000010bc    00000052     libc.a : fflush.c.obj (.text.__TI_doflush)
                  0000110e    00000002            : _lock.c.obj (.text._nop)
                  00001110    00000050     libsysbm.a : close.c.obj (.text.close)
                  00001160    00000048                : hostclose.c.obj (.text.HOSTclose)
                  000011a8    00000048                : hostunlink.c.obj (.text.HOSTunlink)
                  000011f0    00000040     libclang_rt.builtins.a : aeabi_uidivmod.S.obj (.text.__aeabi_uidivmod)
                  00001230    0000003c     driverlib.a : dl_timer.o (.text.DL_Timer_setCaptureCompareCtl)
                  0000126c    0000003c     libc.a : autoinit.c.obj (.text:__TI_auto_init_nobinit_nopinit)
                  000012a8    00000038            : getdevice.c.obj (.text.finddevice)
                  000012e0    00000034     driverlib.a : dl_timer.o (.text.DL_Timer_setClockConfig)
                  00001314    00000034     libc.a : fopen.c.obj (.text.__TI_cleanup)
                  00001348    00000034     libsysbm.a : trgmsg.c.obj (.text.__TI_readmsg)
                  0000137c    00000034                : trgmsg.c.obj (.text.__TI_writemsg)
                  000013b0    00000034     libc.a : exit.c.obj (.text.exit)
                  000013e4    0000002c     driverlib.a : dl_timer.o (.text.DL_Timer_setCaptureCompareValue)
                  00001410    0000002c     libsysbm.a : unlink.c.obj (.text.unlink)
                  0000143c    00000028     driverlib.a : dl_timer.o (.text.DL_Common_updateReg)
                  00001464    00000028     empty.o (.text.TIMA0_IRQHandler)
                  0000148c    00000028     libc.a : memory.c.obj (.text.free_list_insert)
                  000014b4    00000028     libsysbm.a : lseek.c.obj (.text.lseek)
                  000014dc    00000028                : write.c.obj (.text.write)
                  00001504    00000028     libc.a : boot_cortex_m.c.obj (.text:_c_int00_noargs)
                  0000152c    00000024            : fputs.c.obj (.text.puts)
                  00001550    00000022            : memccpy.c.obj (.text.memccpy)
                  00001572    00000002     --HOLE-- [fill = 0]
                  00001574    00000020     driverlib.a : dl_timer.o (.text.DL_Timer_setCounterValueAfterEnable)
                  00001594    0000001c     libc.a : memory.c.obj (.text.free_list_remove)
                  000015b0    00000018     driverlib.a : dl_timer.o (.text.DL_Timer_setLoadValue)
                  000015c8    00000016     libc.a : copy_zero_init.c.obj (.text:decompress:ZI:__TI_zero_init_nomemset)
                  000015de    00000014     driverlib.a : dl_common.o (.text.DL_Common_delayCycles)
                  000015f2    00000012     libsysbm.a : hostrename.c.obj (.text.strcpy)
                  00001604    00000012     libc.a : copy_decompress_none.c.obj (.text:decompress:none)
                  00001616    0000000e            : memory.c.obj (.text.OUTLINED_FUNCTION_0)
                  00001624    0000000e     libclang_rt.builtins.a : aeabi_memset.S.obj (.text.__aeabi_memset)
                  00001632    0000000e     libc.a : _printfi.c.obj (.text.strlen)
                  00001640    0000000e     libsysbm.a : hostrename.c.obj (.text.strlen)
                  0000164e    00000002     --HOLE-- [fill = 0]
                  00001650    0000000c     libclang_rt.builtins.a : aeabi_memset.S.obj (.text.__aeabi_memclr)
                  0000165c    0000000c     libc.a : memory.c.obj (.text.malloc)
                  00001668    00000008     libclang_rt.builtins.a : aeabi_memcpy.S.obj (.text.__aeabi_memcpy)
                  00001670    00000008     libc.a : printf.c.obj (.text._outc)
                  00001678    00000008            : printf.c.obj (.text._outs)
                  00001680    00000008            : fseek.c.obj (.text.fseek)
                  00001688    00000008     libsysbm.a : remove.c.obj (.text.remove)
                  00001690    00000004     startup_mspm0g350x_ticlang.o (.text.Reset_Handler)
                  00001694    00000004     libc.a : pre_init.c.obj (.text._system_pre_init)
                  00001698    00000004            : exit.c.obj (.text:abort)
                  0000169c    00000004     --HOLE-- [fill = 0]

.cinit     0    000016f8    00000090     
                  000016f8    00000065     (.cinit..data.load) [load image, compression = lzss]
                  0000175d    00000003     --HOLE-- [fill = 0]
                  00001760    0000000c     (__TI_handler_table)
                  0000176c    00000008     (.cinit..bss.load) [load image, compression = zero_init]
                  00001774    00000010     (__TI_cinit_table)
                  00001784    00000004     --HOLE-- [fill = 0]

.rodata    0    000016a0    00000058     
                  000016a0    0000001a     empty.o (.rodata.str1.162906114796922795351)
                  000016ba    00000002     libc.a : fputs.c.obj (.rodata.str1.127069605411828601681)
                  000016bc    00000014     empty.o (.rodata.gTIMER_0TimerConfig)
                  000016d0    00000011     libc.a : _printfi.c.obj (.rodata.str1.44690500295887128011)
                  000016e1    0000000e     empty.o (.rodata.str1.184077852707324555661)
                  000016ef    00000003     empty.o (.rodata.gTIMER_0ClockConfig)
                  000016f2    00000006     --HOLE-- [fill = 0]

.init_array 
*          0    00000000    00000000     UNINITIALIZED

.binit     0    00000000    00000000     

.sysmem    0    20200000    00000800     UNINITIALIZED
                  20200000    00000010     libc.a : memory.c.obj (.sysmem)
                  20200010    000007f0     --HOLE--

.bss       0    20200800    00000288     UNINITIALIZED
                  20200800    00000120     libsysbm.a : trgmsg.c.obj (.bss:_CIOBUF_)
                  20200920    000000bc     (.common:gTIMER_0Backup)
                  202009dc    000000a0     libc.a : defs.c.obj (.bss.__TI_tmpnams)
                  20200a7c    00000008     libsysbm.a : hostopen.c.obj (.bss.parmbuf)
                  20200a84    00000004     libc.a : memory.c.obj (.bss.sys_free)

.data      0    20200a88    000001d7     UNINITIALIZED
                  20200a88    000000f0     libc.a : defs.c.obj (.data._ftable)
                  20200b78    00000078     libsysbm.a : host_device.c.obj (.data._device)
                  20200bf0    00000050                : host_device.c.obj (.data._stream)
                  20200c40    00000008     libc.a : exit.c.obj (.data..L_MergedGlobals)
                  20200c48    00000004     empty.o (.data.TIMA0_CUSTOM)
                  20200c4c    00000004     libc.a : defs.c.obj (.data.__TI_ft_end)
                  20200c50    00000004            : _lock.c.obj (.data._lock)
                  20200c54    00000004            : _lock.c.obj (.data._unlock)
                  20200c58    00000004     empty.o (.data.uint32_t_capturedValue)
                  20200c5c    00000001     libc.a : memory.c.obj (.data.memory_is_initialized)
                  20200c5d    00000001     empty.o (.data.uint8_t_button1Pressed)
                  20200c5e    00000001     empty.o (.data.uint8_t_button2Pressed)

.stack     0    20207e00    00000200     UNINITIALIZED
                  20207e00    00000004     libc.a : boot_cortex_m.c.obj (.stack)
                  20207e04    000001fc     --HOLE--

__llvm_prf_cnts 
*          0    20200000    00000000     UNINITIALIZED

__llvm_prf_bits 
*          0    20200000    00000000     UNINITIALIZED

MODULE SUMMARY

       Module                         code   ro data   rw data
       ------                         ----   -------   -------
    .\
       empty.o                        568    63        198    
       startup_mspm0g350x_ticlang.o   6      192       0      
    +--+------------------------------+------+---------+---------+
       Total:                         574    255       198    
                                                              
    C:/ti/mspm0_sdk_2_01_00_03/source/ti/driverlib/lib/ticlang/m0p/mspm0g1x0x_g3x0x/driverlib.a
       dl_timer.o                     508    0         0      
       dl_common.o                    20     0         0      
    +--+------------------------------+------+---------+---------+
       Total:                         528    0         0      
                                                              
    C:\ti\ccs1271\ccs\tools\compiler\ti-cgt-armllvm_3.2.2.LTS\lib\armv6m-ti-none-eabi/c/libc.a
       memory.c.obj                   730    0         5      
       _printfi.c.obj                 658    17        0      
       defs.c.obj                     0      0         404    
       fputs.c.obj                    296    2         0      
       setvbuf.c.obj                  220    0         0      
       getdevice.c.obj                160    0         0      
       fputc.c.obj                    156    0         0      
       memcpy16.S.obj                 154    0         0      
       fclose.c.obj                   124    0         0      
       copy_decompress_lzss.c.obj     120    0         0      
       fseek.c.obj                    116    0         0      
       printf.c.obj                   108    0         0      
       _io_perm.c.obj                 100    0         0      
       memset16.S.obj                 98     0         0      
       fflush.c.obj                   82     0         0      
       exit.c.obj                     56     0         8      
       autoinit.c.obj                 60     0         0      
       fopen.c.obj                    52     0         0      
       boot_cortex_m.c.obj            40     0         0      
       memccpy.c.obj                  34     0         0      
       copy_zero_init.c.obj           22     0         0      
       copy_decompress_none.c.obj     18     0         0      
       _lock.c.obj                    2      0         8      
       pre_init.c.obj                 4      0         0      
    +--+------------------------------+------+---------+---------+
       Total:                         3410   19        425    
                                                              
    C:\ti\ccs1271\ccs\tools\compiler\ti-cgt-armllvm_3.2.2.LTS\lib\armv6m-ti-none-eabi/c/libsysbm.a
       trgmsg.c.obj                   104    0         288    
       host_device.c.obj              0      0         200    
       hostrename.c.obj               140    0         0      
       hostlseek.c.obj                108    0         0      
       hostopen.c.obj                 96     0         8      
       hostread.c.obj                 88     0         0      
       hostwrite.c.obj                88     0         0      
       close.c.obj                    80     0         0      
       hostclose.c.obj                72     0         0      
       hostunlink.c.obj               72     0         0      
       unlink.c.obj                   44     0         0      
       lseek.c.obj                    40     0         0      
       write.c.obj                    40     0         0      
       remove.c.obj                   8      0         0      
    +--+------------------------------+------+---------+---------+
       Total:                         980    0         496    
                                                              
    C:\ti\ccs1271\ccs\tools\compiler\ti-cgt-armllvm_3.2.2.LTS\lib\clang/15.0.7/lib/armv6m-ti-none-eabi/libclang_rt.builtins.a
       aeabi_uidivmod.S.obj           64     0         0      
       aeabi_memset.S.obj             26     0         0      
       aeabi_memcpy.S.obj             8      0         0      
       aeabi_div0.c.obj               2      0         0      
    +--+------------------------------+------+---------+---------+
       Total:                         100    0         0      
                                                              
       Heap:                          0      0         2048   
       Stack:                         0      0         512    
       Linker Generated:              0      137       0      
    +--+------------------------------+------+---------+---------+
       Grand Total:                   5592   411       3679   


LINKER GENERATED COPY TABLES

__TI_cinit_table @ 00001774 records: 2, size/record: 8, table size: 16
	.data: load addr=000016f8, load size=00000065 bytes, run addr=20200a88, run size=000001d7 bytes, compression=lzss
	.bss: load addr=0000176c, load size=00000008 bytes, run addr=20200800, run size=00000288 bytes, compression=zero_init


LINKER GENERATED HANDLER TABLE

__TI_handler_table @ 00001760 records: 3, size/record: 4, table size: 12
	index: 0, handler: __TI_decompress_lzss
	index: 1, handler: __TI_decompress_none
	index: 2, handler: __TI_zero_init


GLOBAL SYMBOLS: SORTED ALPHABETICALLY BY Name 

address   name                           
-------   ----                           
00000a8f  ADC0_IRQHandler                
00000a8f  ADC1_IRQHandler                
00000a8f  AES_IRQHandler                 
00001698  C$$EXIT                        
000013a9  C$$IO$$                        
00000a8f  CANFD0_IRQHandler              
00000a8f  DAC0_IRQHandler                
000015df  DL_Common_delayCycles          
00000691  DL_Timer_initTimerMode         
00001231  DL_Timer_setCaptureCompareCtl  
000013e5  DL_Timer_setCaptureCompareValue
000012e1  DL_Timer_setClockConfig        
00000a8f  DMA_IRQHandler                 
00000a8f  Default_Handler                
00000a8f  GROUP0_IRQHandler              
00000a91  GROUP1_IRQHandler              
00001161  HOSTclose                      
00000c11  HOSTlseek                      
00000f51  HOSTopen                       
0000100d  HOSTread                       
00000c7d  HOSTrename                     
000011a9  HOSTunlink                     
00001065  HOSTwrite                      
00000a8f  HardFault_Handler              
00000a8f  I2C0_IRQHandler                
00000a8f  I2C1_IRQHandler                
00000a8f  NMI_Handler                    
00000a8f  PendSV_Handler                 
00000a8f  RTC_IRQHandler                 
00001691  Reset_Handler                  
00000a8f  SPI0_IRQHandler                
00000a8f  SPI1_IRQHandler                
00000a8f  SVC_Handler                    
00000471  SYSCFG_DL_init                 
00000a8f  SysTick_Handler                
20200c48  TIMA0_CUSTOM                   
00001465  TIMA0_IRQHandler               
00000a8f  TIMA1_IRQHandler               
00000a8f  TIMG0_IRQHandler               
00000a8f  TIMG12_IRQHandler              
00000a8f  TIMG6_IRQHandler               
00000a8f  TIMG7_IRQHandler               
00000a8f  TIMG8_IRQHandler               
00000a8f  UART0_IRQHandler               
00000a8f  UART1_IRQHandler               
00000a8f  UART2_IRQHandler               
00000a8f  UART3_IRQHandler               
20200800  _CIOBUF_                       
20200800  __CIOBUF_                      
20208000  __STACK_END                    
00000200  __STACK_SIZE                   
00000800  __SYSMEM_SIZE                  
00000000  __TI_ATRegion0_region_sz       
00000000  __TI_ATRegion0_src_addr        
00000000  __TI_ATRegion0_trg_addr        
00000000  __TI_ATRegion1_region_sz       
00000000  __TI_ATRegion1_src_addr        
00000000  __TI_ATRegion1_trg_addr        
00000000  __TI_ATRegion2_region_sz       
00000000  __TI_ATRegion2_src_addr        
00000000  __TI_ATRegion2_trg_addr        
00001774  __TI_CINIT_Base                
00001784  __TI_CINIT_Limit               
00001784  __TI_CINIT_Warm                
00001760  __TI_Handler_Table_Base        
0000176c  __TI_Handler_Table_Limit       
0000126d  __TI_auto_init_nobinit_nopinit 
00001315  __TI_cleanup                   
20200c40  __TI_cleanup_ptr               
00000b1d  __TI_closefile                 
00000b99  __TI_decompress_lzss           
00001605  __TI_decompress_none           
000010bd  __TI_doflush                   
20200c44  __TI_dtors_ptr                 
20200c4c  __TI_ft_end                    
ffffffff  __TI_pprof_out_hndl            
000000c1  __TI_printfi_minimal           
ffffffff  __TI_prof_data_size            
ffffffff  __TI_prof_data_start           
00001349  __TI_readmsg                   
00000000  __TI_static_base__             
202009dc  __TI_tmpnams                   
0000137d  __TI_writemsg                  
00000e25  __TI_wrt_ok                    
000015c9  __TI_zero_init_nomemset        
00000f4f  __aeabi_idiv0                  
00001651  __aeabi_memclr                 
00001651  __aeabi_memclr4                
00001651  __aeabi_memclr8                
00001669  __aeabi_memcpy                 
00001669  __aeabi_memcpy4                
00001669  __aeabi_memcpy8                
00001625  __aeabi_memset                 
00001625  __aeabi_memset4                
00001625  __aeabi_memset8                
000011f1  __aeabi_uidiv                  
000011f1  __aeabi_uidivmod               
ffffffff  __binit__                      
UNDEFED   __mpu_init                     
20207e00  __stack                        
20200000  __start___llvm_prf_bits        
20200000  __start___llvm_prf_cnts        
20200000  __stop___llvm_prf_bits         
20200000  __stop___llvm_prf_cnts         
00001505  _c_int00_noargs                
20200b78  _device                        
20200a88  _ftable                        
20200c50  _lock                          
0000110f  _nop                           
20200bf0  _stream                        
20200000  _sys_memory                    
UNDEFED   _system_post_cinit             
00001695  _system_pre_init               
20200c54  _unlock                        
00001699  abort                          
00000345  aligned_alloc                  
ffffffff  binit                          
00001111  close                          
000013b1  exit                           
000012a9  finddevice                     
00000959  fputc                          
0000058d  fputs                          
00000791  free                           
00001681  fseek                          
00000ce9  fseeko                         
20200920  gTIMER_0Backup                 
00000d55  getdevice                      
00000000  interruptVectors               
000014b5  lseek                          
00000dbd  main                           
0000165d  malloc                         
00000345  memalign                       
00001551  memccpy                        
000009f5  memcpy                         
00000eed  memset                         
20200a7c  parmbuf                        
00000fb1  printf                         
0000152d  puts                           
00001689  remove                         
0000087d  setvbuf                        
20200c58  uint32_t_capturedValue         
20200c5d  uint8_t_button1Pressed         
20200c5e  uint8_t_button2Pressed         
00001411  unlink                         
000014dd  write                          


GLOBAL SYMBOLS: SORTED BY Symbol Address 

address   name                           
-------   ----                           
00000000  __TI_ATRegion0_region_sz       
00000000  __TI_ATRegion0_src_addr        
00000000  __TI_ATRegion0_trg_addr        
00000000  __TI_ATRegion1_region_sz       
00000000  __TI_ATRegion1_src_addr        
00000000  __TI_ATRegion1_trg_addr        
00000000  __TI_ATRegion2_region_sz       
00000000  __TI_ATRegion2_src_addr        
00000000  __TI_ATRegion2_trg_addr        
00000000  __TI_static_base__             
00000000  interruptVectors               
000000c1  __TI_printfi_minimal           
00000200  __STACK_SIZE                   
00000345  aligned_alloc                  
00000345  memalign                       
00000471  SYSCFG_DL_init                 
0000058d  fputs                          
00000691  DL_Timer_initTimerMode         
00000791  free                           
00000800  __SYSMEM_SIZE                  
0000087d  setvbuf                        
00000959  fputc                          
000009f5  memcpy                         
00000a8f  ADC0_IRQHandler                
00000a8f  ADC1_IRQHandler                
00000a8f  AES_IRQHandler                 
00000a8f  CANFD0_IRQHandler              
00000a8f  DAC0_IRQHandler                
00000a8f  DMA_IRQHandler                 
00000a8f  Default_Handler                
00000a8f  GROUP0_IRQHandler              
00000a8f  HardFault_Handler              
00000a8f  I2C0_IRQHandler                
00000a8f  I2C1_IRQHandler                
00000a8f  NMI_Handler                    
00000a8f  PendSV_Handler                 
00000a8f  RTC_IRQHandler                 
00000a8f  SPI0_IRQHandler                
00000a8f  SPI1_IRQHandler                
00000a8f  SVC_Handler                    
00000a8f  SysTick_Handler                
00000a8f  TIMA1_IRQHandler               
00000a8f  TIMG0_IRQHandler               
00000a8f  TIMG12_IRQHandler              
00000a8f  TIMG6_IRQHandler               
00000a8f  TIMG7_IRQHandler               
00000a8f  TIMG8_IRQHandler               
00000a8f  UART0_IRQHandler               
00000a8f  UART1_IRQHandler               
00000a8f  UART2_IRQHandler               
00000a8f  UART3_IRQHandler               
00000a91  GROUP1_IRQHandler              
00000b1d  __TI_closefile                 
00000b99  __TI_decompress_lzss           
00000c11  HOSTlseek                      
00000c7d  HOSTrename                     
00000ce9  fseeko                         
00000d55  getdevice                      
00000dbd  main                           
00000e25  __TI_wrt_ok                    
00000eed  memset                         
00000f4f  __aeabi_idiv0                  
00000f51  HOSTopen                       
00000fb1  printf                         
0000100d  HOSTread                       
00001065  HOSTwrite                      
000010bd  __TI_doflush                   
0000110f  _nop                           
00001111  close                          
00001161  HOSTclose                      
000011a9  HOSTunlink                     
000011f1  __aeabi_uidiv                  
000011f1  __aeabi_uidivmod               
00001231  DL_Timer_setCaptureCompareCtl  
0000126d  __TI_auto_init_nobinit_nopinit 
000012a9  finddevice                     
000012e1  DL_Timer_setClockConfig        
00001315  __TI_cleanup                   
00001349  __TI_readmsg                   
0000137d  __TI_writemsg                  
000013a9  C$$IO$$                        
000013b1  exit                           
000013e5  DL_Timer_setCaptureCompareValue
00001411  unlink                         
00001465  TIMA0_IRQHandler               
000014b5  lseek                          
000014dd  write                          
00001505  _c_int00_noargs                
0000152d  puts                           
00001551  memccpy                        
000015c9  __TI_zero_init_nomemset        
000015df  DL_Common_delayCycles          
00001605  __TI_decompress_none           
00001625  __aeabi_memset                 
00001625  __aeabi_memset4                
00001625  __aeabi_memset8                
00001651  __aeabi_memclr                 
00001651  __aeabi_memclr4                
00001651  __aeabi_memclr8                
0000165d  malloc                         
00001669  __aeabi_memcpy                 
00001669  __aeabi_memcpy4                
00001669  __aeabi_memcpy8                
00001681  fseek                          
00001689  remove                         
00001691  Reset_Handler                  
00001695  _system_pre_init               
00001698  C$$EXIT                        
00001699  abort                          
00001760  __TI_Handler_Table_Base        
0000176c  __TI_Handler_Table_Limit       
00001774  __TI_CINIT_Base                
00001784  __TI_CINIT_Limit               
00001784  __TI_CINIT_Warm                
20200000  __start___llvm_prf_bits        
20200000  __start___llvm_prf_cnts        
20200000  __stop___llvm_prf_bits         
20200000  __stop___llvm_prf_cnts         
20200000  _sys_memory                    
20200800  _CIOBUF_                       
20200800  __CIOBUF_                      
20200920  gTIMER_0Backup                 
202009dc  __TI_tmpnams                   
20200a7c  parmbuf                        
20200a88  _ftable                        
20200b78  _device                        
20200bf0  _stream                        
20200c40  __TI_cleanup_ptr               
20200c44  __TI_dtors_ptr                 
20200c48  TIMA0_CUSTOM                   
20200c4c  __TI_ft_end                    
20200c50  _lock                          
20200c54  _unlock                        
20200c58  uint32_t_capturedValue         
20200c5d  uint8_t_button1Pressed         
20200c5e  uint8_t_button2Pressed         
20207e00  __stack                        
20208000  __STACK_END                    
ffffffff  __TI_pprof_out_hndl            
ffffffff  __TI_prof_data_size            
ffffffff  __TI_prof_data_start           
ffffffff  __binit__                      
ffffffff  binit                          
UNDEFED   __mpu_init                     
UNDEFED   _system_post_cinit             

[145 symbols]
