******************************************************************************
            TI ARM Clang Linker PC v3.2.2                      
******************************************************************************
>> Linked Wed Jul 31 11:33:37 2024

OUTPUT FILE NAME:   <Assignment_4.out>
ENTRY POINT SYMBOL: "_c_int00_noargs"  address: 00001611


MEMORY CONFIGURATION

         name            origin    length      used     unused   attr    fill
----------------------  --------  ---------  --------  --------  ----  --------
  FLASH                 00000000   00020000  00001860  0001e7a0  R  X
  SRAM                  20200000   00008000  00000da9  00007257  RW X
  BCR_CONFIG            41c00000   00000080  00000000  00000080  R   
  BSL_CONFIG            41c00100   00000080  00000000  00000080  R   


SEGMENT ALLOCATION MAP

run origin  load origin   length   init length attrs members
----------  ----------- ---------- ----------- ----- -------
00000000    00000000    00001860   00001860    r-x
  00000000    00000000    000000c0   000000c0    r-- .intvecs
  000000c0    000000c0    000016d8   000016d8    r-x .text
  00001798    00001798    00000038   00000038    r-- .rodata
  000017d0    000017d0    00000090   00000090    r-- .cinit
20200000    20200000    00000bac   00000000    rw-
  20200000    20200000    00000800   00000000    rw- .sysmem
  20200800    20200800    000001dd   00000000    rw- .data
  202009e0    202009e0    000001cc   00000000    rw- .bss
20207e00    20207e00    00000200   00000000    rw-
  20207e00    20207e00    00000200   00000000    rw- .stack


SECTION ALLOCATION MAP

 output                                  attributes/
section   page    origin      length       input sections
--------  ----  ----------  ----------   ----------------
.intvecs   0    00000000    000000c0     
                  00000000    000000c0     startup_mspm0g350x_ticlang.o (.intvecs)

.text      0    000000c0    000016d8     
                  000000c0    00000284     libc.a : _printfi.c.obj (.text:__TI_printfi_minimal)
                  00000344    0000012c            : memory.c.obj (.text.aligned_alloc)
                  00000470    00000110     driverlib.a : dl_timer.o (.text.DL_Timer_initPWMMode)
                  00000580    00000104     libc.a : fputs.c.obj (.text.fputs)
                  00000684    000000ec            : memory.c.obj (.text.free)
                  00000770    000000dc            : setvbuf.c.obj (.text.setvbuf)
                  0000084c    000000d8     empty.o (.text.main)
                  00000924    0000009c     libc.a : fputc.c.obj (.text.fputc)
                  000009c0    0000009a            : memcpy16.S.obj (.text:memcpy)
                  00000a5a    00000002     startup_mspm0g350x_ticlang.o (.text.Default_Handler)
                  00000a5c    0000007c     ti_msp_dl_config.o (.text.SYSCFG_DL_PWM_0_init)
                  00000ad8    0000007c     libc.a : fclose.c.obj (.text.__TI_closefile)
                  00000b54    00000078            : copy_decompress_lzss.c.obj (.text:decompress:lzss)
                  00000bcc    0000006c     libsysbm.a : hostlseek.c.obj (.text.HOSTlseek)
                  00000c38    0000006c                : hostrename.c.obj (.text.HOSTrename)
                  00000ca4    0000006c     libc.a : fseek.c.obj (.text.fseeko)
                  00000d10    00000068            : getdevice.c.obj (.text.getdevice)
                  00000d78    00000064            : _io_perm.c.obj (.text.__TI_wrt_ok)
                  00000ddc    00000064            : memory.c.obj (.text.split)
                  00000e40    00000062            : memset16.S.obj (.text:memset)
                  00000ea2    00000002     libclang_rt.builtins.a : aeabi_div0.c.obj (.text.__aeabi_idiv0)
                  00000ea4    00000060     libsysbm.a : hostopen.c.obj (.text.HOSTopen)
                  00000f04    0000005c     libc.a : printf.c.obj (.text.printf)
                  00000f60    00000058     libsysbm.a : hostread.c.obj (.text.HOSTread)
                  00000fb8    00000058                : hostwrite.c.obj (.text.HOSTwrite)
                  00001010    00000052     libc.a : fflush.c.obj (.text.__TI_doflush)
                  00001062    00000002            : _lock.c.obj (.text._nop)
                  00001064    00000050     empty.o (.text.TIMG0_IRQHandler)
                  000010b4    00000050     libsysbm.a : close.c.obj (.text.close)
                  00001104    00000048                : hostclose.c.obj (.text.HOSTclose)
                  0000114c    00000048                : hostunlink.c.obj (.text.HOSTunlink)
                  00001194    00000040     driverlib.a : dl_timer.o (.text.DL_Timer_setCaptureCompareOutCtl)
                  000011d4    00000040     ti_msp_dl_config.o (.text.SYSCFG_DL_GPIO_init)
                  00001214    00000040     ti_msp_dl_config.o (.text.SYSCFG_DL_SYSCTL_init)
                  00001254    00000040     libclang_rt.builtins.a : aeabi_uidivmod.S.obj (.text.__aeabi_uidivmod)
                  00001294    0000003c     driverlib.a : dl_timer.o (.text.DL_Timer_setCaptureCompareCtl)
                  000012d0    0000003c     libc.a : autoinit.c.obj (.text:__TI_auto_init_nobinit_nopinit)
                  0000130c    00000038            : getdevice.c.obj (.text.finddevice)
                  00001344    00000034     driverlib.a : dl_timer.o (.text.DL_Timer_setCaptCompUpdateMethod)
                  00001378    00000034                 : dl_timer.o (.text.DL_Timer_setCaptureCompareAction)
                  000013ac    00000034                 : dl_timer.o (.text.DL_Timer_setCaptureCompareInput)
                  000013e0    00000034                 : dl_timer.o (.text.DL_Timer_setClockConfig)
                  00001414    00000034     ti_msp_dl_config.o (.text.SYSCFG_DL_initPower)
                  00001448    00000034     libc.a : fopen.c.obj (.text.__TI_cleanup)
                  0000147c    00000034     libsysbm.a : trgmsg.c.obj (.text.__TI_readmsg)
                  000014b0    00000034                : trgmsg.c.obj (.text.__TI_writemsg)
                  000014e4    00000034     libc.a : exit.c.obj (.text.exit)
                  00001518    0000002c     driverlib.a : dl_timer.o (.text.DL_Timer_setCaptureCompareValue)
                  00001544    0000002c     libsysbm.a : unlink.c.obj (.text.unlink)
                  00001570    00000028     driverlib.a : dl_timer.o (.text.DL_Common_updateReg)
                  00001598    00000028     libc.a : memory.c.obj (.text.free_list_insert)
                  000015c0    00000028     libsysbm.a : lseek.c.obj (.text.lseek)
                  000015e8    00000028                : write.c.obj (.text.write)
                  00001610    00000028     libc.a : boot_cortex_m.c.obj (.text:_c_int00_noargs)
                  00001638    00000022            : memccpy.c.obj (.text.memccpy)
                  0000165a    00000002     --HOLE-- [fill = 0]
                  0000165c    00000020     driverlib.a : dl_timer.o (.text.DL_Timer_setCounterValueAfterEnable)
                  0000167c    0000001c     libc.a : memory.c.obj (.text.free_list_remove)
                  00001698    00000018     driverlib.a : dl_timer.o (.text.DL_Timer_setLoadValue)
                  000016b0    00000016     libc.a : copy_zero_init.c.obj (.text:decompress:ZI:__TI_zero_init_nomemset)
                  000016c6    00000014     driverlib.a : dl_common.o (.text.DL_Common_delayCycles)
                  000016da    00000014     ti_msp_dl_config.o (.text.SYSCFG_DL_init)
                  000016ee    00000012     libsysbm.a : hostrename.c.obj (.text.strcpy)
                  00001700    00000012     libc.a : copy_decompress_none.c.obj (.text:decompress:none)
                  00001712    0000000e            : memory.c.obj (.text.OUTLINED_FUNCTION_0)
                  00001720    0000000e     libclang_rt.builtins.a : aeabi_memset.S.obj (.text.__aeabi_memset)
                  0000172e    0000000e     libc.a : _printfi.c.obj (.text.strlen)
                  0000173c    0000000e     libsysbm.a : hostrename.c.obj (.text.strlen)
                  0000174a    00000002     --HOLE-- [fill = 0]
                  0000174c    0000000c     libclang_rt.builtins.a : aeabi_memset.S.obj (.text.__aeabi_memclr)
                  00001758    0000000c     libc.a : memory.c.obj (.text.malloc)
                  00001764    00000008     libclang_rt.builtins.a : aeabi_memcpy.S.obj (.text.__aeabi_memcpy)
                  0000176c    00000008     libc.a : printf.c.obj (.text._outc)
                  00001774    00000008            : printf.c.obj (.text._outs)
                  0000177c    00000008            : fseek.c.obj (.text.fseek)
                  00001784    00000008     libsysbm.a : remove.c.obj (.text.remove)
                  0000178c    00000004     startup_mspm0g350x_ticlang.o (.text.Reset_Handler)
                  00001790    00000004     libc.a : pre_init.c.obj (.text._system_pre_init)
                  00001794    00000004            : exit.c.obj (.text:abort)

.cinit     0    000017d0    00000090     
                  000017d0    00000068     (.cinit..data.load) [load image, compression = lzss]
                  00001838    0000000c     (__TI_handler_table)
                  00001844    00000008     (.cinit..bss.load) [load image, compression = zero_init]
                  0000184c    00000010     (__TI_cinit_table)
                  0000185c    00000004     --HOLE-- [fill = 0]

.rodata    0    00001798    00000038     
                  00001798    00000011     libc.a : _printfi.c.obj (.rodata.str1.44690500295887128011)
                  000017a9    0000000c     empty.o (.rodata.str1.162906114796922795351)
                  000017b5    0000000c     empty.o (.rodata.str1.92454112862644078121)
                  000017c1    00000003     ti_msp_dl_config.o (.rodata.gPWM_0ClockConfig)
                  000017c4    00000008     ti_msp_dl_config.o (.rodata.gPWM_0Config)
                  000017cc    00000004     --HOLE-- [fill = 0]

.init_array 
*          0    00000000    00000000     UNINITIALIZED

.binit     0    00000000    00000000     

.sysmem    0    20200000    00000800     UNINITIALIZED
                  20200000    00000010     libc.a : memory.c.obj (.sysmem)
                  20200010    000007f0     --HOLE--

.data      0    20200800    000001dd     UNINITIALIZED
                  20200800    000000f0     libc.a : defs.c.obj (.data._ftable)
                  202008f0    00000078     libsysbm.a : host_device.c.obj (.data._device)
                  20200968    00000050                : host_device.c.obj (.data._stream)
                  202009b8    00000008     libc.a : exit.c.obj (.data..L_MergedGlobals)
                  202009c0    00000004            : defs.c.obj (.data.__TI_ft_end)
                  202009c4    00000004            : _lock.c.obj (.data._lock)
                  202009c8    00000004            : _lock.c.obj (.data._unlock)
                  202009cc    00000002     empty.o (.data.uint16_t_btn_1_current_state)
                  202009ce    00000002     empty.o (.data.uint16_t_btn_1_previous_state)
                  202009d0    00000002     empty.o (.data.uint16_t_btn_1_stable_state)
                  202009d2    00000002     empty.o (.data.uint16_t_btn_2_current_state)
                  202009d4    00000002     empty.o (.data.uint16_t_btn_2_previous_state)
                  202009d6    00000002     empty.o (.data.uint16_t_btn_2_stable_state)
                  202009d8    00000002     empty.o (.data.uint16_t_timer_count)
                  202009da    00000002     empty.o (.data.uint16_t_timer_delay)
                  202009dc    00000001     libc.a : memory.c.obj (.data.memory_is_initialized)

.bss       0    202009e0    000001cc     UNINITIALIZED
                  202009e0    00000120     libsysbm.a : trgmsg.c.obj (.bss:_CIOBUF_)
                  20200b00    000000a0     libc.a : defs.c.obj (.bss.__TI_tmpnams)
                  20200ba0    00000008     libsysbm.a : hostopen.c.obj (.bss.parmbuf)
                  20200ba8    00000004     libc.a : memory.c.obj (.bss.sys_free)

.stack     0    20207e00    00000200     UNINITIALIZED
                  20207e00    00000004     libc.a : boot_cortex_m.c.obj (.stack)
                  20207e04    000001fc     --HOLE--

__llvm_prf_cnts 
*          0    20200000    00000000     UNINITIALIZED

__llvm_prf_bits 
*          0    20200000    00000000     UNINITIALIZED

MODULE SUMMARY

       Module                         code   ro data   rw data
       ------                         ----   -------   -------
    .\
       empty.o                        296    24        16     
       ti_msp_dl_config.o             324    11        0      
       startup_mspm0g350x_ticlang.o   6      192       0      
    +--+------------------------------+------+---------+---------+
       Total:                         626    227       16     
                                                              
    C:/ti/mspm0_sdk_2_01_00_03/source/ti/driverlib/lib/ticlang/m0p/mspm0g1x0x_g3x0x/driverlib.a
       dl_timer.o                     744    0         0      
       dl_common.o                    20     0         0      
    +--+------------------------------+------+---------+---------+
       Total:                         764    0         0      
                                                              
    C:\ti\ccs1271\ccs\tools\compiler\ti-cgt-armllvm_3.2.2.LTS\lib\armv6m-ti-none-eabi/c/libc.a
       memory.c.obj                   730    0         5      
       _printfi.c.obj                 658    17        0      
       defs.c.obj                     0      0         404    
       fputs.c.obj                    260    0         0      
       setvbuf.c.obj                  220    0         0      
       getdevice.c.obj                160    0         0      
       fputc.c.obj                    156    0         0      
       memcpy16.S.obj                 154    0         0      
       fclose.c.obj                   124    0         0      
       copy_decompress_lzss.c.obj     120    0         0      
       fseek.c.obj                    116    0         0      
       printf.c.obj                   108    0         0      
       _io_perm.c.obj                 100    0         0      
       memset16.S.obj                 98     0         0      
       fflush.c.obj                   82     0         0      
       exit.c.obj                     56     0         8      
       autoinit.c.obj                 60     0         0      
       fopen.c.obj                    52     0         0      
       boot_cortex_m.c.obj            40     0         0      
       memccpy.c.obj                  34     0         0      
       copy_zero_init.c.obj           22     0         0      
       copy_decompress_none.c.obj     18     0         0      
       _lock.c.obj                    2      0         8      
       pre_init.c.obj                 4      0         0      
    +--+------------------------------+------+---------+---------+
       Total:                         3374   17        425    
                                                              
    C:\ti\ccs1271\ccs\tools\compiler\ti-cgt-armllvm_3.2.2.LTS\lib\armv6m-ti-none-eabi/c/libsysbm.a
       trgmsg.c.obj                   104    0         288    
       host_device.c.obj              0      0         200    
       hostrename.c.obj               140    0         0      
       hostlseek.c.obj                108    0         0      
       hostopen.c.obj                 96     0         8      
       hostread.c.obj                 88     0         0      
       hostwrite.c.obj                88     0         0      
       close.c.obj                    80     0         0      
       hostclose.c.obj                72     0         0      
       hostunlink.c.obj               72     0         0      
       unlink.c.obj                   44     0         0      
       lseek.c.obj                    40     0         0      
       write.c.obj                    40     0         0      
       remove.c.obj                   8      0         0      
    +--+------------------------------+------+---------+---------+
       Total:                         980    0         496    
                                                              
    C:\ti\ccs1271\ccs\tools\compiler\ti-cgt-armllvm_3.2.2.LTS\lib\clang/15.0.7/lib/armv6m-ti-none-eabi/libclang_rt.builtins.a
       aeabi_uidivmod.S.obj           64     0         0      
       aeabi_memset.S.obj             26     0         0      
       aeabi_memcpy.S.obj             8      0         0      
       aeabi_div0.c.obj               2      0         0      
    +--+------------------------------+------+---------+---------+
       Total:                         100    0         0      
                                                              
       Heap:                          0      0         2048   
       Stack:                         0      0         512    
       Linker Generated:              0      140       0      
    +--+------------------------------+------+---------+---------+
       Grand Total:                   5844   384       3497   


LINKER GENERATED COPY TABLES

__TI_cinit_table @ 0000184c records: 2, size/record: 8, table size: 16
	.data: load addr=000017d0, load size=00000068 bytes, run addr=20200800, run size=000001dd bytes, compression=lzss
	.bss: load addr=00001844, load size=00000008 bytes, run addr=202009e0, run size=000001cc bytes, compression=zero_init


LINKER GENERATED HANDLER TABLE

__TI_handler_table @ 00001838 records: 3, size/record: 4, table size: 12
	index: 0, handler: __TI_decompress_lzss
	index: 1, handler: __TI_decompress_none
	index: 2, handler: __TI_zero_init


GLOBAL SYMBOLS: SORTED ALPHABETICALLY BY Name 

address   name                            
-------   ----                            
00000a5b  ADC0_IRQHandler                 
00000a5b  ADC1_IRQHandler                 
00000a5b  AES_IRQHandler                  
00001794  C$$EXIT                         
000014dd  C$$IO$$                         
00000a5b  CANFD0_IRQHandler               
00000a5b  DAC0_IRQHandler                 
000016c7  DL_Common_delayCycles           
00000471  DL_Timer_initPWMMode            
00001345  DL_Timer_setCaptCompUpdateMethod
00001379  DL_Timer_setCaptureCompareAction
00001295  DL_Timer_setCaptureCompareCtl   
000013ad  DL_Timer_setCaptureCompareInput 
00001195  DL_Timer_setCaptureCompareOutCtl
00001519  DL_Timer_setCaptureCompareValue 
000013e1  DL_Timer_setClockConfig         
00000a5b  DMA_IRQHandler                  
00000a5b  Default_Handler                 
00000a5b  GROUP0_IRQHandler               
00000a5b  GROUP1_IRQHandler               
00001105  HOSTclose                       
00000bcd  HOSTlseek                       
00000ea5  HOSTopen                        
00000f61  HOSTread                        
00000c39  HOSTrename                      
0000114d  HOSTunlink                      
00000fb9  HOSTwrite                       
00000a5b  HardFault_Handler               
00000a5b  I2C0_IRQHandler                 
00000a5b  I2C1_IRQHandler                 
00000a5b  NMI_Handler                     
00000a5b  PendSV_Handler                  
00000a5b  RTC_IRQHandler                  
0000178d  Reset_Handler                   
00000a5b  SPI0_IRQHandler                 
00000a5b  SPI1_IRQHandler                 
00000a5b  SVC_Handler                     
000011d5  SYSCFG_DL_GPIO_init             
00000a5d  SYSCFG_DL_PWM_0_init            
00001215  SYSCFG_DL_SYSCTL_init           
000016db  SYSCFG_DL_init                  
00001415  SYSCFG_DL_initPower             
00000a5b  SysTick_Handler                 
00000a5b  TIMA0_IRQHandler                
00000a5b  TIMA1_IRQHandler                
00001065  TIMG0_IRQHandler                
00000a5b  TIMG12_IRQHandler               
00000a5b  TIMG6_IRQHandler                
00000a5b  TIMG7_IRQHandler                
00000a5b  TIMG8_IRQHandler                
00000a5b  UART0_IRQHandler                
00000a5b  UART1_IRQHandler                
00000a5b  UART2_IRQHandler                
00000a5b  UART3_IRQHandler                
202009e0  _CIOBUF_                        
202009e0  __CIOBUF_                       
20208000  __STACK_END                     
00000200  __STACK_SIZE                    
00000800  __SYSMEM_SIZE                   
00000000  __TI_ATRegion0_region_sz        
00000000  __TI_ATRegion0_src_addr         
00000000  __TI_ATRegion0_trg_addr         
00000000  __TI_ATRegion1_region_sz        
00000000  __TI_ATRegion1_src_addr         
00000000  __TI_ATRegion1_trg_addr         
00000000  __TI_ATRegion2_region_sz        
00000000  __TI_ATRegion2_src_addr         
00000000  __TI_ATRegion2_trg_addr         
0000184c  __TI_CINIT_Base                 
0000185c  __TI_CINIT_Limit                
0000185c  __TI_CINIT_Warm                 
00001838  __TI_Handler_Table_Base         
00001844  __TI_Handler_Table_Limit        
000012d1  __TI_auto_init_nobinit_nopinit  
00001449  __TI_cleanup                    
202009b8  __TI_cleanup_ptr                
00000ad9  __TI_closefile                  
00000b55  __TI_decompress_lzss            
00001701  __TI_decompress_none            
00001011  __TI_doflush                    
202009bc  __TI_dtors_ptr                  
202009c0  __TI_ft_end                     
ffffffff  __TI_pprof_out_hndl             
000000c1  __TI_printfi_minimal            
ffffffff  __TI_prof_data_size             
ffffffff  __TI_prof_data_start            
0000147d  __TI_readmsg                    
00000000  __TI_static_base__              
20200b00  __TI_tmpnams                    
000014b1  __TI_writemsg                   
00000d79  __TI_wrt_ok                     
000016b1  __TI_zero_init_nomemset         
00000ea3  __aeabi_idiv0                   
0000174d  __aeabi_memclr                  
0000174d  __aeabi_memclr4                 
0000174d  __aeabi_memclr8                 
00001765  __aeabi_memcpy                  
00001765  __aeabi_memcpy4                 
00001765  __aeabi_memcpy8                 
00001721  __aeabi_memset                  
00001721  __aeabi_memset4                 
00001721  __aeabi_memset8                 
00001255  __aeabi_uidiv                   
00001255  __aeabi_uidivmod                
ffffffff  __binit__                       
UNDEFED   __mpu_init                      
20207e00  __stack                         
20200000  __start___llvm_prf_bits         
20200000  __start___llvm_prf_cnts         
20200000  __stop___llvm_prf_bits          
20200000  __stop___llvm_prf_cnts          
00001611  _c_int00_noargs                 
202008f0  _device                         
20200800  _ftable                         
202009c4  _lock                           
00001063  _nop                            
20200968  _stream                         
20200000  _sys_memory                     
UNDEFED   _system_post_cinit              
00001791  _system_pre_init                
202009c8  _unlock                         
00001795  abort                           
00000345  aligned_alloc                   
ffffffff  binit                           
000010b5  close                           
000014e5  exit                            
0000130d  finddevice                      
00000925  fputc                           
00000581  fputs                           
00000685  free                            
0000177d  fseek                           
00000ca5  fseeko                          
00000d11  getdevice                       
00000000  interruptVectors                
000015c1  lseek                           
0000084d  main                            
00001759  malloc                          
00000345  memalign                        
00001639  memccpy                         
000009c1  memcpy                          
00000e41  memset                          
20200ba0  parmbuf                         
00000f05  printf                          
00001785  remove                          
00000771  setvbuf                         
202009cc  uint16_t_btn_1_current_state    
202009ce  uint16_t_btn_1_previous_state   
202009d0  uint16_t_btn_1_stable_state     
202009d2  uint16_t_btn_2_current_state    
202009d4  uint16_t_btn_2_previous_state   
202009d6  uint16_t_btn_2_stable_state     
202009d8  uint16_t_timer_count            
202009da  uint16_t_timer_delay            
00001545  unlink                          
000015e9  write                           


GLOBAL SYMBOLS: SORTED BY Symbol Address 

address   name                            
-------   ----                            
00000000  __TI_ATRegion0_region_sz        
00000000  __TI_ATRegion0_src_addr         
00000000  __TI_ATRegion0_trg_addr         
00000000  __TI_ATRegion1_region_sz        
00000000  __TI_ATRegion1_src_addr         
00000000  __TI_ATRegion1_trg_addr         
00000000  __TI_ATRegion2_region_sz        
00000000  __TI_ATRegion2_src_addr         
00000000  __TI_ATRegion2_trg_addr         
00000000  __TI_static_base__              
00000000  interruptVectors                
000000c1  __TI_printfi_minimal            
00000200  __STACK_SIZE                    
00000345  aligned_alloc                   
00000345  memalign                        
00000471  DL_Timer_initPWMMode            
00000581  fputs                           
00000685  free                            
00000771  setvbuf                         
00000800  __SYSMEM_SIZE                   
0000084d  main                            
00000925  fputc                           
000009c1  memcpy                          
00000a5b  ADC0_IRQHandler                 
00000a5b  ADC1_IRQHandler                 
00000a5b  AES_IRQHandler                  
00000a5b  CANFD0_IRQHandler               
00000a5b  DAC0_IRQHandler                 
00000a5b  DMA_IRQHandler                  
00000a5b  Default_Handler                 
00000a5b  GROUP0_IRQHandler               
00000a5b  GROUP1_IRQHandler               
00000a5b  HardFault_Handler               
00000a5b  I2C0_IRQHandler                 
00000a5b  I2C1_IRQHandler                 
00000a5b  NMI_Handler                     
00000a5b  PendSV_Handler                  
00000a5b  RTC_IRQHandler                  
00000a5b  SPI0_IRQHandler                 
00000a5b  SPI1_IRQHandler                 
00000a5b  SVC_Handler                     
00000a5b  SysTick_Handler                 
00000a5b  TIMA0_IRQHandler                
00000a5b  TIMA1_IRQHandler                
00000a5b  TIMG12_IRQHandler               
00000a5b  TIMG6_IRQHandler                
00000a5b  TIMG7_IRQHandler                
00000a5b  TIMG8_IRQHandler                
00000a5b  UART0_IRQHandler                
00000a5b  UART1_IRQHandler                
00000a5b  UART2_IRQHandler                
00000a5b  UART3_IRQHandler                
00000a5d  SYSCFG_DL_PWM_0_init            
00000ad9  __TI_closefile                  
00000b55  __TI_decompress_lzss            
00000bcd  HOSTlseek                       
00000c39  HOSTrename                      
00000ca5  fseeko                          
00000d11  getdevice                       
00000d79  __TI_wrt_ok                     
00000e41  memset                          
00000ea3  __aeabi_idiv0                   
00000ea5  HOSTopen                        
00000f05  printf                          
00000f61  HOSTread                        
00000fb9  HOSTwrite                       
00001011  __TI_doflush                    
00001063  _nop                            
00001065  TIMG0_IRQHandler                
000010b5  close                           
00001105  HOSTclose                       
0000114d  HOSTunlink                      
00001195  DL_Timer_setCaptureCompareOutCtl
000011d5  SYSCFG_DL_GPIO_init             
00001215  SYSCFG_DL_SYSCTL_init           
00001255  __aeabi_uidiv                   
00001255  __aeabi_uidivmod                
00001295  DL_Timer_setCaptureCompareCtl   
000012d1  __TI_auto_init_nobinit_nopinit  
0000130d  finddevice                      
00001345  DL_Timer_setCaptCompUpdateMethod
00001379  DL_Timer_setCaptureCompareAction
000013ad  DL_Timer_setCaptureCompareInput 
000013e1  DL_Timer_setClockConfig         
00001415  SYSCFG_DL_initPower             
00001449  __TI_cleanup                    
0000147d  __TI_readmsg                    
000014b1  __TI_writemsg                   
000014dd  C$$IO$$                         
000014e5  exit                            
00001519  DL_Timer_setCaptureCompareValue 
00001545  unlink                          
000015c1  lseek                           
000015e9  write                           
00001611  _c_int00_noargs                 
00001639  memccpy                         
000016b1  __TI_zero_init_nomemset         
000016c7  DL_Common_delayCycles           
000016db  SYSCFG_DL_init                  
00001701  __TI_decompress_none            
00001721  __aeabi_memset                  
00001721  __aeabi_memset4                 
00001721  __aeabi_memset8                 
0000174d  __aeabi_memclr                  
0000174d  __aeabi_memclr4                 
0000174d  __aeabi_memclr8                 
00001759  malloc                          
00001765  __aeabi_memcpy                  
00001765  __aeabi_memcpy4                 
00001765  __aeabi_memcpy8                 
0000177d  fseek                           
00001785  remove                          
0000178d  Reset_Handler                   
00001791  _system_pre_init                
00001794  C$$EXIT                         
00001795  abort                           
00001838  __TI_Handler_Table_Base         
00001844  __TI_Handler_Table_Limit        
0000184c  __TI_CINIT_Base                 
0000185c  __TI_CINIT_Limit                
0000185c  __TI_CINIT_Warm                 
20200000  __start___llvm_prf_bits         
20200000  __start___llvm_prf_cnts         
20200000  __stop___llvm_prf_bits          
20200000  __stop___llvm_prf_cnts          
20200000  _sys_memory                     
20200800  _ftable                         
202008f0  _device                         
20200968  _stream                         
202009b8  __TI_cleanup_ptr                
202009bc  __TI_dtors_ptr                  
202009c0  __TI_ft_end                     
202009c4  _lock                           
202009c8  _unlock                         
202009cc  uint16_t_btn_1_current_state    
202009ce  uint16_t_btn_1_previous_state   
202009d0  uint16_t_btn_1_stable_state     
202009d2  uint16_t_btn_2_current_state    
202009d4  uint16_t_btn_2_previous_state   
202009d6  uint16_t_btn_2_stable_state     
202009d8  uint16_t_timer_count            
202009da  uint16_t_timer_delay            
202009e0  _CIOBUF_                        
202009e0  __CIOBUF_                       
20200b00  __TI_tmpnams                    
20200ba0  parmbuf                         
20207e00  __stack                         
20208000  __STACK_END                     
ffffffff  __TI_pprof_out_hndl             
ffffffff  __TI_prof_data_size             
ffffffff  __TI_prof_data_start            
ffffffff  __binit__                       
ffffffff  binit                           
UNDEFED   __mpu_init                      
UNDEFED   _system_post_cinit              

[155 symbols]
