******************************************************************************
            TI ARM Clang Linker PC v3.2.2                      
******************************************************************************
>> Linked Mon Oct 21 16:57:04 2024

OUTPUT FILE NAME:   <05_Can_rx.out>
ENTRY POINT SYMBOL: "_c_int00_noargs"  address: 00002329


MEMORY CONFIGURATION

         name            origin    length      used     unused   attr    fill
----------------------  --------  ---------  --------  --------  ----  --------
  FLASH                 00000000   00020000  00002818  0001d7e8  R  X
  SRAM                  20200000   00008000  00000d9e  00007262  RW X
  BCR_CONFIG            41c00000   00000080  00000000  00000080  R   
  BSL_CONFIG            41c00100   00000080  00000000  00000080  R   


SEGMENT ALLOCATION MAP

run origin  load origin   length   init length attrs members
----------  ----------- ---------- ----------- ----- -------
00000000    00000000    00002818   00002818    r-x
  00000000    00000000    000000c0   000000c0    r-- .intvecs
  000000c0    000000c0    00002558   00002558    r-x .text
  00002618    00002618    00000178   00000178    r-- .rodata
  00002790    00002790    00000088   00000088    r-- .cinit
20200000    20200000    00000ba1   00000000    rw-
  20200000    20200000    00000800   00000000    rw- .sysmem
  20200800    20200800    000001d1   00000000    rw- .bss
  202009d4    202009d4    000001cd   00000000    rw- .data
20207e00    20207e00    00000200   00000000    rw-
  20207e00    20207e00    00000200   00000000    rw- .stack


SECTION ALLOCATION MAP

 output                                  attributes/
section   page    origin      length       input sections
--------  ----  ----------  ----------   ----------------
.intvecs   0    00000000    000000c0     
                  00000000    000000c0     startup_mspm0g350x_ticlang.o (.intvecs)

.text      0    000000c0    00002558     
                  000000c0    000002a8     driverlib.a : dl_mcan.o (.text.DL_MCAN_msgRAMConfig)
                  00000368    00000284     libc.a : _printfi.c.obj (.text:__TI_printfi_minimal)
                  000005ec    00000184     driverlib.a : dl_mcan.o (.text.DL_MCAN_init)
                  00000770    0000017e                 : dl_mcan.o (.text.DL_MCAN_readMsg)
                  000008ee    00000002     startup_mspm0g350x_ticlang.o (.text.Default_Handler)
                  000008f0    00000144     driverlib.a : dl_mcan.o (.text.DL_MCAN_setBitTime)
                  00000a34    00000130                 : dl_mcan.o (.text.DL_MCAN_readMsgRam)
                  00000b64    0000012c                 : dl_mcan.o (.text.DL_MCAN_config)
                  00000c90    0000012c     libc.a : memory.c.obj (.text.aligned_alloc)
                  00000dbc    0000012c     empty.o (.text.main)
                  00000ee8    0000011c     ti_msp_dl_config.o (.text.SYSCFG_DL_MCAN0_init)
                  00001004    00000104     libc.a : fputs.c.obj (.text.fputs)
                  00001108    000000ec            : memory.c.obj (.text.free)
                  000011f4    000000dc            : setvbuf.c.obj (.text.setvbuf)
                  000012d0    000000c4     driverlib.a : dl_mcan.o (.text.DL_MCAN_getRxFIFOStatus)
                  00001394    000000b8                 : dl_mcan.o (.text.DL_MCAN_writeRxFIFOAck)
                  0000144c    0000009c     libc.a : fputc.c.obj (.text.fputc)
                  000014e8    0000009a            : memcpy16.S.obj (.text:memcpy)
                  00001582    00000002     libclang_rt.builtins.a : aeabi_div0.c.obj (.text.__aeabi_idiv0)
                  00001584    00000094     driverlib.a : dl_mcan.o (.text.DL_MCAN_getRevisionId)
                  00001618    0000007c     libc.a : fclose.c.obj (.text.__TI_closefile)
                  00001694    00000078            : copy_decompress_lzss.c.obj (.text:decompress:lzss)
                  0000170c    00000074     driverlib.a : dl_mcan.o (.text.DL_MCAN_addStdMsgIDFilter)
                  00001780    0000006c     libsysbm.a : hostlseek.c.obj (.text.HOSTlseek)
                  000017ec    0000006c                : hostrename.c.obj (.text.HOSTrename)
                  00001858    0000006c     libc.a : fseek.c.obj (.text.fseeko)
                  000018c4    00000068     driverlib.a : dl_mcan.o (.text.DL_MCAN_enableIntr)
                  0000192c    00000068     libc.a : getdevice.c.obj (.text.getdevice)
                  00001994    00000064     driverlib.a : dl_mcan.o (.text.DL_MCAN_selectIntrLine)
                  000019f8    00000064                 : dl_sysctl_mspm0g1x0x_g3x0x.o (.text.DL_SYSCTL_setHFCLKSourceHFXTParams)
                  00001a5c    00000064     libc.a : _io_perm.c.obj (.text.__TI_wrt_ok)
                  00001ac0    00000064            : memory.c.obj (.text.split)
                  00001b24    00000062            : memset16.S.obj (.text:memset)
                  00001b86    00000002            : _lock.c.obj (.text._nop)
                  00001b88    00000060     libsysbm.a : hostopen.c.obj (.text.HOSTopen)
                  00001be8    0000005c     libc.a : printf.c.obj (.text.printf)
                  00001c44    00000058     driverlib.a : dl_mcan.o (.text.DL_MCAN_enableIntrLine)
                  00001c9c    00000058     libsysbm.a : hostread.c.obj (.text.HOSTread)
                  00001cf4    00000058                : hostwrite.c.obj (.text.HOSTwrite)
                  00001d4c    00000052     libc.a : fflush.c.obj (.text.__TI_doflush)
                  00001d9e    00000002     --HOLE-- [fill = 0]
                  00001da0    00000050     libsysbm.a : close.c.obj (.text.close)
                  00001df0    0000004c     driverlib.a : dl_mcan.o (.text.DL_MCAN_setExtIDAndMask)
                  00001e3c    00000048     libsysbm.a : hostclose.c.obj (.text.HOSTclose)
                  00001e84    00000048                : hostunlink.c.obj (.text.HOSTunlink)
                  00001ecc    00000040     empty.o (.text.CANFD0_IRQHandler)
                  00001f0c    00000040     driverlib.a : dl_mcan.o (.text.DL_MCAN_isMemInitDone)
                  00001f4c    00000040     libclang_rt.builtins.a : aeabi_uidivmod.S.obj (.text.__aeabi_uidivmod)
                  00001f8c    0000003c     libc.a : autoinit.c.obj (.text:__TI_auto_init_nobinit_nopinit)
                  00001fc8    00000038     ti_msp_dl_config.o (.text.SYSCFG_DL_GPIO_init)
                  00002000    00000038     ti_msp_dl_config.o (.text.SYSCFG_DL_SYSCTL_init)
                  00002038    00000038     libc.a : getdevice.c.obj (.text.finddevice)
                  00002070    00000034     driverlib.a : dl_mcan.o (.text.DL_MCAN_clearIntrStatus)
                  000020a4    00000034     ti_msp_dl_config.o (.text.SYSCFG_DL_initPower)
                  000020d8    00000034     libc.a : fopen.c.obj (.text.__TI_cleanup)
                  0000210c    00000034     libsysbm.a : trgmsg.c.obj (.text.__TI_readmsg)
                  00002140    00000034                : trgmsg.c.obj (.text.__TI_writemsg)
                  00002174    00000034     libc.a : exit.c.obj (.text.exit)
                  000021a8    00000032     driverlib.a : dl_mcan.o (.text.HW_WR_FIELD32_RAW)
                  000021da    00000002     --HOLE-- [fill = 0]
                  000021dc    0000002c                 : dl_mcan.o (.text.DL_MCAN_getDataSize)
                  00002208    0000002c                 : dl_mcan.o (.text.DL_MCAN_setClockConfig)
                  00002234    0000002c     libsysbm.a : unlink.c.obj (.text.unlink)
                  00002260    00000028     driverlib.a : dl_mcan.o (.text.DL_Common_updateReg)
                  00002288    00000028                 : dl_sysctl_mspm0g1x0x_g3x0x.o (.text.DL_Common_updateReg)
                  000022b0    00000028     libc.a : memory.c.obj (.text.free_list_insert)
                  000022d8    00000028     libsysbm.a : lseek.c.obj (.text.lseek)
                  00002300    00000028                : write.c.obj (.text.write)
                  00002328    00000028     libc.a : boot_cortex_m.c.obj (.text:_c_int00_noargs)
                  00002350    00000024     driverlib.a : dl_mcan.o (.text.DL_MCAN_getMsgObjSize)
                  00002374    00000024     ti_msp_dl_config.o (.text.SYSCFG_DL_SYSCTL_CLK_init)
                  00002398    00000022     libc.a : memccpy.c.obj (.text.memccpy)
                  000023ba    00000002     --HOLE-- [fill = 0]
                  000023bc    00000020     driverlib.a : dl_mcan.o (.text.DL_MCAN_setOpMode)
                  000023dc    00000020                 : dl_mcan.o (.text.DL_MCAN_writeProtectedRegAccessLock)
                  000023fc    00000020                 : dl_mcan.o (.text.DL_MCAN_writeProtectedRegAccessUnlock)
                  0000241c    00000020                 : dl_sysctl_mspm0g1x0x_g3x0x.o (.text.DL_SYSCTL_setHFXTFrequencyRange)
                  0000243c    00000020                 : dl_mcan.o (.text.HW_RD_FIELD32_RAW)
                  0000245c    0000001c                 : dl_mcan.o (.text.DL_MCAN_getOpMode)
                  00002478    0000001c     libc.a : memory.c.obj (.text.free_list_remove)
                  00002494    00000018     driverlib.a : dl_mcan.o (.text.DL_MCAN_getIntrStatus)
                  000024ac    00000018                 : dl_sysctl_mspm0g1x0x_g3x0x.o (.text.DL_SYSCTL_setHFXTStartupTime)
                  000024c4    00000018     ti_msp_dl_config.o (.text.SYSCFG_DL_init)
                  000024dc    00000016     libc.a : copy_zero_init.c.obj (.text:decompress:ZI:__TI_zero_init_nomemset)
                  000024f2    00000014     driverlib.a : dl_common.o (.text.DL_Common_delayCycles)
                  00002506    00000002     --HOLE-- [fill = 0]
                  00002508    00000014                 : dl_sysctl_mspm0g1x0x_g3x0x.o (.text.DL_SYSCTL_disableHFCLKStartupMonitor)
                  0000251c    00000014                 : dl_sysctl_mspm0g1x0x_g3x0x.o (.text.DL_SYSCTL_enableHFCLKStartupMonitor)
                  00002530    00000012     libsysbm.a : hostrename.c.obj (.text.strcpy)
                  00002542    00000012     libc.a : copy_decompress_none.c.obj (.text:decompress:none)
                  00002554    00000010     driverlib.a : dl_sysctl_mspm0g1x0x_g3x0x.o (.text.DL_SYSCTL_disableHFXT)
                  00002564    00000010                 : dl_mcan.o (.text.HW_RD_REG32_RAW)
                  00002574    00000010                 : dl_mcan.o (.text.HW_WR_REG32_RAW)
                  00002584    0000000e     libc.a : memory.c.obj (.text.OUTLINED_FUNCTION_0)
                  00002592    00000002     --HOLE-- [fill = 0]
                  00002594    0000000e     libclang_rt.builtins.a : aeabi_memset.S.obj (.text.__aeabi_memset)
                  000025a2    0000000e     libc.a : _printfi.c.obj (.text.strlen)
                  000025b0    0000000e     libsysbm.a : hostrename.c.obj (.text.strlen)
                  000025be    00000002     --HOLE-- [fill = 0]
                  000025c0    0000000c     driverlib.a : dl_sysctl_mspm0g1x0x_g3x0x.o (.text.DL_SYSCTL_getClockStatus)
                  000025cc    0000000c     libclang_rt.builtins.a : aeabi_memset.S.obj (.text.__aeabi_memclr)
                  000025d8    0000000c     libc.a : memory.c.obj (.text.malloc)
                  000025e4    00000008     libclang_rt.builtins.a : aeabi_memcpy.S.obj (.text.__aeabi_memcpy)
                  000025ec    00000008     libc.a : printf.c.obj (.text._outc)
                  000025f4    00000008            : printf.c.obj (.text._outs)
                  000025fc    00000008            : fseek.c.obj (.text.fseek)
                  00002604    00000008     libsysbm.a : remove.c.obj (.text.remove)
                  0000260c    00000004     startup_mspm0g350x_ticlang.o (.text.Reset_Handler)
                  00002610    00000004     libc.a : pre_init.c.obj (.text._system_pre_init)
                  00002614    00000004            : exit.c.obj (.text:abort)

.cinit     0    00002790    00000088     
                  00002790    00000062     (.cinit..data.load) [load image, compression = lzss]
                  000027f2    00000002     --HOLE-- [fill = 0]
                  000027f4    0000000c     (__TI_handler_table)
                  00002800    00000008     (.cinit..bss.load) [load image, compression = zero_init]
                  00002808    00000010     (__TI_cinit_table)

.rodata    0    00002618    00000178     
                  00002618    00000060     ti_msp_dl_config.o (.rodata.gMCAN0MsgRAMConfigParams)
                  00002678    00000040     driverlib.a : dl_mcan.o (.rodata..L__const.DL_MCAN_getDataSize.dataSize)
                  000026b8    00000034     ti_msp_dl_config.o (.rodata.gMCAN0InitParams)
                  000026ec    0000002c     ti_msp_dl_config.o (.rodata.gMCAN0ConfigParams)
                  00002718    00000020     driverlib.a : dl_mcan.o (.rodata.cst32)
                  00002738    00000020     ti_msp_dl_config.o (.rodata.gMCAN0BitTimes)
                  00002758    00000011     libc.a : _printfi.c.obj (.rodata.str1.44690500295887128011)
                  00002769    00000003     --HOLE-- [fill = 0]
                  0000276c    00000010     ti_msp_dl_config.o (.rodata.gMCAN0StdFiltelem)
                  0000277c    00000006     empty.o (.rodata.str1.162906114796922795351)
                  00002782    00000006     empty.o (.rodata.str1.92454112862644078121)
                  00002788    00000004     ti_msp_dl_config.o (.rodata.gMCAN0ClockConf)
                  0000278c    00000004     --HOLE-- [fill = 0]

.init_array 
*          0    00000000    00000000     UNINITIALIZED

.binit     0    00000000    00000000     

.sysmem    0    20200000    00000800     UNINITIALIZED
                  20200000    00000010     libc.a : memory.c.obj (.sysmem)
                  20200010    000007f0     --HOLE--

.bss       0    20200800    000001d1     UNINITIALIZED
                  20200800    00000120     libsysbm.a : trgmsg.c.obj (.bss:_CIOBUF_)
                  20200920    000000a0     libc.a : defs.c.obj (.bss.__TI_tmpnams)
                  202009c0    00000008     libsysbm.a : hostopen.c.obj (.bss.parmbuf)
                  202009c8    00000004     libc.a : memory.c.obj (.bss.sys_free)
                  202009cc    00000004     (.common:gInterruptLine1Status)
                  202009d0    00000001     (.common:gServiceInt)

.data      0    202009d4    000001cd     UNINITIALIZED
                  202009d4    000000f0     libc.a : defs.c.obj (.data._ftable)
                  20200ac4    00000078     libsysbm.a : host_device.c.obj (.data._device)
                  20200b3c    00000050                : host_device.c.obj (.data._stream)
                  20200b8c    00000008     libc.a : exit.c.obj (.data..L_MergedGlobals)
                  20200b94    00000004            : defs.c.obj (.data.__TI_ft_end)
                  20200b98    00000004            : _lock.c.obj (.data._lock)
                  20200b9c    00000004            : _lock.c.obj (.data._unlock)
                  20200ba0    00000001            : memory.c.obj (.data.memory_is_initialized)

.stack     0    20207e00    00000200     UNINITIALIZED
                  20207e00    00000004     libc.a : boot_cortex_m.c.obj (.stack)
                  20207e04    000001fc     --HOLE--

__llvm_prf_cnts 
*          0    20200000    00000000     UNINITIALIZED

__llvm_prf_bits 
*          0    20200000    00000000     UNINITIALIZED

MODULE SUMMARY

       Module                         code   ro data   rw data
       ------                         ----   -------   -------
    .\
       ti_msp_dl_config.o             508    244       0      
       empty.o                        364    12        5      
       startup_mspm0g350x_ticlang.o   6      192       0      
    +--+------------------------------+------+---------+---------+
       Total:                         878    448       5      
                                                              
    C:/ti/mspm0_sdk_2_02_00_05/source/ti/driverlib/lib/ticlang/m0p/mspm0g1x0x_g3x0x/driverlib.a
       dl_mcan.o                      3932   96        0      
       dl_sysctl_mspm0g1x0x_g3x0x.o   264    0         0      
       dl_common.o                    20     0         0      
    +--+------------------------------+------+---------+---------+
       Total:                         4216   96        0      
                                                              
    C:\ti\ccs1271\ccs\tools\compiler\ti-cgt-armllvm_3.2.2.LTS\lib\armv6m-ti-none-eabi/c/libc.a
       memory.c.obj                   730    0         5      
       _printfi.c.obj                 658    17        0      
       defs.c.obj                     0      0         404    
       fputs.c.obj                    260    0         0      
       setvbuf.c.obj                  220    0         0      
       getdevice.c.obj                160    0         0      
       fputc.c.obj                    156    0         0      
       memcpy16.S.obj                 154    0         0      
       fclose.c.obj                   124    0         0      
       copy_decompress_lzss.c.obj     120    0         0      
       fseek.c.obj                    116    0         0      
       printf.c.obj                   108    0         0      
       _io_perm.c.obj                 100    0         0      
       memset16.S.obj                 98     0         0      
       fflush.c.obj                   82     0         0      
       exit.c.obj                     56     0         8      
       autoinit.c.obj                 60     0         0      
       fopen.c.obj                    52     0         0      
       boot_cortex_m.c.obj            40     0         0      
       memccpy.c.obj                  34     0         0      
       copy_zero_init.c.obj           22     0         0      
       copy_decompress_none.c.obj     18     0         0      
       _lock.c.obj                    2      0         8      
       pre_init.c.obj                 4      0         0      
    +--+------------------------------+------+---------+---------+
       Total:                         3374   17        425    
                                                              
    C:\ti\ccs1271\ccs\tools\compiler\ti-cgt-armllvm_3.2.2.LTS\lib\armv6m-ti-none-eabi/c/libsysbm.a
       trgmsg.c.obj                   104    0         288    
       host_device.c.obj              0      0         200    
       hostrename.c.obj               140    0         0      
       hostlseek.c.obj                108    0         0      
       hostopen.c.obj                 96     0         8      
       hostread.c.obj                 88     0         0      
       hostwrite.c.obj                88     0         0      
       close.c.obj                    80     0         0      
       hostclose.c.obj                72     0         0      
       hostunlink.c.obj               72     0         0      
       unlink.c.obj                   44     0         0      
       lseek.c.obj                    40     0         0      
       write.c.obj                    40     0         0      
       remove.c.obj                   8      0         0      
    +--+------------------------------+------+---------+---------+
       Total:                         980    0         496    
                                                              
    C:\ti\ccs1271\ccs\tools\compiler\ti-cgt-armllvm_3.2.2.LTS\lib\clang/15.0.7/lib/armv6m-ti-none-eabi/libclang_rt.builtins.a
       aeabi_uidivmod.S.obj           64     0         0      
       aeabi_memset.S.obj             26     0         0      
       aeabi_memcpy.S.obj             8      0         0      
       aeabi_div0.c.obj               2      0         0      
    +--+------------------------------+------+---------+---------+
       Total:                         100    0         0      
                                                              
       Heap:                          0      0         2048   
       Stack:                         0      0         512    
       Linker Generated:              0      134       0      
    +--+------------------------------+------+---------+---------+
       Grand Total:                   9548   695       3486   


LINKER GENERATED COPY TABLES

__TI_cinit_table @ 00002808 records: 2, size/record: 8, table size: 16
	.data: load addr=00002790, load size=00000062 bytes, run addr=202009d4, run size=000001cd bytes, compression=lzss
	.bss: load addr=00002800, load size=00000008 bytes, run addr=20200800, run size=000001d1 bytes, compression=zero_init


LINKER GENERATED HANDLER TABLE

__TI_handler_table @ 000027f4 records: 3, size/record: 4, table size: 12
	index: 0, handler: __TI_decompress_lzss
	index: 1, handler: __TI_decompress_none
	index: 2, handler: __TI_zero_init


GLOBAL SYMBOLS: SORTED ALPHABETICALLY BY Name 

address   name                              
-------   ----                              
000008ef  ADC0_IRQHandler                   
000008ef  ADC1_IRQHandler                   
000008ef  AES_IRQHandler                    
00002614  C$$EXIT                           
0000216d  C$$IO$$                           
00001ecd  CANFD0_IRQHandler                 
000008ef  DAC0_IRQHandler                   
000024f3  DL_Common_delayCycles             
0000170d  DL_MCAN_addStdMsgIDFilter         
00002071  DL_MCAN_clearIntrStatus           
00000b65  DL_MCAN_config                    
000018c5  DL_MCAN_enableIntr                
00001c45  DL_MCAN_enableIntrLine            
00002495  DL_MCAN_getIntrStatus             
0000245d  DL_MCAN_getOpMode                 
00001585  DL_MCAN_getRevisionId             
000012d1  DL_MCAN_getRxFIFOStatus           
000005ed  DL_MCAN_init                      
00001f0d  DL_MCAN_isMemInitDone             
000000c1  DL_MCAN_msgRAMConfig              
00000a35  DL_MCAN_readMsgRam                
00001995  DL_MCAN_selectIntrLine            
000008f1  DL_MCAN_setBitTime                
00002209  DL_MCAN_setClockConfig            
00001df1  DL_MCAN_setExtIDAndMask           
000023bd  DL_MCAN_setOpMode                 
00001395  DL_MCAN_writeRxFIFOAck            
000019f9  DL_SYSCTL_setHFCLKSourceHFXTParams
000008ef  DMA_IRQHandler                    
000008ef  Default_Handler                   
000008ef  GROUP0_IRQHandler                 
000008ef  GROUP1_IRQHandler                 
00001e3d  HOSTclose                         
00001781  HOSTlseek                         
00001b89  HOSTopen                          
00001c9d  HOSTread                          
000017ed  HOSTrename                        
00001e85  HOSTunlink                        
00001cf5  HOSTwrite                         
000008ef  HardFault_Handler                 
000008ef  I2C0_IRQHandler                   
000008ef  I2C1_IRQHandler                   
000008ef  NMI_Handler                       
000008ef  PendSV_Handler                    
000008ef  RTC_IRQHandler                    
0000260d  Reset_Handler                     
000008ef  SPI0_IRQHandler                   
000008ef  SPI1_IRQHandler                   
000008ef  SVC_Handler                       
00001fc9  SYSCFG_DL_GPIO_init               
00000ee9  SYSCFG_DL_MCAN0_init              
00002375  SYSCFG_DL_SYSCTL_CLK_init         
00002001  SYSCFG_DL_SYSCTL_init             
000024c5  SYSCFG_DL_init                    
000020a5  SYSCFG_DL_initPower               
000008ef  SysTick_Handler                   
000008ef  TIMA0_IRQHandler                  
000008ef  TIMA1_IRQHandler                  
000008ef  TIMG0_IRQHandler                  
000008ef  TIMG12_IRQHandler                 
000008ef  TIMG6_IRQHandler                  
000008ef  TIMG7_IRQHandler                  
000008ef  TIMG8_IRQHandler                  
000008ef  UART0_IRQHandler                  
000008ef  UART1_IRQHandler                  
000008ef  UART2_IRQHandler                  
000008ef  UART3_IRQHandler                  
20200800  _CIOBUF_                          
20200800  __CIOBUF_                         
20208000  __STACK_END                       
00000200  __STACK_SIZE                      
00000800  __SYSMEM_SIZE                     
00000000  __TI_ATRegion0_region_sz          
00000000  __TI_ATRegion0_src_addr           
00000000  __TI_ATRegion0_trg_addr           
00000000  __TI_ATRegion1_region_sz          
00000000  __TI_ATRegion1_src_addr           
00000000  __TI_ATRegion1_trg_addr           
00000000  __TI_ATRegion2_region_sz          
00000000  __TI_ATRegion2_src_addr           
00000000  __TI_ATRegion2_trg_addr           
00002808  __TI_CINIT_Base                   
00002818  __TI_CINIT_Limit                  
00002818  __TI_CINIT_Warm                   
000027f4  __TI_Handler_Table_Base           
00002800  __TI_Handler_Table_Limit          
00001f8d  __TI_auto_init_nobinit_nopinit    
000020d9  __TI_cleanup                      
20200b8c  __TI_cleanup_ptr                  
00001619  __TI_closefile                    
00001695  __TI_decompress_lzss              
00002543  __TI_decompress_none              
00001d4d  __TI_doflush                      
20200b90  __TI_dtors_ptr                    
20200b94  __TI_ft_end                       
ffffffff  __TI_pprof_out_hndl               
00000369  __TI_printfi_minimal              
ffffffff  __TI_prof_data_size               
ffffffff  __TI_prof_data_start              
0000210d  __TI_readmsg                      
00000000  __TI_static_base__                
20200920  __TI_tmpnams                      
00002141  __TI_writemsg                     
00001a5d  __TI_wrt_ok                       
000024dd  __TI_zero_init_nomemset           
00001583  __aeabi_idiv0                     
000025cd  __aeabi_memclr                    
000025cd  __aeabi_memclr4                   
000025cd  __aeabi_memclr8                   
000025e5  __aeabi_memcpy                    
000025e5  __aeabi_memcpy4                   
000025e5  __aeabi_memcpy8                   
00002595  __aeabi_memset                    
00002595  __aeabi_memset4                   
00002595  __aeabi_memset8                   
00001f4d  __aeabi_uidiv                     
00001f4d  __aeabi_uidivmod                  
ffffffff  __binit__                         
UNDEFED   __mpu_init                        
20207e00  __stack                           
20200000  __start___llvm_prf_bits           
20200000  __start___llvm_prf_cnts           
20200000  __stop___llvm_prf_bits            
20200000  __stop___llvm_prf_cnts            
00002329  _c_int00_noargs                   
20200ac4  _device                           
202009d4  _ftable                           
20200b98  _lock                             
00001b87  _nop                              
20200b3c  _stream                           
20200000  _sys_memory                       
UNDEFED   _system_post_cinit                
00002611  _system_pre_init                  
20200b9c  _unlock                           
00002615  abort                             
00000c91  aligned_alloc                     
ffffffff  binit                             
00001da1  close                             
00002175  exit                              
00002039  finddevice                        
0000144d  fputc                             
00001005  fputs                             
00001109  free                              
000025fd  fseek                             
00001859  fseeko                            
202009cc  gInterruptLine1Status             
202009d0  gServiceInt                       
0000192d  getdevice                         
00000000  interruptVectors                  
000022d9  lseek                             
00000dbd  main                              
000025d9  malloc                            
00000c91  memalign                          
00002399  memccpy                           
000014e9  memcpy                            
00001b25  memset                            
202009c0  parmbuf                           
00001be9  printf                            
00002605  remove                            
000011f5  setvbuf                           
00002235  unlink                            
00002301  write                             


GLOBAL SYMBOLS: SORTED BY Symbol Address 

address   name                              
-------   ----                              
00000000  __TI_ATRegion0_region_sz          
00000000  __TI_ATRegion0_src_addr           
00000000  __TI_ATRegion0_trg_addr           
00000000  __TI_ATRegion1_region_sz          
00000000  __TI_ATRegion1_src_addr           
00000000  __TI_ATRegion1_trg_addr           
00000000  __TI_ATRegion2_region_sz          
00000000  __TI_ATRegion2_src_addr           
00000000  __TI_ATRegion2_trg_addr           
00000000  __TI_static_base__                
00000000  interruptVectors                  
000000c1  DL_MCAN_msgRAMConfig              
00000200  __STACK_SIZE                      
00000369  __TI_printfi_minimal              
000005ed  DL_MCAN_init                      
00000800  __SYSMEM_SIZE                     
000008ef  ADC0_IRQHandler                   
000008ef  ADC1_IRQHandler                   
000008ef  AES_IRQHandler                    
000008ef  DAC0_IRQHandler                   
000008ef  DMA_IRQHandler                    
000008ef  Default_Handler                   
000008ef  GROUP0_IRQHandler                 
000008ef  GROUP1_IRQHandler                 
000008ef  HardFault_Handler                 
000008ef  I2C0_IRQHandler                   
000008ef  I2C1_IRQHandler                   
000008ef  NMI_Handler                       
000008ef  PendSV_Handler                    
000008ef  RTC_IRQHandler                    
000008ef  SPI0_IRQHandler                   
000008ef  SPI1_IRQHandler                   
000008ef  SVC_Handler                       
000008ef  SysTick_Handler                   
000008ef  TIMA0_IRQHandler                  
000008ef  TIMA1_IRQHandler                  
000008ef  TIMG0_IRQHandler                  
000008ef  TIMG12_IRQHandler                 
000008ef  TIMG6_IRQHandler                  
000008ef  TIMG7_IRQHandler                  
000008ef  TIMG8_IRQHandler                  
000008ef  UART0_IRQHandler                  
000008ef  UART1_IRQHandler                  
000008ef  UART2_IRQHandler                  
000008ef  UART3_IRQHandler                  
000008f1  DL_MCAN_setBitTime                
00000a35  DL_MCAN_readMsgRam                
00000b65  DL_MCAN_config                    
00000c91  aligned_alloc                     
00000c91  memalign                          
00000dbd  main                              
00000ee9  SYSCFG_DL_MCAN0_init              
00001005  fputs                             
00001109  free                              
000011f5  setvbuf                           
000012d1  DL_MCAN_getRxFIFOStatus           
00001395  DL_MCAN_writeRxFIFOAck            
0000144d  fputc                             
000014e9  memcpy                            
00001583  __aeabi_idiv0                     
00001585  DL_MCAN_getRevisionId             
00001619  __TI_closefile                    
00001695  __TI_decompress_lzss              
0000170d  DL_MCAN_addStdMsgIDFilter         
00001781  HOSTlseek                         
000017ed  HOSTrename                        
00001859  fseeko                            
000018c5  DL_MCAN_enableIntr                
0000192d  getdevice                         
00001995  DL_MCAN_selectIntrLine            
000019f9  DL_SYSCTL_setHFCLKSourceHFXTParams
00001a5d  __TI_wrt_ok                       
00001b25  memset                            
00001b87  _nop                              
00001b89  HOSTopen                          
00001be9  printf                            
00001c45  DL_MCAN_enableIntrLine            
00001c9d  HOSTread                          
00001cf5  HOSTwrite                         
00001d4d  __TI_doflush                      
00001da1  close                             
00001df1  DL_MCAN_setExtIDAndMask           
00001e3d  HOSTclose                         
00001e85  HOSTunlink                        
00001ecd  CANFD0_IRQHandler                 
00001f0d  DL_MCAN_isMemInitDone             
00001f4d  __aeabi_uidiv                     
00001f4d  __aeabi_uidivmod                  
00001f8d  __TI_auto_init_nobinit_nopinit    
00001fc9  SYSCFG_DL_GPIO_init               
00002001  SYSCFG_DL_SYSCTL_init             
00002039  finddevice                        
00002071  DL_MCAN_clearIntrStatus           
000020a5  SYSCFG_DL_initPower               
000020d9  __TI_cleanup                      
0000210d  __TI_readmsg                      
00002141  __TI_writemsg                     
0000216d  C$$IO$$                           
00002175  exit                              
00002209  DL_MCAN_setClockConfig            
00002235  unlink                            
000022d9  lseek                             
00002301  write                             
00002329  _c_int00_noargs                   
00002375  SYSCFG_DL_SYSCTL_CLK_init         
00002399  memccpy                           
000023bd  DL_MCAN_setOpMode                 
0000245d  DL_MCAN_getOpMode                 
00002495  DL_MCAN_getIntrStatus             
000024c5  SYSCFG_DL_init                    
000024dd  __TI_zero_init_nomemset           
000024f3  DL_Common_delayCycles             
00002543  __TI_decompress_none              
00002595  __aeabi_memset                    
00002595  __aeabi_memset4                   
00002595  __aeabi_memset8                   
000025cd  __aeabi_memclr                    
000025cd  __aeabi_memclr4                   
000025cd  __aeabi_memclr8                   
000025d9  malloc                            
000025e5  __aeabi_memcpy                    
000025e5  __aeabi_memcpy4                   
000025e5  __aeabi_memcpy8                   
000025fd  fseek                             
00002605  remove                            
0000260d  Reset_Handler                     
00002611  _system_pre_init                  
00002614  C$$EXIT                           
00002615  abort                             
000027f4  __TI_Handler_Table_Base           
00002800  __TI_Handler_Table_Limit          
00002808  __TI_CINIT_Base                   
00002818  __TI_CINIT_Limit                  
00002818  __TI_CINIT_Warm                   
20200000  __start___llvm_prf_bits           
20200000  __start___llvm_prf_cnts           
20200000  __stop___llvm_prf_bits            
20200000  __stop___llvm_prf_cnts            
20200000  _sys_memory                       
20200800  _CIOBUF_                          
20200800  __CIOBUF_                         
20200920  __TI_tmpnams                      
202009c0  parmbuf                           
202009cc  gInterruptLine1Status             
202009d0  gServiceInt                       
202009d4  _ftable                           
20200ac4  _device                           
20200b3c  _stream                           
20200b8c  __TI_cleanup_ptr                  
20200b90  __TI_dtors_ptr                    
20200b94  __TI_ft_end                       
20200b98  _lock                             
20200b9c  _unlock                           
20207e00  __stack                           
20208000  __STACK_END                       
ffffffff  __TI_pprof_out_hndl               
ffffffff  __TI_prof_data_size               
ffffffff  __TI_prof_data_start              
ffffffff  __binit__                         
ffffffff  binit                             
UNDEFED   __mpu_init                        
UNDEFED   _system_post_cinit                

[162 symbols]
