******************************************************************************
            TI ARM Clang Linker PC v3.2.2                      
******************************************************************************
>> Linked Wed Jul 31 12:21:17 2024

OUTPUT FILE NAME:   <Assignment_1.out>
ENTRY POINT SYMBOL: "_c_int00_noargs"  address: 000002d9


MEMORY CONFIGURATION

         name            origin    length      used     unused   attr    fill
----------------------  --------  ---------  --------  --------  ----  --------
  FLASH                 00000000   00020000  00000358  0001fca8  R  X
  SRAM                  20200000   00008000  00000204  00007dfc  RW X
  BCR_CONFIG            41c00000   00000080  00000000  00000080  R   
  BSL_CONFIG            41c00100   00000080  00000000  00000080  R   


SEGMENT ALLOCATION MAP

run origin  load origin   length   init length attrs members
----------  ----------- ---------- ----------- ----- -------
00000000    00000000    00000358   00000358    r-x
  00000000    00000000    000000c0   000000c0    r-- .intvecs
  000000c0    000000c0    00000280   00000280    r-x .text
  00000340    00000340    00000018   00000018    r-- .cinit
20200000    20200000    00000004   00000000    rw-
  20200000    20200000    00000004   00000000    rw- .data
20207e00    20207e00    00000200   00000000    rw-
  20207e00    20207e00    00000200   00000000    rw- .stack


SECTION ALLOCATION MAP

 output                                  attributes/
section   page    origin      length       input sections
--------  ----  ----------  ----------   ----------------
.intvecs   0    00000000    000000c0     
                  00000000    000000c0     startup_mspm0g350x_ticlang.o (.intvecs)

.text      0    000000c0    00000280     
                  000000c0    000000c8     empty.o (.text.main)
                  00000188    0000009a     libc.a : memcpy16.S.obj (.text:memcpy)
                  00000222    00000002     startup_mspm0g350x_ticlang.o (.text.Default_Handler)
                  00000224    00000078     libc.a : copy_decompress_lzss.c.obj (.text:decompress:lzss)
                  0000029c    0000003c            : autoinit.c.obj (.text:__TI_auto_init_nobinit_nopinit)
                  000002d8    00000028            : boot_cortex_m.c.obj (.text:_c_int00_noargs)
                  00000300    00000014     driverlib.a : dl_common.o (.text.DL_Common_delayCycles)
                  00000314    00000012     libc.a : copy_decompress_none.c.obj (.text:decompress:none)
                  00000326    00000002     --HOLE-- [fill = 0]
                  00000328    00000008     libclang_rt.builtins.a : aeabi_memcpy.S.obj (.text.__aeabi_memcpy)
                  00000330    00000004     startup_mspm0g350x_ticlang.o (.text.Reset_Handler)
                  00000334    00000004     libc.a : pre_init.c.obj (.text._system_pre_init)
                  00000338    00000004            : exit.c.obj (.text:abort)
                  0000033c    00000004     --HOLE-- [fill = 0]

.cinit     0    00000340    00000018     
                  00000340    00000008     (.cinit..data.load) [load image, compression = lzss]
                  00000348    00000008     (__TI_handler_table)
                  00000350    00000008     (__TI_cinit_table)

.init_array 
*          0    00000000    00000000     UNINITIALIZED

.binit     0    00000000    00000000     

.data      0    20200000    00000004     UNINITIALIZED
                  20200000    00000004     empty.o (.data.GPIOB_cumstom)

.stack     0    20207e00    00000200     UNINITIALIZED
                  20207e00    00000004     libc.a : boot_cortex_m.c.obj (.stack)
                  20207e04    000001fc     --HOLE--

__llvm_prf_cnts 
*          0    20200000    00000000     UNINITIALIZED

__llvm_prf_bits 
*          0    20200000    00000000     UNINITIALIZED

MODULE SUMMARY

       Module                         code   ro data   rw data
       ------                         ----   -------   -------
    .\
       empty.o                        200    0         4      
       startup_mspm0g350x_ticlang.o   6      192       0      
    +--+------------------------------+------+---------+---------+
       Total:                         206    192       4      
                                                              
    C:/ti/mspm0_sdk_2_01_00_03/source/ti/driverlib/lib/ticlang/m0p/mspm0g1x0x_g3x0x/driverlib.a
       dl_common.o                    20     0         0      
    +--+------------------------------+------+---------+---------+
       Total:                         20     0         0      
                                                              
    C:\ti\ccs1271\ccs\tools\compiler\ti-cgt-armllvm_3.2.2.LTS\lib\armv6m-ti-none-eabi/c/libc.a
       memcpy16.S.obj                 154    0         0      
       copy_decompress_lzss.c.obj     120    0         0      
       autoinit.c.obj                 60     0         0      
       boot_cortex_m.c.obj            40     0         0      
       copy_decompress_none.c.obj     18     0         0      
       exit.c.obj                     4      0         0      
       pre_init.c.obj                 4      0         0      
    +--+------------------------------+------+---------+---------+
       Total:                         400    0         0      
                                                              
    C:\ti\ccs1271\ccs\tools\compiler\ti-cgt-armllvm_3.2.2.LTS\lib\clang/15.0.7/lib/armv6m-ti-none-eabi/libclang_rt.builtins.a
       aeabi_memcpy.S.obj             8      0         0      
    +--+------------------------------+------+---------+---------+
       Total:                         8      0         0      
                                                              
       Stack:                         0      0         512    
       Linker Generated:              0      24        0      
    +--+------------------------------+------+---------+---------+
       Grand Total:                   634    216       516    


LINKER GENERATED COPY TABLES

__TI_cinit_table @ 00000350 records: 1, size/record: 8, table size: 8
	.data: load addr=00000340, load size=00000008 bytes, run addr=20200000, run size=00000004 bytes, compression=lzss


LINKER GENERATED HANDLER TABLE

__TI_handler_table @ 00000348 records: 2, size/record: 4, table size: 8
	index: 0, handler: __TI_decompress_lzss
	index: 1, handler: __TI_decompress_none


GLOBAL SYMBOLS: SORTED ALPHABETICALLY BY Name 

address   name                          
-------   ----                          
00000223  ADC0_IRQHandler               
00000223  ADC1_IRQHandler               
00000223  AES_IRQHandler                
00000338  C$$EXIT                       
00000223  CANFD0_IRQHandler             
00000223  DAC0_IRQHandler               
00000301  DL_Common_delayCycles         
00000223  DMA_IRQHandler                
00000223  Default_Handler               
20200000  GPIOB_cumstom                 
00000223  GROUP0_IRQHandler             
00000223  GROUP1_IRQHandler             
00000223  HardFault_Handler             
00000223  I2C0_IRQHandler               
00000223  I2C1_IRQHandler               
00000223  NMI_Handler                   
00000223  PendSV_Handler                
00000223  RTC_IRQHandler                
00000331  Reset_Handler                 
00000223  SPI0_IRQHandler               
00000223  SPI1_IRQHandler               
00000223  SVC_Handler                   
00000223  SysTick_Handler               
00000223  TIMA0_IRQHandler              
00000223  TIMA1_IRQHandler              
00000223  TIMG0_IRQHandler              
00000223  TIMG12_IRQHandler             
00000223  TIMG6_IRQHandler              
00000223  TIMG7_IRQHandler              
00000223  TIMG8_IRQHandler              
00000223  UART0_IRQHandler              
00000223  UART1_IRQHandler              
00000223  UART2_IRQHandler              
00000223  UART3_IRQHandler              
20208000  __STACK_END                   
00000200  __STACK_SIZE                  
00000000  __TI_ATRegion0_region_sz      
00000000  __TI_ATRegion0_src_addr       
00000000  __TI_ATRegion0_trg_addr       
00000000  __TI_ATRegion1_region_sz      
00000000  __TI_ATRegion1_src_addr       
00000000  __TI_ATRegion1_trg_addr       
00000000  __TI_ATRegion2_region_sz      
00000000  __TI_ATRegion2_src_addr       
00000000  __TI_ATRegion2_trg_addr       
00000350  __TI_CINIT_Base               
00000358  __TI_CINIT_Limit              
00000358  __TI_CINIT_Warm               
00000348  __TI_Handler_Table_Base       
00000350  __TI_Handler_Table_Limit      
0000029d  __TI_auto_init_nobinit_nopinit
00000225  __TI_decompress_lzss          
00000315  __TI_decompress_none          
ffffffff  __TI_pprof_out_hndl           
ffffffff  __TI_prof_data_size           
ffffffff  __TI_prof_data_start          
00000000  __TI_static_base__            
00000329  __aeabi_memcpy                
00000329  __aeabi_memcpy4               
00000329  __aeabi_memcpy8               
ffffffff  __binit__                     
UNDEFED   __mpu_init                    
20207e00  __stack                       
20200000  __start___llvm_prf_bits       
20200000  __start___llvm_prf_cnts       
20200000  __stop___llvm_prf_bits        
20200000  __stop___llvm_prf_cnts        
000002d9  _c_int00_noargs               
UNDEFED   _system_post_cinit            
00000335  _system_pre_init              
00000339  abort                         
ffffffff  binit                         
00000000  interruptVectors              
000000c1  main                          
00000189  memcpy                        


GLOBAL SYMBOLS: SORTED BY Symbol Address 

address   name                          
-------   ----                          
00000000  __TI_ATRegion0_region_sz      
00000000  __TI_ATRegion0_src_addr       
00000000  __TI_ATRegion0_trg_addr       
00000000  __TI_ATRegion1_region_sz      
00000000  __TI_ATRegion1_src_addr       
00000000  __TI_ATRegion1_trg_addr       
00000000  __TI_ATRegion2_region_sz      
00000000  __TI_ATRegion2_src_addr       
00000000  __TI_ATRegion2_trg_addr       
00000000  __TI_static_base__            
00000000  interruptVectors              
000000c1  main                          
00000189  memcpy                        
00000200  __STACK_SIZE                  
00000223  ADC0_IRQHandler               
00000223  ADC1_IRQHandler               
00000223  AES_IRQHandler                
00000223  CANFD0_IRQHandler             
00000223  DAC0_IRQHandler               
00000223  DMA_IRQHandler                
00000223  Default_Handler               
00000223  GROUP0_IRQHandler             
00000223  GROUP1_IRQHandler             
00000223  HardFault_Handler             
00000223  I2C0_IRQHandler               
00000223  I2C1_IRQHandler               
00000223  NMI_Handler                   
00000223  PendSV_Handler                
00000223  RTC_IRQHandler                
00000223  SPI0_IRQHandler               
00000223  SPI1_IRQHandler               
00000223  SVC_Handler                   
00000223  SysTick_Handler               
00000223  TIMA0_IRQHandler              
00000223  TIMA1_IRQHandler              
00000223  TIMG0_IRQHandler              
00000223  TIMG12_IRQHandler             
00000223  TIMG6_IRQHandler              
00000223  TIMG7_IRQHandler              
00000223  TIMG8_IRQHandler              
00000223  UART0_IRQHandler              
00000223  UART1_IRQHandler              
00000223  UART2_IRQHandler              
00000223  UART3_IRQHandler              
00000225  __TI_decompress_lzss          
0000029d  __TI_auto_init_nobinit_nopinit
000002d9  _c_int00_noargs               
00000301  DL_Common_delayCycles         
00000315  __TI_decompress_none          
00000329  __aeabi_memcpy                
00000329  __aeabi_memcpy4               
00000329  __aeabi_memcpy8               
00000331  Reset_Handler                 
00000335  _system_pre_init              
00000338  C$$EXIT                       
00000339  abort                         
00000348  __TI_Handler_Table_Base       
00000350  __TI_CINIT_Base               
00000350  __TI_Handler_Table_Limit      
00000358  __TI_CINIT_Limit              
00000358  __TI_CINIT_Warm               
20200000  GPIOB_cumstom                 
20200000  __start___llvm_prf_bits       
20200000  __start___llvm_prf_cnts       
20200000  __stop___llvm_prf_bits        
20200000  __stop___llvm_prf_cnts        
20207e00  __stack                       
20208000  __STACK_END                   
ffffffff  __TI_pprof_out_hndl           
ffffffff  __TI_prof_data_size           
ffffffff  __TI_prof_data_start          
ffffffff  __binit__                     
ffffffff  binit                         
UNDEFED   __mpu_init                    
UNDEFED   _system_post_cinit            

[75 symbols]
