<?xml version="1.0" encoding="ISO-8859-1" ?>
<link_info>
   <banner>TI ARM Clang Linker PC v3.2.2.LTS</banner>
   <copyright>Copyright (c) 1996-2018 Texas Instruments Incorporated</copyright>
   <link_time>0x671508db</link_time>
   <link_errors>0x0</link_errors>
   <output_file>C:\Users\Mahak\workspace_prac\i2c_target_rw_multibyte_fifo_poll_LP_MSPM0G3507_nortos_ticlang\Debug\i2c_target_rw_multibyte_fifo_poll_LP_MSPM0G3507_nortos_ticlang.out</output_file>
   <entry_point>
      <name>_c_int00_noargs</name>
      <address>0x1bbd</address>
   </entry_point>
   <input_file_list>
      <input_file id="fl-1">
         <path>C:\Users\Mahak\workspace_prac\i2c_target_rw_multibyte_fifo_poll_LP_MSPM0G3507_nortos_ticlang\Debug\.\</path>
         <kind>object</kind>
         <file>i2c_target_rw_multibyte_fifo_poll.o</file>
         <name>i2c_target_rw_multibyte_fifo_poll.o</name>
      </input_file>
      <input_file id="fl-2">
         <path>C:\Users\Mahak\workspace_prac\i2c_target_rw_multibyte_fifo_poll_LP_MSPM0G3507_nortos_ticlang\Debug\.\</path>
         <kind>object</kind>
         <file>ti_msp_dl_config.o</file>
         <name>ti_msp_dl_config.o</name>
      </input_file>
      <input_file id="fl-3">
         <path>C:\Users\Mahak\workspace_prac\i2c_target_rw_multibyte_fifo_poll_LP_MSPM0G3507_nortos_ticlang\Debug\.\</path>
         <kind>object</kind>
         <file>startup_mspm0g350x_ticlang.o</file>
         <name>startup_mspm0g350x_ticlang.o</name>
      </input_file>
      <input_file id="fl-10">
         <path>C:\Users\Mahak\workspace_prac\i2c_target_rw_multibyte_fifo_poll_LP_MSPM0G3507_nortos_ticlang\Debug\</path>
         <kind>object</kind>
         <file>&lt;internal&gt;</file>
         <name>&lt;internal&gt;</name>
      </input_file>
      <input_file id="fl-11">
         <path>C:\ti\mspm0_sdk_2_02_00_05\source\ti\driverlib\lib\ticlang\m0p\mspm0g1x0x_g3x0x\</path>
         <kind>archive</kind>
         <file>driverlib.a</file>
         <name>dl_common.o</name>
      </input_file>
      <input_file id="fl-12">
         <path>C:\ti\mspm0_sdk_2_02_00_05\source\ti\driverlib\lib\ticlang\m0p\mspm0g1x0x_g3x0x\</path>
         <kind>archive</kind>
         <file>driverlib.a</file>
         <name>dl_i2c.o</name>
      </input_file>
      <input_file id="fl-21">
         <path>C:\ti\ccs1271\ccs\tools\compiler\ti-cgt-armllvm_3.2.2.LTS\lib\armv6m-ti-none-eabi\c\</path>
         <kind>archive</kind>
         <file>libc.a</file>
         <name>printf.c.obj</name>
      </input_file>
      <input_file id="fl-22">
         <path>C:\ti\ccs1271\ccs\tools\compiler\ti-cgt-armllvm_3.2.2.LTS\lib\armv6m-ti-none-eabi\c\</path>
         <kind>archive</kind>
         <file>libc.a</file>
         <name>_printfi.c.obj</name>
      </input_file>
      <input_file id="fl-23">
         <path>C:\ti\ccs1271\ccs\tools\compiler\ti-cgt-armllvm_3.2.2.LTS\lib\armv6m-ti-none-eabi\c\</path>
         <kind>archive</kind>
         <file>libc.a</file>
         <name>fputc.c.obj</name>
      </input_file>
      <input_file id="fl-24">
         <path>C:\ti\ccs1271\ccs\tools\compiler\ti-cgt-armllvm_3.2.2.LTS\lib\armv6m-ti-none-eabi\c\</path>
         <kind>archive</kind>
         <file>libc.a</file>
         <name>fputs.c.obj</name>
      </input_file>
      <input_file id="fl-25">
         <path>C:\ti\ccs1271\ccs\tools\compiler\ti-cgt-armllvm_3.2.2.LTS\lib\armv6m-ti-none-eabi\c\</path>
         <kind>archive</kind>
         <file>libc.a</file>
         <name>_io_perm.c.obj</name>
      </input_file>
      <input_file id="fl-26">
         <path>C:\ti\ccs1271\ccs\tools\compiler\ti-cgt-armllvm_3.2.2.LTS\lib\armv6m-ti-none-eabi\c\</path>
         <kind>archive</kind>
         <file>libc.a</file>
         <name>setvbuf.c.obj</name>
      </input_file>
      <input_file id="fl-27">
         <path>C:\ti\ccs1271\ccs\tools\compiler\ti-cgt-armllvm_3.2.2.LTS\lib\armv6m-ti-none-eabi\c\</path>
         <kind>archive</kind>
         <file>libc.a</file>
         <name>s_frexp.c.obj</name>
      </input_file>
      <input_file id="fl-28">
         <path>C:\ti\ccs1271\ccs\tools\compiler\ti-cgt-armllvm_3.2.2.LTS\lib\armv6m-ti-none-eabi\c\</path>
         <kind>archive</kind>
         <file>libc.a</file>
         <name>s_scalbn.c.obj</name>
      </input_file>
      <input_file id="fl-29">
         <path>C:\ti\ccs1271\ccs\tools\compiler\ti-cgt-armllvm_3.2.2.LTS\lib\armv6m-ti-none-eabi\c\</path>
         <kind>archive</kind>
         <file>libc.a</file>
         <name>aeabi_portable.c.obj</name>
      </input_file>
      <input_file id="fl-2a">
         <path>C:\ti\ccs1271\ccs\tools\compiler\ti-cgt-armllvm_3.2.2.LTS\lib\armv6m-ti-none-eabi\c\</path>
         <kind>archive</kind>
         <file>libc.a</file>
         <name>exit.c.obj</name>
      </input_file>
      <input_file id="fl-2b">
         <path>C:\ti\ccs1271\ccs\tools\compiler\ti-cgt-armllvm_3.2.2.LTS\lib\armv6m-ti-none-eabi\c\</path>
         <kind>archive</kind>
         <file>libc.a</file>
         <name>_lock.c.obj</name>
      </input_file>
      <input_file id="fl-2c">
         <path>C:\ti\ccs1271\ccs\tools\compiler\ti-cgt-armllvm_3.2.2.LTS\lib\armv6m-ti-none-eabi\c\</path>
         <kind>archive</kind>
         <file>libc.a</file>
         <name>_ltoa.c.obj</name>
      </input_file>
      <input_file id="fl-2d">
         <path>C:\ti\ccs1271\ccs\tools\compiler\ti-cgt-armllvm_3.2.2.LTS\lib\armv6m-ti-none-eabi\c\</path>
         <kind>archive</kind>
         <file>libc.a</file>
         <name>assert.c.obj</name>
      </input_file>
      <input_file id="fl-2e">
         <path>C:\ti\ccs1271\ccs\tools\compiler\ti-cgt-armllvm_3.2.2.LTS\lib\armv6m-ti-none-eabi\c\</path>
         <kind>archive</kind>
         <file>libc.a</file>
         <name>atoi.c.obj</name>
      </input_file>
      <input_file id="fl-2f">
         <path>C:\ti\ccs1271\ccs\tools\compiler\ti-cgt-armllvm_3.2.2.LTS\lib\armv6m-ti-none-eabi\c\</path>
         <kind>archive</kind>
         <file>libc.a</file>
         <name>defs.c.obj</name>
      </input_file>
      <input_file id="fl-30">
         <path>C:\ti\ccs1271\ccs\tools\compiler\ti-cgt-armllvm_3.2.2.LTS\lib\armv6m-ti-none-eabi\c\</path>
         <kind>archive</kind>
         <file>libc.a</file>
         <name>memccpy.c.obj</name>
      </input_file>
      <input_file id="fl-31">
         <path>C:\ti\ccs1271\ccs\tools\compiler\ti-cgt-armllvm_3.2.2.LTS\lib\armv6m-ti-none-eabi\c\</path>
         <kind>archive</kind>
         <file>libc.a</file>
         <name>memory.c.obj</name>
      </input_file>
      <input_file id="fl-32">
         <path>C:\ti\ccs1271\ccs\tools\compiler\ti-cgt-armllvm_3.2.2.LTS\lib\armv6m-ti-none-eabi\c\</path>
         <kind>archive</kind>
         <file>libc.a</file>
         <name>boot_cortex_m.c.obj</name>
      </input_file>
      <input_file id="fl-33">
         <path>C:\ti\ccs1271\ccs\tools\compiler\ti-cgt-armllvm_3.2.2.LTS\lib\armv6m-ti-none-eabi\c\</path>
         <kind>archive</kind>
         <file>libc.a</file>
         <name>mathacl_init.c.obj</name>
      </input_file>
      <input_file id="fl-34">
         <path>C:\ti\ccs1271\ccs\tools\compiler\ti-cgt-armllvm_3.2.2.LTS\lib\armv6m-ti-none-eabi\c\</path>
         <kind>archive</kind>
         <file>libc.a</file>
         <name>autoinit.c.obj</name>
      </input_file>
      <input_file id="fl-35">
         <path>C:\ti\ccs1271\ccs\tools\compiler\ti-cgt-armllvm_3.2.2.LTS\lib\armv6m-ti-none-eabi\c\</path>
         <kind>archive</kind>
         <file>libc.a</file>
         <name>pre_init.c.obj</name>
      </input_file>
      <input_file id="fl-36">
         <path>C:\ti\ccs1271\ccs\tools\compiler\ti-cgt-armllvm_3.2.2.LTS\lib\armv6m-ti-none-eabi\c\</path>
         <kind>archive</kind>
         <file>libc.a</file>
         <name>cpy_tbl.c.obj</name>
      </input_file>
      <input_file id="fl-37">
         <path>C:\ti\ccs1271\ccs\tools\compiler\ti-cgt-armllvm_3.2.2.LTS\lib\armv6m-ti-none-eabi\c\</path>
         <kind>archive</kind>
         <file>libc.a</file>
         <name>copy_zero_init.c.obj</name>
      </input_file>
      <input_file id="fl-38">
         <path>C:\ti\ccs1271\ccs\tools\compiler\ti-cgt-armllvm_3.2.2.LTS\lib\armv6m-ti-none-eabi\c\</path>
         <kind>archive</kind>
         <file>libc.a</file>
         <name>copy_decompress_none.c.obj</name>
      </input_file>
      <input_file id="fl-39">
         <path>C:\ti\ccs1271\ccs\tools\compiler\ti-cgt-armllvm_3.2.2.LTS\lib\armv6m-ti-none-eabi\c\</path>
         <kind>archive</kind>
         <file>libc.a</file>
         <name>copy_decompress_lzss.c.obj</name>
      </input_file>
      <input_file id="fl-3a">
         <path>C:\ti\ccs1271\ccs\tools\compiler\ti-cgt-armllvm_3.2.2.LTS\lib\armv6m-ti-none-eabi\c\</path>
         <kind>archive</kind>
         <file>libc.a</file>
         <name>wcslen.c.obj</name>
      </input_file>
      <input_file id="fl-3b">
         <path>C:\ti\ccs1271\ccs\tools\compiler\ti-cgt-armllvm_3.2.2.LTS\lib\armv6m-ti-none-eabi\c\</path>
         <kind>archive</kind>
         <file>libc.a</file>
         <name>sprintf.c.obj</name>
      </input_file>
      <input_file id="fl-3c">
         <path>C:\ti\ccs1271\ccs\tools\compiler\ti-cgt-armllvm_3.2.2.LTS\lib\armv6m-ti-none-eabi\c\</path>
         <kind>archive</kind>
         <file>libc.a</file>
         <name>fflush.c.obj</name>
      </input_file>
      <input_file id="fl-3d">
         <path>C:\ti\ccs1271\ccs\tools\compiler\ti-cgt-armllvm_3.2.2.LTS\lib\armv6m-ti-none-eabi\c\</path>
         <kind>archive</kind>
         <file>libc.a</file>
         <name>fopen.c.obj</name>
      </input_file>
      <input_file id="fl-3e">
         <path>C:\ti\ccs1271\ccs\tools\compiler\ti-cgt-armllvm_3.2.2.LTS\lib\armv6m-ti-none-eabi\c\</path>
         <kind>archive</kind>
         <file>libc.a</file>
         <name>fseek.c.obj</name>
      </input_file>
      <input_file id="fl-3f">
         <path>C:\ti\ccs1271\ccs\tools\compiler\ti-cgt-armllvm_3.2.2.LTS\lib\armv6m-ti-none-eabi\c\</path>
         <kind>archive</kind>
         <file>libc.a</file>
         <name>aeabi_ctype.S.obj</name>
      </input_file>
      <input_file id="fl-40">
         <path>C:\ti\ccs1271\ccs\tools\compiler\ti-cgt-armllvm_3.2.2.LTS\lib\armv6m-ti-none-eabi\c\</path>
         <kind>archive</kind>
         <file>libc.a</file>
         <name>args_main.c.obj</name>
      </input_file>
      <input_file id="fl-41">
         <path>C:\ti\ccs1271\ccs\tools\compiler\ti-cgt-armllvm_3.2.2.LTS\lib\armv6m-ti-none-eabi\c\</path>
         <kind>archive</kind>
         <file>libc.a</file>
         <name>fclose.c.obj</name>
      </input_file>
      <input_file id="fl-a7">
         <path>C:\ti\ccs1271\ccs\tools\compiler\ti-cgt-armllvm_3.2.2.LTS\lib\armv6m-ti-none-eabi\c\</path>
         <kind>archive</kind>
         <file>libsysbm.a</file>
         <name>write.c.obj</name>
      </input_file>
      <input_file id="fl-a8">
         <path>C:\ti\ccs1271\ccs\tools\compiler\ti-cgt-armllvm_3.2.2.LTS\lib\armv6m-ti-none-eabi\c\</path>
         <kind>archive</kind>
         <file>libsysbm.a</file>
         <name>host_device.c.obj</name>
      </input_file>
      <input_file id="fl-a9">
         <path>C:\ti\ccs1271\ccs\tools\compiler\ti-cgt-armllvm_3.2.2.LTS\lib\armv6m-ti-none-eabi\c\</path>
         <kind>archive</kind>
         <file>libsysbm.a</file>
         <name>remove.c.obj</name>
      </input_file>
      <input_file id="fl-aa">
         <path>C:\ti\ccs1271\ccs\tools\compiler\ti-cgt-armllvm_3.2.2.LTS\lib\armv6m-ti-none-eabi\c\</path>
         <kind>archive</kind>
         <file>libsysbm.a</file>
         <name>open.c.obj</name>
      </input_file>
      <input_file id="fl-ab">
         <path>C:\ti\ccs1271\ccs\tools\compiler\ti-cgt-armllvm_3.2.2.LTS\lib\armv6m-ti-none-eabi\c\</path>
         <kind>archive</kind>
         <file>libsysbm.a</file>
         <name>lseek.c.obj</name>
      </input_file>
      <input_file id="fl-ac">
         <path>C:\ti\ccs1271\ccs\tools\compiler\ti-cgt-armllvm_3.2.2.LTS\lib\armv6m-ti-none-eabi\c\</path>
         <kind>archive</kind>
         <file>libsysbm.a</file>
         <name>close.c.obj</name>
      </input_file>
      <input_file id="fl-ad">
         <path>C:\ti\ccs1271\ccs\tools\compiler\ti-cgt-armllvm_3.2.2.LTS\lib\armv6m-ti-none-eabi\c\</path>
         <kind>archive</kind>
         <file>libsysbm.a</file>
         <name>unlink.c.obj</name>
      </input_file>
      <input_file id="fl-ae">
         <path>C:\ti\ccs1271\ccs\tools\compiler\ti-cgt-armllvm_3.2.2.LTS\lib\armv6m-ti-none-eabi\c\</path>
         <kind>archive</kind>
         <file>libsysbm.a</file>
         <name>hostclose.c.obj</name>
      </input_file>
      <input_file id="fl-af">
         <path>C:\ti\ccs1271\ccs\tools\compiler\ti-cgt-armllvm_3.2.2.LTS\lib\armv6m-ti-none-eabi\c\</path>
         <kind>archive</kind>
         <file>libsysbm.a</file>
         <name>hostlseek.c.obj</name>
      </input_file>
      <input_file id="fl-b0">
         <path>C:\ti\ccs1271\ccs\tools\compiler\ti-cgt-armllvm_3.2.2.LTS\lib\armv6m-ti-none-eabi\c\</path>
         <kind>archive</kind>
         <file>libsysbm.a</file>
         <name>hostopen.c.obj</name>
      </input_file>
      <input_file id="fl-b1">
         <path>C:\ti\ccs1271\ccs\tools\compiler\ti-cgt-armllvm_3.2.2.LTS\lib\armv6m-ti-none-eabi\c\</path>
         <kind>archive</kind>
         <file>libsysbm.a</file>
         <name>hostread.c.obj</name>
      </input_file>
      <input_file id="fl-b2">
         <path>C:\ti\ccs1271\ccs\tools\compiler\ti-cgt-armllvm_3.2.2.LTS\lib\armv6m-ti-none-eabi\c\</path>
         <kind>archive</kind>
         <file>libsysbm.a</file>
         <name>hostrename.c.obj</name>
      </input_file>
      <input_file id="fl-b3">
         <path>C:\ti\ccs1271\ccs\tools\compiler\ti-cgt-armllvm_3.2.2.LTS\lib\armv6m-ti-none-eabi\c\</path>
         <kind>archive</kind>
         <file>libsysbm.a</file>
         <name>hostunlink.c.obj</name>
      </input_file>
      <input_file id="fl-b4">
         <path>C:\ti\ccs1271\ccs\tools\compiler\ti-cgt-armllvm_3.2.2.LTS\lib\armv6m-ti-none-eabi\c\</path>
         <kind>archive</kind>
         <file>libsysbm.a</file>
         <name>hostwrite.c.obj</name>
      </input_file>
      <input_file id="fl-b5">
         <path>C:\ti\ccs1271\ccs\tools\compiler\ti-cgt-armllvm_3.2.2.LTS\lib\armv6m-ti-none-eabi\c\</path>
         <kind>archive</kind>
         <file>libsysbm.a</file>
         <name>trgmsg.c.obj</name>
      </input_file>
      <input_file id="fl-b6">
         <path>C:\ti\ccs1271\ccs\tools\compiler\ti-cgt-armllvm_3.2.2.LTS\lib\clang\15.0.7\lib\armv6m-ti-none-eabi\</path>
         <kind>archive</kind>
         <file>libclang_rt.builtins.a</file>
         <name>adddf3.S.obj</name>
      </input_file>
      <input_file id="fl-b7">
         <path>C:\ti\ccs1271\ccs\tools\compiler\ti-cgt-armllvm_3.2.2.LTS\lib\clang\15.0.7\lib\armv6m-ti-none-eabi\</path>
         <kind>archive</kind>
         <file>libclang_rt.builtins.a</file>
         <name>muldf3.S.obj</name>
      </input_file>
      <input_file id="fl-b8">
         <path>C:\ti\ccs1271\ccs\tools\compiler\ti-cgt-armllvm_3.2.2.LTS\lib\clang\15.0.7\lib\armv6m-ti-none-eabi\</path>
         <kind>archive</kind>
         <file>libclang_rt.builtins.a</file>
         <name>muldsi3.S.obj</name>
      </input_file>
      <input_file id="fl-b9">
         <path>C:\ti\ccs1271\ccs\tools\compiler\ti-cgt-armllvm_3.2.2.LTS\lib\clang\15.0.7\lib\armv6m-ti-none-eabi\</path>
         <kind>archive</kind>
         <file>libclang_rt.builtins.a</file>
         <name>divdf3.S.obj</name>
      </input_file>
      <input_file id="fl-ba">
         <path>C:\ti\ccs1271\ccs\tools\compiler\ti-cgt-armllvm_3.2.2.LTS\lib\clang\15.0.7\lib\armv6m-ti-none-eabi\</path>
         <kind>archive</kind>
         <file>libclang_rt.builtins.a</file>
         <name>fixdfsi.S.obj</name>
      </input_file>
      <input_file id="fl-bb">
         <path>C:\ti\ccs1271\ccs\tools\compiler\ti-cgt-armllvm_3.2.2.LTS\lib\clang\15.0.7\lib\armv6m-ti-none-eabi\</path>
         <kind>archive</kind>
         <file>libclang_rt.builtins.a</file>
         <name>floatsidf.S.obj</name>
      </input_file>
      <input_file id="fl-bc">
         <path>C:\ti\ccs1271\ccs\tools\compiler\ti-cgt-armllvm_3.2.2.LTS\lib\clang\15.0.7\lib\armv6m-ti-none-eabi\</path>
         <kind>archive</kind>
         <file>libclang_rt.builtins.a</file>
         <name>muldi3.S.obj</name>
      </input_file>
      <input_file id="fl-bd">
         <path>C:\ti\ccs1271\ccs\tools\compiler\ti-cgt-armllvm_3.2.2.LTS\lib\clang\15.0.7\lib\armv6m-ti-none-eabi\</path>
         <kind>archive</kind>
         <file>libclang_rt.builtins.a</file>
         <name>aeabi_dcmp.S.obj</name>
      </input_file>
      <input_file id="fl-be">
         <path>C:\ti\ccs1271\ccs\tools\compiler\ti-cgt-armllvm_3.2.2.LTS\lib\clang\15.0.7\lib\armv6m-ti-none-eabi\</path>
         <kind>archive</kind>
         <file>libclang_rt.builtins.a</file>
         <name>aeabi_idivmod.S.obj</name>
      </input_file>
      <input_file id="fl-bf">
         <path>C:\ti\ccs1271\ccs\tools\compiler\ti-cgt-armllvm_3.2.2.LTS\lib\clang\15.0.7\lib\armv6m-ti-none-eabi\</path>
         <kind>archive</kind>
         <file>libclang_rt.builtins.a</file>
         <name>aeabi_memcpy.S.obj</name>
      </input_file>
      <input_file id="fl-c0">
         <path>C:\ti\ccs1271\ccs\tools\compiler\ti-cgt-armllvm_3.2.2.LTS\lib\clang\15.0.7\lib\armv6m-ti-none-eabi\</path>
         <kind>archive</kind>
         <file>libclang_rt.builtins.a</file>
         <name>aeabi_memset.S.obj</name>
      </input_file>
      <input_file id="fl-c1">
         <path>C:\ti\ccs1271\ccs\tools\compiler\ti-cgt-armllvm_3.2.2.LTS\lib\clang\15.0.7\lib\armv6m-ti-none-eabi\</path>
         <kind>archive</kind>
         <file>libclang_rt.builtins.a</file>
         <name>aeabi_uidivmod.S.obj</name>
      </input_file>
      <input_file id="fl-c2">
         <path>C:\ti\ccs1271\ccs\tools\compiler\ti-cgt-armllvm_3.2.2.LTS\lib\clang\15.0.7\lib\armv6m-ti-none-eabi\</path>
         <kind>archive</kind>
         <file>libclang_rt.builtins.a</file>
         <name>aeabi_uldivmod.S.obj</name>
      </input_file>
      <input_file id="fl-c3">
         <path>C:\ti\ccs1271\ccs\tools\compiler\ti-cgt-armllvm_3.2.2.LTS\lib\clang\15.0.7\lib\armv6m-ti-none-eabi\</path>
         <kind>archive</kind>
         <file>libclang_rt.builtins.a</file>
         <name>udivmoddi4.S.obj</name>
      </input_file>
      <input_file id="fl-c4">
         <path>C:\ti\ccs1271\ccs\tools\compiler\ti-cgt-armllvm_3.2.2.LTS\lib\clang\15.0.7\lib\armv6m-ti-none-eabi\</path>
         <kind>archive</kind>
         <file>libclang_rt.builtins.a</file>
         <name>ashldi3.S.obj</name>
      </input_file>
      <input_file id="fl-c5">
         <path>C:\ti\ccs1271\ccs\tools\compiler\ti-cgt-armllvm_3.2.2.LTS\lib\clang\15.0.7\lib\armv6m-ti-none-eabi\</path>
         <kind>archive</kind>
         <file>libclang_rt.builtins.a</file>
         <name>comparedf2.c.obj</name>
      </input_file>
      <input_file id="fl-c6">
         <path>C:\ti\ccs1271\ccs\tools\compiler\ti-cgt-armllvm_3.2.2.LTS\lib\clang\15.0.7\lib\armv6m-ti-none-eabi\</path>
         <kind>archive</kind>
         <file>libclang_rt.builtins.a</file>
         <name>aeabi_div0.c.obj</name>
      </input_file>
      <input_file id="fl-c7">
         <path>C:\ti\ccs1271\ccs\tools\compiler\ti-cgt-armllvm_3.2.2.LTS\lib\armv6m-ti-none-eabi\c\</path>
         <kind>archive</kind>
         <file>libc.a</file>
         <name>getdevice.c.obj</name>
      </input_file>
      <input_file id="fl-c8">
         <path>C:\ti\ccs1271\ccs\tools\compiler\ti-cgt-armllvm_3.2.2.LTS\lib\armv6m-ti-none-eabi\c\</path>
         <kind>archive</kind>
         <file>libc.a</file>
         <name>memcpy16.S.obj</name>
      </input_file>
      <input_file id="fl-c9">
         <path>C:\ti\ccs1271\ccs\tools\compiler\ti-cgt-armllvm_3.2.2.LTS\lib\armv6m-ti-none-eabi\c\</path>
         <kind>archive</kind>
         <file>libc.a</file>
         <name>memset16.S.obj</name>
      </input_file>
   </input_file_list>
   <object_component_list>
      <object_component id="oc-18">
         <name>.intvecs</name>
         <load_address>0x0</load_address>
         <readonly>true</readonly>
         <run_address>0x0</run_address>
         <size>0xc0</size>
         <alignment>0x4</alignment>
         <input_file_ref idref="fl-3"/>
      </object_component>
      <object_component id="oc-d5">
         <name>.text:__TI_printfi_nofloat</name>
         <load_address>0xc0</load_address>
         <readonly>true</readonly>
         <executable>true</executable>
         <run_address>0xc0</run_address>
         <size>0x888</size>
         <alignment>0x4</alignment>
         <input_file_ref idref="fl-22"/>
      </object_component>
      <object_component id="oc-63">
         <name>.text.main</name>
         <load_address>0x948</load_address>
         <readonly>true</readonly>
         <executable>true</executable>
         <run_address>0x948</run_address>
         <size>0x170</size>
         <alignment>0x4</alignment>
         <input_file_ref idref="fl-1"/>
      </object_component>
      <object_component id="oc-1d0">
         <name>.text.aligned_alloc</name>
         <load_address>0xab8</load_address>
         <readonly>true</readonly>
         <executable>true</executable>
         <run_address>0xab8</run_address>
         <size>0x12c</size>
         <alignment>0x4</alignment>
         <input_file_ref idref="fl-31"/>
      </object_component>
      <object_component id="oc-e0">
         <name>.text.fputs</name>
         <load_address>0xbe4</load_address>
         <readonly>true</readonly>
         <executable>true</executable>
         <run_address>0xbe4</run_address>
         <size>0x104</size>
         <alignment>0x4</alignment>
         <input_file_ref idref="fl-24"/>
      </object_component>
      <object_component id="oc-1b0">
         <name>.text.free</name>
         <load_address>0xce8</load_address>
         <readonly>true</readonly>
         <executable>true</executable>
         <run_address>0xce8</run_address>
         <size>0xec</size>
         <alignment>0x4</alignment>
         <input_file_ref idref="fl-31"/>
      </object_component>
      <object_component id="oc-182">
         <name>.text.setvbuf</name>
         <load_address>0xdd4</load_address>
         <readonly>true</readonly>
         <executable>true</executable>
         <run_address>0xdd4</run_address>
         <size>0xdc</size>
         <alignment>0x4</alignment>
         <input_file_ref idref="fl-26"/>
      </object_component>
      <object_component id="oc-b0">
         <name>.text.SYSCFG_DL_GPIO_init</name>
         <load_address>0xeb0</load_address>
         <readonly>true</readonly>
         <executable>true</executable>
         <run_address>0xeb0</run_address>
         <size>0xa8</size>
         <alignment>0x4</alignment>
         <input_file_ref idref="fl-2"/>
      </object_component>
      <object_component id="oc-148">
         <name>.text</name>
         <load_address>0xf58</load_address>
         <readonly>true</readonly>
         <executable>true</executable>
         <run_address>0xf58</run_address>
         <size>0xa2</size>
         <alignment>0x4</alignment>
         <input_file_ref idref="fl-c3"/>
      </object_component>
      <object_component id="oc-33">
         <name>.text.Default_Handler</name>
         <load_address>0xffa</load_address>
         <readonly>true</readonly>
         <executable>true</executable>
         <run_address>0xffa</run_address>
         <size>0x2</size>
         <alignment>0x2</alignment>
         <input_file_ref idref="fl-3"/>
      </object_component>
      <object_component id="oc-e6">
         <name>.text.fputc</name>
         <load_address>0xffc</load_address>
         <readonly>true</readonly>
         <executable>true</executable>
         <run_address>0xffc</run_address>
         <size>0x9c</size>
         <alignment>0x4</alignment>
         <input_file_ref idref="fl-23"/>
      </object_component>
      <object_component id="oc-76">
         <name>.text:memcpy</name>
         <load_address>0x1098</load_address>
         <readonly>true</readonly>
         <executable>true</executable>
         <run_address>0x1098</run_address>
         <size>0x9a</size>
         <alignment>0x1</alignment>
         <input_file_ref idref="fl-c8"/>
      </object_component>
      <object_component id="oc-132">
         <name>.text.__aeabi_idiv0</name>
         <load_address>0x1132</load_address>
         <readonly>true</readonly>
         <executable>true</executable>
         <run_address>0x1132</run_address>
         <size>0x2</size>
         <alignment>0x2</alignment>
         <input_file_ref idref="fl-c6"/>
      </object_component>
      <object_component id="oc-1d1">
         <name>.text.__TI_closefile</name>
         <load_address>0x1134</load_address>
         <readonly>true</readonly>
         <executable>true</executable>
         <run_address>0x1134</run_address>
         <size>0x7c</size>
         <alignment>0x4</alignment>
         <input_file_ref idref="fl-41"/>
      </object_component>
      <object_component id="oc-1c">
         <name>.text:decompress:lzss</name>
         <load_address>0x11b0</load_address>
         <readonly>true</readonly>
         <executable>true</executable>
         <run_address>0x11b0</run_address>
         <size>0x78</size>
         <alignment>0x4</alignment>
         <input_file_ref idref="fl-39"/>
      </object_component>
      <object_component id="oc-1ea">
         <name>.text.HOSTlseek</name>
         <load_address>0x1228</load_address>
         <readonly>true</readonly>
         <executable>true</executable>
         <run_address>0x1228</run_address>
         <size>0x6c</size>
         <alignment>0x4</alignment>
         <input_file_ref idref="fl-af"/>
      </object_component>
      <object_component id="oc-1f2">
         <name>.text.HOSTrename</name>
         <load_address>0x1294</load_address>
         <readonly>true</readonly>
         <executable>true</executable>
         <run_address>0x1294</run_address>
         <size>0x6c</size>
         <alignment>0x4</alignment>
         <input_file_ref idref="fl-b2"/>
      </object_component>
      <object_component id="oc-1ad">
         <name>.text.fseeko</name>
         <load_address>0x1300</load_address>
         <readonly>true</readonly>
         <executable>true</executable>
         <run_address>0x1300</run_address>
         <size>0x6c</size>
         <alignment>0x4</alignment>
         <input_file_ref idref="fl-3e"/>
      </object_component>
      <object_component id="oc-234">
         <name>.text.getdevice</name>
         <load_address>0x136c</load_address>
         <readonly>true</readonly>
         <executable>true</executable>
         <run_address>0x136c</run_address>
         <size>0x68</size>
         <alignment>0x4</alignment>
         <input_file_ref idref="fl-c7"/>
      </object_component>
      <object_component id="oc-b3">
         <name>.text.SYSCFG_DL_I2C_init</name>
         <load_address>0x13d4</load_address>
         <readonly>true</readonly>
         <executable>true</executable>
         <run_address>0x13d4</run_address>
         <size>0x64</size>
         <alignment>0x4</alignment>
         <input_file_ref idref="fl-2"/>
      </object_component>
      <object_component id="oc-11b">
         <name>.text.__TI_wrt_ok</name>
         <load_address>0x1438</load_address>
         <readonly>true</readonly>
         <executable>true</executable>
         <run_address>0x1438</run_address>
         <size>0x64</size>
         <alignment>0x2</alignment>
         <input_file_ref idref="fl-25"/>
      </object_component>
      <object_component id="oc-1fc">
         <name>.text.split</name>
         <load_address>0x149c</load_address>
         <readonly>true</readonly>
         <executable>true</executable>
         <run_address>0x149c</run_address>
         <size>0x64</size>
         <alignment>0x4</alignment>
         <input_file_ref idref="fl-31"/>
      </object_component>
      <object_component id="oc-ae">
         <name>.text:memset</name>
         <load_address>0x1500</load_address>
         <readonly>true</readonly>
         <executable>true</executable>
         <run_address>0x1500</run_address>
         <size>0x62</size>
         <alignment>0x1</alignment>
         <input_file_ref idref="fl-c9"/>
      </object_component>
      <object_component id="oc-193">
         <name>.text.__aeabi_ldiv0</name>
         <load_address>0x1562</load_address>
         <readonly>true</readonly>
         <executable>true</executable>
         <run_address>0x1562</run_address>
         <size>0x2</size>
         <alignment>0x2</alignment>
         <input_file_ref idref="fl-c6"/>
      </object_component>
      <object_component id="oc-1da">
         <name>.text.HOSTopen</name>
         <load_address>0x1564</load_address>
         <readonly>true</readonly>
         <executable>true</executable>
         <run_address>0x1564</run_address>
         <size>0x60</size>
         <alignment>0x4</alignment>
         <input_file_ref idref="fl-b0"/>
      </object_component>
      <object_component id="oc-82">
         <name>.text.printf</name>
         <load_address>0x15c4</load_address>
         <readonly>true</readonly>
         <executable>true</executable>
         <run_address>0x15c4</run_address>
         <size>0x5c</size>
         <alignment>0x4</alignment>
         <input_file_ref idref="fl-21"/>
      </object_component>
      <object_component id="oc-1e2">
         <name>.text.HOSTread</name>
         <load_address>0x1620</load_address>
         <readonly>true</readonly>
         <executable>true</executable>
         <run_address>0x1620</run_address>
         <size>0x58</size>
         <alignment>0x4</alignment>
         <input_file_ref idref="fl-b1"/>
      </object_component>
      <object_component id="oc-1e6">
         <name>.text.HOSTwrite</name>
         <load_address>0x1678</load_address>
         <readonly>true</readonly>
         <executable>true</executable>
         <run_address>0x1678</run_address>
         <size>0x58</size>
         <alignment>0x4</alignment>
         <input_file_ref idref="fl-b4"/>
      </object_component>
      <object_component id="oc-81">
         <name>.text.DL_I2C_fillTargetTXFIFO</name>
         <load_address>0x16d0</load_address>
         <readonly>true</readonly>
         <executable>true</executable>
         <run_address>0x16d0</run_address>
         <size>0x54</size>
         <alignment>0x2</alignment>
         <input_file_ref idref="fl-12"/>
      </object_component>
      <object_component id="oc-125">
         <name>.text.__TI_doflush</name>
         <load_address>0x1724</load_address>
         <readonly>true</readonly>
         <executable>true</executable>
         <run_address>0x1724</run_address>
         <size>0x52</size>
         <alignment>0x2</alignment>
         <input_file_ref idref="fl-3c"/>
      </object_component>
      <object_component id="oc-d7">
         <name>.text._nop</name>
         <load_address>0x1776</load_address>
         <readonly>true</readonly>
         <executable>true</executable>
         <run_address>0x1776</run_address>
         <size>0x2</size>
         <alignment>0x2</alignment>
         <input_file_ref idref="fl-2b"/>
      </object_component>
      <object_component id="oc-1fe">
         <name>.text.close</name>
         <load_address>0x1778</load_address>
         <readonly>true</readonly>
         <executable>true</executable>
         <run_address>0x1778</run_address>
         <size>0x50</size>
         <alignment>0x4</alignment>
         <input_file_ref idref="fl-ac"/>
      </object_component>
      <object_component id="oc-1de">
         <name>.text.HOSTclose</name>
         <load_address>0x17c8</load_address>
         <readonly>true</readonly>
         <executable>true</executable>
         <run_address>0x17c8</run_address>
         <size>0x48</size>
         <alignment>0x4</alignment>
         <input_file_ref idref="fl-ae"/>
      </object_component>
      <object_component id="oc-1ee">
         <name>.text.HOSTunlink</name>
         <load_address>0x1810</load_address>
         <readonly>true</readonly>
         <executable>true</executable>
         <run_address>0x1810</run_address>
         <size>0x48</size>
         <alignment>0x4</alignment>
         <input_file_ref idref="fl-b3"/>
      </object_component>
      <object_component id="oc-f7">
         <name>.text.__aeabi_uidivmod</name>
         <load_address>0x1858</load_address>
         <readonly>true</readonly>
         <executable>true</executable>
         <run_address>0x1858</run_address>
         <size>0x40</size>
         <alignment>0x4</alignment>
         <input_file_ref idref="fl-c1"/>
      </object_component>
      <object_component id="oc-fd">
         <name>.text.atoi</name>
         <load_address>0x1898</load_address>
         <readonly>true</readonly>
         <executable>true</executable>
         <run_address>0x1898</run_address>
         <size>0x40</size>
         <alignment>0x4</alignment>
         <input_file_ref idref="fl-2e"/>
      </object_component>
      <object_component id="oc-96">
         <name>.text:__TI_auto_init_nobinit_nopinit</name>
         <load_address>0x18d8</load_address>
         <readonly>true</readonly>
         <executable>true</executable>
         <run_address>0x18d8</run_address>
         <size>0x3c</size>
         <alignment>0x4</alignment>
         <input_file_ref idref="fl-34"/>
      </object_component>
      <object_component id="oc-143">
         <name>.text.__muldsi3</name>
         <load_address>0x1914</load_address>
         <readonly>true</readonly>
         <executable>true</executable>
         <run_address>0x1914</run_address>
         <size>0x3a</size>
         <alignment>0x4</alignment>
         <input_file_ref idref="fl-b8"/>
      </object_component>
      <object_component id="oc-23d">
         <name>.text.finddevice</name>
         <load_address>0x1950</load_address>
         <readonly>true</readonly>
         <executable>true</executable>
         <run_address>0x1950</run_address>
         <size>0x38</size>
         <alignment>0x4</alignment>
         <input_file_ref idref="fl-c7"/>
      </object_component>
      <object_component id="oc-cd">
         <name>.text.DL_I2C_setClockConfig</name>
         <load_address>0x1988</load_address>
         <readonly>true</readonly>
         <executable>true</executable>
         <run_address>0x1988</run_address>
         <size>0x34</size>
         <alignment>0x4</alignment>
         <input_file_ref idref="fl-12"/>
      </object_component>
      <object_component id="oc-af">
         <name>.text.SYSCFG_DL_initPower</name>
         <load_address>0x19bc</load_address>
         <readonly>true</readonly>
         <executable>true</executable>
         <run_address>0x19bc</run_address>
         <size>0x34</size>
         <alignment>0x4</alignment>
         <input_file_ref idref="fl-2"/>
      </object_component>
      <object_component id="oc-1b7">
         <name>.text.__TI_cleanup</name>
         <load_address>0x19f0</load_address>
         <readonly>true</readonly>
         <executable>true</executable>
         <run_address>0x19f0</run_address>
         <size>0x34</size>
         <alignment>0x4</alignment>
         <input_file_ref idref="fl-3d"/>
      </object_component>
      <object_component id="oc-20f">
         <name>.text.__TI_readmsg</name>
         <load_address>0x1a24</load_address>
         <readonly>true</readonly>
         <executable>true</executable>
         <run_address>0x1a24</run_address>
         <size>0x34</size>
         <alignment>0x4</alignment>
         <input_file_ref idref="fl-b5"/>
      </object_component>
      <object_component id="oc-209">
         <name>.text.__TI_writemsg</name>
         <load_address>0x1a58</load_address>
         <readonly>true</readonly>
         <executable>true</executable>
         <run_address>0x1a58</run_address>
         <size>0x34</size>
         <alignment>0x4</alignment>
         <input_file_ref idref="fl-b5"/>
      </object_component>
      <object_component id="oc-94">
         <name>.text.exit</name>
         <load_address>0x1a8c</load_address>
         <readonly>true</readonly>
         <executable>true</executable>
         <run_address>0x1a8c</run_address>
         <size>0x34</size>
         <alignment>0x4</alignment>
         <input_file_ref idref="fl-2a"/>
      </object_component>
      <object_component id="oc-b2">
         <name>.text.SYSCFG_DL_SYSCTL_init</name>
         <load_address>0x1ac0</load_address>
         <readonly>true</readonly>
         <executable>true</executable>
         <run_address>0x1ac0</run_address>
         <size>0x30</size>
         <alignment>0x4</alignment>
         <input_file_ref idref="fl-2"/>
      </object_component>
      <object_component id="oc-22a">
         <name>.text.unlink</name>
         <load_address>0x1af0</load_address>
         <readonly>true</readonly>
         <executable>true</executable>
         <run_address>0x1af0</run_address>
         <size>0x2c</size>
         <alignment>0x4</alignment>
         <input_file_ref idref="fl-ad"/>
      </object_component>
      <object_component id="oc-ef">
         <name>.text.DL_Common_updateReg</name>
         <load_address>0x1b1c</load_address>
         <readonly>true</readonly>
         <executable>true</executable>
         <run_address>0x1b1c</run_address>
         <size>0x28</size>
         <alignment>0x2</alignment>
         <input_file_ref idref="fl-12"/>
      </object_component>
      <object_component id="oc-1cc">
         <name>.text.free_list_insert</name>
         <load_address>0x1b44</load_address>
         <readonly>true</readonly>
         <executable>true</executable>
         <run_address>0x1b44</run_address>
         <size>0x28</size>
         <alignment>0x4</alignment>
         <input_file_ref idref="fl-31"/>
      </object_component>
      <object_component id="oc-1c6">
         <name>.text.lseek</name>
         <load_address>0x1b6c</load_address>
         <readonly>true</readonly>
         <executable>true</executable>
         <run_address>0x1b6c</run_address>
         <size>0x28</size>
         <alignment>0x4</alignment>
         <input_file_ref idref="fl-ab"/>
      </object_component>
      <object_component id="oc-121">
         <name>.text.write</name>
         <load_address>0x1b94</load_address>
         <readonly>true</readonly>
         <executable>true</executable>
         <run_address>0x1b94</run_address>
         <size>0x28</size>
         <alignment>0x4</alignment>
         <input_file_ref idref="fl-a7"/>
      </object_component>
      <object_component id="oc-4f">
         <name>.text:_c_int00_noargs</name>
         <load_address>0x1bbc</load_address>
         <readonly>true</readonly>
         <executable>true</executable>
         <run_address>0x1bbc</run_address>
         <size>0x28</size>
         <alignment>0x4</alignment>
         <input_file_ref idref="fl-32"/>
      </object_component>
      <object_component id="oc-10a">
         <name>.text.__muldi3</name>
         <load_address>0x1be4</load_address>
         <readonly>true</readonly>
         <executable>true</executable>
         <run_address>0x1be4</run_address>
         <size>0x24</size>
         <alignment>0x4</alignment>
         <input_file_ref idref="fl-bc"/>
      </object_component>
      <object_component id="oc-f2">
         <name>.text.memccpy</name>
         <load_address>0x1c08</load_address>
         <readonly>true</readonly>
         <executable>true</executable>
         <run_address>0x1c08</run_address>
         <size>0x22</size>
         <alignment>0x2</alignment>
         <input_file_ref idref="fl-30"/>
      </object_component>
      <object_component id="oc-194">
         <name>.text.__ashldi3</name>
         <load_address>0x1c2c</load_address>
         <readonly>true</readonly>
         <executable>true</executable>
         <run_address>0x1c2c</run_address>
         <size>0x1e</size>
         <alignment>0x4</alignment>
         <input_file_ref idref="fl-c4"/>
      </object_component>
      <object_component id="oc-b6">
         <name>.text.DL_I2C_isTargetTXFIFOFull</name>
         <load_address>0x1c4c</load_address>
         <readonly>true</readonly>
         <executable>true</executable>
         <run_address>0x1c4c</run_address>
         <size>0x1c</size>
         <alignment>0x4</alignment>
         <input_file_ref idref="fl-12"/>
      </object_component>
      <object_component id="oc-1ca">
         <name>.text.free_list_remove</name>
         <load_address>0x1c68</load_address>
         <readonly>true</readonly>
         <executable>true</executable>
         <run_address>0x1c68</run_address>
         <size>0x1c</size>
         <alignment>0x4</alignment>
         <input_file_ref idref="fl-31"/>
      </object_component>
      <object_component id="oc-b7">
         <name>.text.DL_I2C_transmitTargetData</name>
         <load_address>0x1c84</load_address>
         <readonly>true</readonly>
         <executable>true</executable>
         <run_address>0x1c84</run_address>
         <size>0x18</size>
         <alignment>0x4</alignment>
         <input_file_ref idref="fl-12"/>
      </object_component>
      <object_component id="oc-46">
         <name>.text:decompress:ZI:__TI_zero_init_nomemset</name>
         <load_address>0x1c9c</load_address>
         <readonly>true</readonly>
         <executable>true</executable>
         <run_address>0x1c9c</run_address>
         <size>0x16</size>
         <alignment>0x2</alignment>
         <input_file_ref idref="fl-37"/>
      </object_component>
      <object_component id="oc-80">
         <name>.text.DL_Common_delayCycles</name>
         <load_address>0x1cb2</load_address>
         <readonly>true</readonly>
         <executable>true</executable>
         <run_address>0x1cb2</run_address>
         <size>0x14</size>
         <alignment>0x2</alignment>
         <input_file_ref idref="fl-11"/>
      </object_component>
      <object_component id="oc-7b">
         <name>.text.SYSCFG_DL_init</name>
         <load_address>0x1cc6</load_address>
         <readonly>true</readonly>
         <executable>true</executable>
         <run_address>0x1cc6</run_address>
         <size>0x14</size>
         <alignment>0x2</alignment>
         <input_file_ref idref="fl-2"/>
      </object_component>
      <object_component id="oc-10f">
         <name>.text.__aeabi_uldivmod</name>
         <load_address>0x1cdc</load_address>
         <readonly>true</readonly>
         <executable>true</executable>
         <run_address>0x1cdc</run_address>
         <size>0x14</size>
         <alignment>0x4</alignment>
         <input_file_ref idref="fl-c2"/>
      </object_component>
      <object_component id="oc-223">
         <name>.text.strcpy</name>
         <load_address>0x1cf0</load_address>
         <readonly>true</readonly>
         <executable>true</executable>
         <run_address>0x1cf0</run_address>
         <size>0x12</size>
         <alignment>0x2</alignment>
         <input_file_ref idref="fl-b2"/>
      </object_component>
      <object_component id="oc-20">
         <name>.text:decompress:none</name>
         <load_address>0x1d02</load_address>
         <readonly>true</readonly>
         <executable>true</executable>
         <run_address>0x1d02</run_address>
         <size>0x12</size>
         <alignment>0x2</alignment>
         <input_file_ref idref="fl-38"/>
      </object_component>
      <object_component id="oc-101">
         <name>.text.wcslen</name>
         <load_address>0x1d14</load_address>
         <readonly>true</readonly>
         <executable>true</executable>
         <run_address>0x1d14</run_address>
         <size>0x10</size>
         <alignment>0x2</alignment>
         <input_file_ref idref="fl-3a"/>
      </object_component>
      <object_component id="oc-1cb">
         <name>.text.OUTLINED_FUNCTION_0</name>
         <load_address>0x1d24</load_address>
         <readonly>true</readonly>
         <executable>true</executable>
         <run_address>0x1d24</run_address>
         <size>0xe</size>
         <alignment>0x2</alignment>
         <input_file_ref idref="fl-31"/>
      </object_component>
      <object_component id="oc-f1">
         <name>.text.__aeabi_memset</name>
         <load_address>0x1d34</load_address>
         <readonly>true</readonly>
         <executable>true</executable>
         <run_address>0x1d34</run_address>
         <size>0xe</size>
         <alignment>0x4</alignment>
         <input_file_ref idref="fl-c0"/>
      </object_component>
      <object_component id="oc-f0">
         <name>.text.strlen</name>
         <load_address>0x1d42</load_address>
         <readonly>true</readonly>
         <executable>true</executable>
         <run_address>0x1d42</run_address>
         <size>0xe</size>
         <alignment>0x2</alignment>
         <input_file_ref idref="fl-22"/>
      </object_component>
      <object_component id="oc-224">
         <name>.text.strlen</name>
         <load_address>0x1d50</load_address>
         <readonly>true</readonly>
         <executable>true</executable>
         <run_address>0x1d50</run_address>
         <size>0xe</size>
         <alignment>0x2</alignment>
         <input_file_ref idref="fl-b2"/>
      </object_component>
      <object_component id="oc-5a">
         <name>.text.__aeabi_memclr</name>
         <load_address>0x1d60</load_address>
         <readonly>true</readonly>
         <executable>true</executable>
         <run_address>0x1d60</run_address>
         <size>0xc</size>
         <alignment>0x4</alignment>
         <input_file_ref idref="fl-c0"/>
      </object_component>
      <object_component id="oc-1b6">
         <name>.text.malloc</name>
         <load_address>0x1d6c</load_address>
         <readonly>true</readonly>
         <executable>true</executable>
         <run_address>0x1d6c</run_address>
         <size>0xc</size>
         <alignment>0x2</alignment>
         <input_file_ref idref="fl-31"/>
      </object_component>
      <object_component id="oc-105">
         <name>.text.__aeabi_errno_addr</name>
         <load_address>0x1d78</load_address>
         <readonly>true</readonly>
         <executable>true</executable>
         <run_address>0x1d78</run_address>
         <size>0x8</size>
         <alignment>0x4</alignment>
         <input_file_ref idref="fl-29"/>
      </object_component>
      <object_component id="oc-3f">
         <name>.text.__aeabi_memcpy</name>
         <load_address>0x1d80</load_address>
         <readonly>true</readonly>
         <executable>true</executable>
         <run_address>0x1d80</run_address>
         <size>0x8</size>
         <alignment>0x4</alignment>
         <input_file_ref idref="fl-bf"/>
      </object_component>
      <object_component id="oc-be">
         <name>.text._outc</name>
         <load_address>0x1d88</load_address>
         <readonly>true</readonly>
         <executable>true</executable>
         <run_address>0x1d88</run_address>
         <size>0x8</size>
         <alignment>0x2</alignment>
         <input_file_ref idref="fl-21"/>
      </object_component>
      <object_component id="oc-bd">
         <name>.text._outs</name>
         <load_address>0x1d90</load_address>
         <readonly>true</readonly>
         <executable>true</executable>
         <run_address>0x1d90</run_address>
         <size>0x8</size>
         <alignment>0x2</alignment>
         <input_file_ref idref="fl-21"/>
      </object_component>
      <object_component id="oc-17c">
         <name>.text.fseek</name>
         <load_address>0x1d98</load_address>
         <readonly>true</readonly>
         <executable>true</executable>
         <run_address>0x1d98</run_address>
         <size>0x8</size>
         <alignment>0x2</alignment>
         <input_file_ref idref="fl-3e"/>
      </object_component>
      <object_component id="oc-202">
         <name>.text.remove</name>
         <load_address>0x1da0</load_address>
         <readonly>true</readonly>
         <executable>true</executable>
         <run_address>0x1da0</run_address>
         <size>0x8</size>
         <alignment>0x2</alignment>
         <input_file_ref idref="fl-a9"/>
      </object_component>
      <object_component id="oc-2f">
         <name>.text.Reset_Handler</name>
         <load_address>0x1da8</load_address>
         <readonly>true</readonly>
         <executable>true</executable>
         <run_address>0x1da8</run_address>
         <size>0x4</size>
         <alignment>0x2</alignment>
         <input_file_ref idref="fl-3"/>
      </object_component>
      <object_component id="oc-5f">
         <name>.text._system_pre_init</name>
         <load_address>0x1dac</load_address>
         <readonly>true</readonly>
         <executable>true</executable>
         <run_address>0x1dac</run_address>
         <size>0x4</size>
         <alignment>0x2</alignment>
         <input_file_ref idref="fl-35"/>
      </object_component>
      <object_component id="oc-8f">
         <name>.text:abort</name>
         <load_address>0x1db0</load_address>
         <readonly>true</readonly>
         <executable>true</executable>
         <run_address>0x1db0</run_address>
         <size>0x4</size>
         <alignment>0x2</alignment>
         <input_file_ref idref="fl-2a"/>
      </object_component>
      <object_component id="oc-283">
         <name>.cinit..data.load</name>
         <load_address>0x1f30</load_address>
         <readonly>true</readonly>
         <run_address>0x1f30</run_address>
         <size>0x69</size>
         <alignment>0x1</alignment>
      </object_component>
      <object_component id="oc-281">
         <name>__TI_handler_table</name>
         <load_address>0x1f9c</load_address>
         <readonly>true</readonly>
         <run_address>0x1f9c</run_address>
         <size>0xc</size>
         <alignment>0x4</alignment>
      </object_component>
      <object_component id="oc-284">
         <name>.cinit..bss.load</name>
         <load_address>0x1fa8</load_address>
         <readonly>true</readonly>
         <run_address>0x1fa8</run_address>
         <size>0x8</size>
         <alignment>0x4</alignment>
      </object_component>
      <object_component id="oc-282">
         <name>__TI_cinit_table</name>
         <load_address>0x1fb0</load_address>
         <readonly>true</readonly>
         <run_address>0x1fb0</run_address>
         <size>0x10</size>
         <alignment>0x4</alignment>
      </object_component>
      <object_component id="oc-138">
         <name>.rodata:__aeabi_ctype_table_</name>
         <load_address>0x1dc0</load_address>
         <readonly>true</readonly>
         <run_address>0x1dc0</run_address>
         <size>0x101</size>
         <alignment>0x10</alignment>
         <input_file_ref idref="fl-3f"/>
      </object_component>
      <object_component id="oc-cc">
         <name>.rodata..L__const.SYSCFG_DL_GPIO_init.unusedPinIndexes</name>
         <load_address>0x1ec1</load_address>
         <readonly>true</readonly>
         <run_address>0x1ec1</run_address>
         <size>0x37</size>
         <alignment>0x1</alignment>
         <input_file_ref idref="fl-2"/>
      </object_component>
      <object_component id="oc-10e">
         <name>.rodata.str1.11645776875810915891</name>
         <load_address>0x1ef8</load_address>
         <readonly>true</readonly>
         <run_address>0x1ef8</run_address>
         <size>0x11</size>
         <alignment>0x1</alignment>
         <input_file_ref idref="fl-22"/>
      </object_component>
      <object_component id="oc-f6">
         <name>.rodata.str1.44690500295887128011</name>
         <load_address>0x1f09</load_address>
         <readonly>true</readonly>
         <run_address>0x1f09</run_address>
         <size>0x11</size>
         <alignment>0x1</alignment>
         <input_file_ref idref="fl-22"/>
      </object_component>
      <object_component id="oc-8a">
         <name>.rodata.str1.37975203069741568941</name>
         <load_address>0x1f1a</load_address>
         <readonly>true</readonly>
         <run_address>0x1f1a</run_address>
         <size>0x5</size>
         <alignment>0x1</alignment>
         <input_file_ref idref="fl-1"/>
      </object_component>
      <object_component id="oc-ce">
         <name>.rodata.gI2CClockConfig</name>
         <load_address>0x1f1f</load_address>
         <readonly>true</readonly>
         <run_address>0x1f1f</run_address>
         <size>0x2</size>
         <alignment>0x1</alignment>
         <input_file_ref idref="fl-2"/>
      </object_component>
      <object_component id="oc-249">
         <name>.binit</name>
         <load_address>0x0</load_address>
         <readonly>true</readonly>
         <run_address>0x0</run_address>
         <size>0x0</size>
         <alignment>0x4</alignment>
      </object_component>
      <object_component id="oc-88">
         <name>.data.gTxPacket</name>
         <load_address>0x202009c0</load_address>
         <readwrite>true</readwrite>
         <run_address>0x202009c0</run_address>
         <size>0x5</size>
         <alignment>0x1</alignment>
         <input_file_ref idref="fl-1"/>
      </object_component>
      <object_component id="oc-13f">
         <name>.data.__aeabi_errno</name>
         <load_address>0x202009cc</load_address>
         <readwrite>true</readwrite>
         <run_address>0x202009cc</run_address>
         <size>0x4</size>
         <alignment>0x4</alignment>
         <input_file_ref idref="fl-29"/>
      </object_component>
      <object_component id="oc-c4">
         <name>.data..L_MergedGlobals</name>
         <load_address>0x202009b8</load_address>
         <readwrite>true</readwrite>
         <run_address>0x202009b8</run_address>
         <size>0x8</size>
         <alignment>0x4</alignment>
         <input_file_ref idref="fl-2a"/>
      </object_component>
      <object_component id="oc-b9">
         <name>.data._lock</name>
         <load_address>0x202009d0</load_address>
         <readwrite>true</readwrite>
         <run_address>0x202009d0</run_address>
         <size>0x4</size>
         <alignment>0x4</alignment>
         <input_file_ref idref="fl-2b"/>
      </object_component>
      <object_component id="oc-bf">
         <name>.data._unlock</name>
         <load_address>0x202009d4</load_address>
         <readwrite>true</readwrite>
         <run_address>0x202009d4</run_address>
         <size>0x4</size>
         <alignment>0x4</alignment>
         <input_file_ref idref="fl-2b"/>
      </object_component>
      <object_component id="oc-bb">
         <name>.data._ftable</name>
         <load_address>0x20200800</load_address>
         <readwrite>true</readwrite>
         <run_address>0x20200800</run_address>
         <size>0xf0</size>
         <alignment>0x4</alignment>
         <input_file_ref idref="fl-2f"/>
      </object_component>
      <object_component id="oc-1d7">
         <name>.data.__TI_ft_end</name>
         <load_address>0x202009c8</load_address>
         <readwrite>true</readwrite>
         <run_address>0x202009c8</run_address>
         <size>0x4</size>
         <alignment>0x4</alignment>
         <input_file_ref idref="fl-2f"/>
      </object_component>
      <object_component id="oc-1fd">
         <name>.data.memory_is_initialized</name>
         <load_address>0x202009d8</load_address>
         <readwrite>true</readwrite>
         <run_address>0x202009d8</run_address>
         <size>0x1</size>
         <alignment>0x4</alignment>
         <input_file_ref idref="fl-31"/>
      </object_component>
      <object_component id="oc-1c0">
         <name>.data._device</name>
         <load_address>0x202008f0</load_address>
         <readwrite>true</readwrite>
         <run_address>0x202008f0</run_address>
         <size>0x78</size>
         <alignment>0x4</alignment>
         <input_file_ref idref="fl-a8"/>
      </object_component>
      <object_component id="oc-188">
         <name>.data._stream</name>
         <load_address>0x20200968</load_address>
         <readwrite>true</readwrite>
         <run_address>0x20200968</run_address>
         <size>0x50</size>
         <alignment>0x4</alignment>
         <input_file_ref idref="fl-a8"/>
      </object_component>
      <object_component id="oc-206">
         <name>.bss.__TI_tmpnams</name>
         <uninitialized>true</uninitialized>
         <readwrite>true</readwrite>
         <run_address>0x20200afc</run_address>
         <size>0xa0</size>
         <alignment>0x1</alignment>
         <input_file_ref idref="fl-2f"/>
      </object_component>
      <object_component id="oc-1fb">
         <name>.bss.sys_free</name>
         <uninitialized>true</uninitialized>
         <readwrite>true</readwrite>
         <run_address>0x20200bac</run_address>
         <size>0x4</size>
         <alignment>0x4</alignment>
         <input_file_ref idref="fl-31"/>
      </object_component>
      <object_component id="oc-210">
         <name>.bss.parmbuf</name>
         <uninitialized>true</uninitialized>
         <readwrite>true</readwrite>
         <run_address>0x20200b9c</run_address>
         <size>0x8</size>
         <alignment>0x1</alignment>
         <input_file_ref idref="fl-b0"/>
      </object_component>
      <object_component id="oc-231">
         <name>.bss:_CIOBUF_</name>
         <uninitialized>true</uninitialized>
         <readwrite>true</readwrite>
         <run_address>0x202009dc</run_address>
         <size>0x120</size>
         <alignment>0x4</alignment>
         <input_file_ref idref="fl-b5"/>
      </object_component>
      <object_component id="oc-89">
         <name>.common:gRxPacket</name>
         <uninitialized>true</uninitialized>
         <readwrite>true</readwrite>
         <run_address>0x20200ba4</run_address>
         <size>0x8</size>
         <alignment>0x1</alignment>
      </object_component>
      <object_component id="oc-1cd">
         <name>.sysmem</name>
         <uninitialized>true</uninitialized>
         <readwrite>true</readwrite>
         <run_address>0x20200000</run_address>
         <size>0x10</size>
         <alignment>0x8</alignment>
         <input_file_ref idref="fl-31"/>
      </object_component>
      <object_component id="oc-287">
         <name>.sysmem</name>
         <uninitialized>true</uninitialized>
         <readwrite>true</readwrite>
         <run_address>0x20200000</run_address>
         <size>0x0</size>
         <alignment>0x4</alignment>
      </object_component>
      <object_component id="oc-1a">
         <name>.stack</name>
         <uninitialized>true</uninitialized>
         <readwrite>true</readwrite>
         <run_address>0x20207e00</run_address>
         <size>0x4</size>
         <alignment>0x4</alignment>
         <input_file_ref idref="fl-32"/>
      </object_component>
      <object_component id="oc-286">
         <name>.stack</name>
         <uninitialized>true</uninitialized>
         <readwrite>true</readwrite>
         <run_address>0x20207e00</run_address>
         <size>0x0</size>
         <alignment>0x8</alignment>
      </object_component>
      <object_component id="oc-8d">
         <name>.debug_loc</name>
         <load_address>0x0</load_address>
         <run_address>0x0</run_address>
         <size>0x60</size>
         <alignment>0x1</alignment>
         <input_file_ref idref="fl-1"/>
      </object_component>
      <object_component id="oc-b1">
         <name>.debug_loc</name>
         <load_address>0x60</load_address>
         <run_address>0x60</run_address>
         <size>0x131</size>
         <alignment>0x1</alignment>
         <input_file_ref idref="fl-2"/>
      </object_component>
      <object_component id="oc-83">
         <name>.debug_loc</name>
         <load_address>0x191</load_address>
         <run_address>0x191</run_address>
         <size>0x10a</size>
         <alignment>0x1</alignment>
         <input_file_ref idref="fl-21"/>
      </object_component>
      <object_component id="oc-d2">
         <name>.debug_loc</name>
         <load_address>0x29b</load_address>
         <run_address>0x29b</run_address>
         <size>0x33d1</size>
         <alignment>0x1</alignment>
         <input_file_ref idref="fl-22"/>
      </object_component>
      <object_component id="oc-eb">
         <name>.debug_loc</name>
         <load_address>0x366c</load_address>
         <run_address>0x366c</run_address>
         <size>0x150</size>
         <alignment>0x1</alignment>
         <input_file_ref idref="fl-23"/>
      </object_component>
      <object_component id="oc-e1">
         <name>.debug_loc</name>
         <load_address>0x37bc</load_address>
         <run_address>0x37bc</run_address>
         <size>0x1ff</size>
         <alignment>0x1</alignment>
         <input_file_ref idref="fl-24"/>
      </object_component>
      <object_component id="oc-11e">
         <name>.debug_loc</name>
         <load_address>0x39bb</load_address>
         <run_address>0x39bb</run_address>
         <size>0xbf</size>
         <alignment>0x1</alignment>
         <input_file_ref idref="fl-25"/>
      </object_component>
      <object_component id="oc-1bf">
         <name>.debug_loc</name>
         <load_address>0x3a7a</load_address>
         <run_address>0x3a7a</run_address>
         <size>0xa6</size>
         <alignment>0x1</alignment>
         <input_file_ref idref="fl-26"/>
      </object_component>
      <object_component id="oc-142">
         <name>.debug_loc</name>
         <load_address>0x3b20</load_address>
         <run_address>0x3b20</run_address>
         <size>0x101</size>
         <alignment>0x1</alignment>
         <input_file_ref idref="fl-29"/>
      </object_component>
      <object_component id="oc-95">
         <name>.debug_loc</name>
         <load_address>0x3c21</load_address>
         <run_address>0x3c21</run_address>
         <size>0x26</size>
         <alignment>0x1</alignment>
         <input_file_ref idref="fl-2a"/>
      </object_component>
      <object_component id="oc-13b">
         <name>.debug_loc</name>
         <load_address>0x3c47</load_address>
         <run_address>0x3c47</run_address>
         <size>0x66</size>
         <alignment>0x1</alignment>
         <input_file_ref idref="fl-2e"/>
      </object_component>
      <object_component id="oc-131">
         <name>.debug_loc</name>
         <load_address>0x3cad</load_address>
         <run_address>0x3cad</run_address>
         <size>0xbf</size>
         <alignment>0x1</alignment>
         <input_file_ref idref="fl-30"/>
      </object_component>
      <object_component id="oc-1b1">
         <name>.debug_loc</name>
         <load_address>0x3d6c</load_address>
         <run_address>0x3d6c</run_address>
         <size>0x6dd</size>
         <alignment>0x1</alignment>
         <input_file_ref idref="fl-31"/>
      </object_component>
      <object_component id="oc-3a">
         <name>.debug_loc</name>
         <load_address>0x4449</load_address>
         <run_address>0x4449</run_address>
         <size>0xd8</size>
         <alignment>0x1</alignment>
         <input_file_ref idref="fl-32"/>
      </object_component>
      <object_component id="oc-99">
         <name>.debug_loc</name>
         <load_address>0x4521</load_address>
         <run_address>0x4521</run_address>
         <size>0x480</size>
         <alignment>0x1</alignment>
         <input_file_ref idref="fl-34"/>
      </object_component>
      <object_component id="oc-48">
         <name>.debug_loc</name>
         <load_address>0x49a1</load_address>
         <run_address>0x49a1</run_address>
         <size>0x16c</size>
         <alignment>0x1</alignment>
         <input_file_ref idref="fl-37"/>
      </object_component>
      <object_component id="oc-45">
         <name>.debug_loc</name>
         <load_address>0x4b0d</load_address>
         <run_address>0x4b0d</run_address>
         <size>0x6f</size>
         <alignment>0x1</alignment>
         <input_file_ref idref="fl-38"/>
      </object_component>
      <object_component id="oc-3d">
         <name>.debug_loc</name>
         <load_address>0x4b7c</load_address>
         <run_address>0x4b7c</run_address>
         <size>0x166</size>
         <alignment>0x1</alignment>
         <input_file_ref idref="fl-39"/>
      </object_component>
      <object_component id="oc-13e">
         <name>.debug_loc</name>
         <load_address>0x4ce2</load_address>
         <run_address>0x4ce2</run_address>
         <size>0x33</size>
         <alignment>0x1</alignment>
         <input_file_ref idref="fl-3a"/>
      </object_component>
      <object_component id="oc-12a">
         <name>.debug_loc</name>
         <load_address>0x4d15</load_address>
         <run_address>0x4d15</run_address>
         <size>0x10c</size>
         <alignment>0x1</alignment>
         <input_file_ref idref="fl-3c"/>
      </object_component>
      <object_component id="oc-1b8">
         <name>.debug_loc</name>
         <load_address>0x4e21</load_address>
         <run_address>0x4e21</run_address>
         <size>0x482</size>
         <alignment>0x1</alignment>
         <input_file_ref idref="fl-3d"/>
      </object_component>
      <object_component id="oc-17e">
         <name>.debug_loc</name>
         <load_address>0x52a3</load_address>
         <run_address>0x52a3</run_address>
         <size>0x10f</size>
         <alignment>0x1</alignment>
         <input_file_ref idref="fl-3e"/>
      </object_component>
      <object_component id="oc-1d5">
         <name>.debug_loc</name>
         <load_address>0x53b2</load_address>
         <run_address>0x53b2</run_address>
         <size>0xf2</size>
         <alignment>0x1</alignment>
         <input_file_ref idref="fl-41"/>
      </object_component>
      <object_component id="oc-18c">
         <name>.debug_loc</name>
         <load_address>0x54a4</load_address>
         <run_address>0x54a4</run_address>
         <size>0x44</size>
         <alignment>0x1</alignment>
         <input_file_ref idref="fl-a7"/>
      </object_component>
      <object_component id="oc-230">
         <name>.debug_loc</name>
         <load_address>0x54e8</load_address>
         <run_address>0x54e8</run_address>
         <size>0x20</size>
         <alignment>0x1</alignment>
         <input_file_ref idref="fl-a9"/>
      </object_component>
      <object_component id="oc-1fa">
         <name>.debug_loc</name>
         <load_address>0x5508</load_address>
         <run_address>0x5508</run_address>
         <size>0x44</size>
         <alignment>0x1</alignment>
         <input_file_ref idref="fl-ab"/>
      </object_component>
      <object_component id="oc-229">
         <name>.debug_loc</name>
         <load_address>0x554c</load_address>
         <run_address>0x554c</run_address>
         <size>0x3e</size>
         <alignment>0x1</alignment>
         <input_file_ref idref="fl-ac"/>
      </object_component>
      <object_component id="oc-23c">
         <name>.debug_loc</name>
         <load_address>0x558a</load_address>
         <run_address>0x558a</run_address>
         <size>0x5d</size>
         <alignment>0x1</alignment>
         <input_file_ref idref="fl-ad"/>
      </object_component>
      <object_component id="oc-216">
         <name>.debug_loc</name>
         <load_address>0x55e7</load_address>
         <run_address>0x55e7</run_address>
         <size>0x3e</size>
         <alignment>0x1</alignment>
         <input_file_ref idref="fl-ae"/>
      </object_component>
      <object_component id="oc-21f">
         <name>.debug_loc</name>
         <load_address>0x5625</load_address>
         <run_address>0x5625</run_address>
         <size>0x7a</size>
         <alignment>0x1</alignment>
         <input_file_ref idref="fl-af"/>
      </object_component>
      <object_component id="oc-213">
         <name>.debug_loc</name>
         <load_address>0x569f</load_address>
         <run_address>0x569f</run_address>
         <size>0x80</size>
         <alignment>0x1</alignment>
         <input_file_ref idref="fl-b0"/>
      </object_component>
      <object_component id="oc-219">
         <name>.debug_loc</name>
         <load_address>0x571f</load_address>
         <run_address>0x571f</run_address>
         <size>0x78</size>
         <alignment>0x1</alignment>
         <input_file_ref idref="fl-b1"/>
      </object_component>
      <object_component id="oc-1f4">
         <name>.debug_loc</name>
         <load_address>0x5797</load_address>
         <run_address>0x5797</run_address>
         <size>0x17b</size>
         <alignment>0x1</alignment>
         <input_file_ref idref="fl-b2"/>
      </object_component>
      <object_component id="oc-222">
         <name>.debug_loc</name>
         <load_address>0x5912</load_address>
         <run_address>0x5912</run_address>
         <size>0x51</size>
         <alignment>0x1</alignment>
         <input_file_ref idref="fl-b3"/>
      </object_component>
      <object_component id="oc-21c">
         <name>.debug_loc</name>
         <load_address>0x5963</load_address>
         <run_address>0x5963</run_address>
         <size>0x78</size>
         <alignment>0x1</alignment>
         <input_file_ref idref="fl-b4"/>
      </object_component>
      <object_component id="oc-20d">
         <name>.debug_loc</name>
         <load_address>0x59db</load_address>
         <run_address>0x59db</run_address>
         <size>0x16f</size>
         <alignment>0x1</alignment>
         <input_file_ref idref="fl-b5"/>
      </object_component>
      <object_component id="oc-191">
         <name>.debug_loc</name>
         <load_address>0x5b4a</load_address>
         <run_address>0x5b4a</run_address>
         <size>0x20</size>
         <alignment>0x1</alignment>
         <input_file_ref idref="fl-c6"/>
      </object_component>
      <object_component id="oc-237">
         <name>.debug_loc</name>
         <load_address>0x5b6a</load_address>
         <run_address>0x5b6a</run_address>
         <size>0x145</size>
         <alignment>0x1</alignment>
         <input_file_ref idref="fl-c7"/>
      </object_component>
      <object_component id="oc-8b">
         <name>.debug_abbrev</name>
         <load_address>0x0</load_address>
         <run_address>0x0</run_address>
         <size>0x14f</size>
         <alignment>0x1</alignment>
         <input_file_ref idref="fl-1"/>
      </object_component>
      <object_component id="oc-b4">
         <name>.debug_abbrev</name>
         <load_address>0x14f</load_address>
         <run_address>0x14f</run_address>
         <size>0x211</size>
         <alignment>0x1</alignment>
         <input_file_ref idref="fl-2"/>
      </object_component>
      <object_component id="oc-34">
         <name>.debug_abbrev</name>
         <load_address>0x360</load_address>
         <run_address>0x360</run_address>
         <size>0x6d</size>
         <alignment>0x1</alignment>
         <input_file_ref idref="fl-3"/>
      </object_component>
      <object_component id="oc-c0">
         <name>.debug_abbrev</name>
         <load_address>0x3cd</load_address>
         <run_address>0x3cd</run_address>
         <size>0x102</size>
         <alignment>0x1</alignment>
         <input_file_ref idref="fl-21"/>
      </object_component>
      <object_component id="oc-fb">
         <name>.debug_abbrev</name>
         <load_address>0x4cf</load_address>
         <run_address>0x4cf</run_address>
         <size>0x2f5</size>
         <alignment>0x1</alignment>
         <input_file_ref idref="fl-22"/>
      </object_component>
      <object_component id="oc-12d">
         <name>.debug_abbrev</name>
         <load_address>0x7c4</load_address>
         <run_address>0x7c4</run_address>
         <size>0x100</size>
         <alignment>0x1</alignment>
         <input_file_ref idref="fl-23"/>
      </object_component>
      <object_component id="oc-12b">
         <name>.debug_abbrev</name>
         <load_address>0x8c4</load_address>
         <run_address>0x8c4</run_address>
         <size>0x195</size>
         <alignment>0x1</alignment>
         <input_file_ref idref="fl-24"/>
      </object_component>
      <object_component id="oc-186">
         <name>.debug_abbrev</name>
         <load_address>0xa59</load_address>
         <run_address>0xa59</run_address>
         <size>0x95</size>
         <alignment>0x1</alignment>
         <input_file_ref idref="fl-25"/>
      </object_component>
      <object_component id="oc-1bd">
         <name>.debug_abbrev</name>
         <load_address>0xaee</load_address>
         <run_address>0xaee</run_address>
         <size>0x9c</size>
         <alignment>0x1</alignment>
         <input_file_ref idref="fl-26"/>
      </object_component>
      <object_component id="oc-140">
         <name>.debug_abbrev</name>
         <load_address>0xb8a</load_address>
         <run_address>0xb8a</run_address>
         <size>0x12a</size>
         <alignment>0x1</alignment>
         <input_file_ref idref="fl-29"/>
      </object_component>
      <object_component id="oc-c2">
         <name>.debug_abbrev</name>
         <load_address>0xcb4</load_address>
         <run_address>0xcb4</run_address>
         <size>0xb3</size>
         <alignment>0x1</alignment>
         <input_file_ref idref="fl-2a"/>
      </object_component>
      <object_component id="oc-db">
         <name>.debug_abbrev</name>
         <load_address>0xd67</load_address>
         <run_address>0xd67</run_address>
         <size>0x73</size>
         <alignment>0x1</alignment>
         <input_file_ref idref="fl-2b"/>
      </object_component>
      <object_component id="oc-139">
         <name>.debug_abbrev</name>
         <load_address>0xdda</load_address>
         <run_address>0xdda</run_address>
         <size>0x72</size>
         <alignment>0x1</alignment>
         <input_file_ref idref="fl-2e"/>
      </object_component>
      <object_component id="oc-dd">
         <name>.debug_abbrev</name>
         <load_address>0xe4c</load_address>
         <run_address>0xe4c</run_address>
         <size>0x77</size>
         <alignment>0x1</alignment>
         <input_file_ref idref="fl-2f"/>
      </object_component>
      <object_component id="oc-12f">
         <name>.debug_abbrev</name>
         <load_address>0xec3</load_address>
         <run_address>0xec3</run_address>
         <size>0x8b</size>
         <alignment>0x1</alignment>
         <input_file_ref idref="fl-30"/>
      </object_component>
      <object_component id="oc-1ce">
         <name>.debug_abbrev</name>
         <load_address>0xf4e</load_address>
         <run_address>0xf4e</run_address>
         <size>0x229</size>
         <alignment>0x1</alignment>
         <input_file_ref idref="fl-31"/>
      </object_component>
      <object_component id="oc-36">
         <name>.debug_abbrev</name>
         <load_address>0x1177</load_address>
         <run_address>0x1177</run_address>
         <size>0xaf</size>
         <alignment>0x1</alignment>
         <input_file_ref idref="fl-32"/>
      </object_component>
      <object_component id="oc-c5">
         <name>.debug_abbrev</name>
         <load_address>0x1226</load_address>
         <run_address>0x1226</run_address>
         <size>0x186</size>
         <alignment>0x1</alignment>
         <input_file_ref idref="fl-34"/>
      </object_component>
      <object_component id="oc-79">
         <name>.debug_abbrev</name>
         <load_address>0x13ac</load_address>
         <run_address>0x13ac</run_address>
         <size>0x39</size>
         <alignment>0x1</alignment>
         <input_file_ref idref="fl-35"/>
      </object_component>
      <object_component id="oc-58">
         <name>.debug_abbrev</name>
         <load_address>0x13e5</load_address>
         <run_address>0x13e5</run_address>
         <size>0xc2</size>
         <alignment>0x1</alignment>
         <input_file_ref idref="fl-37"/>
      </object_component>
      <object_component id="oc-43">
         <name>.debug_abbrev</name>
         <load_address>0x14a7</load_address>
         <run_address>0x14a7</run_address>
         <size>0x70</size>
         <alignment>0x1</alignment>
         <input_file_ref idref="fl-38"/>
      </object_component>
      <object_component id="oc-3b">
         <name>.debug_abbrev</name>
         <load_address>0x1517</load_address>
         <run_address>0x1517</run_address>
         <size>0x8d</size>
         <alignment>0x1</alignment>
         <input_file_ref idref="fl-39"/>
      </object_component>
      <object_component id="oc-13c">
         <name>.debug_abbrev</name>
         <load_address>0x15a4</load_address>
         <run_address>0x15a4</run_address>
         <size>0x72</size>
         <alignment>0x1</alignment>
         <input_file_ref idref="fl-3a"/>
      </object_component>
      <object_component id="oc-18d">
         <name>.debug_abbrev</name>
         <load_address>0x1616</load_address>
         <run_address>0x1616</run_address>
         <size>0xb2</size>
         <alignment>0x1</alignment>
         <input_file_ref idref="fl-3c"/>
      </object_component>
      <object_component id="oc-1d8">
         <name>.debug_abbrev</name>
         <load_address>0x16c8</load_address>
         <run_address>0x16c8</run_address>
         <size>0x151</size>
         <alignment>0x1</alignment>
         <input_file_ref idref="fl-3d"/>
      </object_component>
      <object_component id="oc-1ae">
         <name>.debug_abbrev</name>
         <load_address>0x1819</load_address>
         <run_address>0x1819</run_address>
         <size>0x95</size>
         <alignment>0x1</alignment>
         <input_file_ref idref="fl-3e"/>
      </object_component>
      <object_component id="oc-207">
         <name>.debug_abbrev</name>
         <load_address>0x18ae</load_address>
         <run_address>0x18ae</run_address>
         <size>0xa4</size>
         <alignment>0x1</alignment>
         <input_file_ref idref="fl-41"/>
      </object_component>
      <object_component id="oc-18a">
         <name>.debug_abbrev</name>
         <load_address>0x1952</load_address>
         <run_address>0x1952</run_address>
         <size>0x77</size>
         <alignment>0x1</alignment>
         <input_file_ref idref="fl-a7"/>
      </object_component>
      <object_component id="oc-1c1">
         <name>.debug_abbrev</name>
         <load_address>0x19c9</load_address>
         <run_address>0x19c9</run_address>
         <size>0x99</size>
         <alignment>0x1</alignment>
         <input_file_ref idref="fl-a8"/>
      </object_component>
      <object_component id="oc-22e">
         <name>.debug_abbrev</name>
         <load_address>0x1a62</load_address>
         <run_address>0x1a62</run_address>
         <size>0x64</size>
         <alignment>0x1</alignment>
         <input_file_ref idref="fl-a9"/>
      </object_component>
      <object_component id="oc-1f8">
         <name>.debug_abbrev</name>
         <load_address>0x1ac6</load_address>
         <run_address>0x1ac6</run_address>
         <size>0x76</size>
         <alignment>0x1</alignment>
         <input_file_ref idref="fl-ab"/>
      </object_component>
      <object_component id="oc-227">
         <name>.debug_abbrev</name>
         <load_address>0x1b3c</load_address>
         <run_address>0x1b3c</run_address>
         <size>0x6b</size>
         <alignment>0x1</alignment>
         <input_file_ref idref="fl-ac"/>
      </object_component>
      <object_component id="oc-23a">
         <name>.debug_abbrev</name>
         <load_address>0x1ba7</load_address>
         <run_address>0x1ba7</run_address>
         <size>0xd4</size>
         <alignment>0x1</alignment>
         <input_file_ref idref="fl-ad"/>
      </object_component>
      <object_component id="oc-214">
         <name>.debug_abbrev</name>
         <load_address>0x1c7b</load_address>
         <run_address>0x1c7b</run_address>
         <size>0x81</size>
         <alignment>0x1</alignment>
[...]
         <value>0x1da9</value>
         <object_component_ref idref="oc-2f"/>
      </symbol>
      <symbol id="sm-6b">
         <name>interruptVectors</name>
         <value>0x0</value>
         <object_component_ref idref="oc-18"/>
      </symbol>
      <symbol id="sm-6c">
         <name>NMI_Handler</name>
         <value>0xffb</value>
         <object_component_ref idref="oc-33"/>
      </symbol>
      <symbol id="sm-6d">
         <name>HardFault_Handler</name>
         <value>0xffb</value>
         <object_component_ref idref="oc-33"/>
      </symbol>
      <symbol id="sm-6e">
         <name>SVC_Handler</name>
         <value>0xffb</value>
         <object_component_ref idref="oc-33"/>
      </symbol>
      <symbol id="sm-6f">
         <name>PendSV_Handler</name>
         <value>0xffb</value>
         <object_component_ref idref="oc-33"/>
      </symbol>
      <symbol id="sm-70">
         <name>SysTick_Handler</name>
         <value>0xffb</value>
         <object_component_ref idref="oc-33"/>
      </symbol>
      <symbol id="sm-71">
         <name>GROUP0_IRQHandler</name>
         <value>0xffb</value>
         <object_component_ref idref="oc-33"/>
      </symbol>
      <symbol id="sm-72">
         <name>GROUP1_IRQHandler</name>
         <value>0xffb</value>
         <object_component_ref idref="oc-33"/>
      </symbol>
      <symbol id="sm-73">
         <name>TIMG8_IRQHandler</name>
         <value>0xffb</value>
         <object_component_ref idref="oc-33"/>
      </symbol>
      <symbol id="sm-74">
         <name>UART3_IRQHandler</name>
         <value>0xffb</value>
         <object_component_ref idref="oc-33"/>
      </symbol>
      <symbol id="sm-75">
         <name>ADC0_IRQHandler</name>
         <value>0xffb</value>
         <object_component_ref idref="oc-33"/>
      </symbol>
      <symbol id="sm-76">
         <name>ADC1_IRQHandler</name>
         <value>0xffb</value>
         <object_component_ref idref="oc-33"/>
      </symbol>
      <symbol id="sm-77">
         <name>CANFD0_IRQHandler</name>
         <value>0xffb</value>
         <object_component_ref idref="oc-33"/>
      </symbol>
      <symbol id="sm-78">
         <name>DAC0_IRQHandler</name>
         <value>0xffb</value>
         <object_component_ref idref="oc-33"/>
      </symbol>
      <symbol id="sm-79">
         <name>SPI0_IRQHandler</name>
         <value>0xffb</value>
         <object_component_ref idref="oc-33"/>
      </symbol>
      <symbol id="sm-7a">
         <name>SPI1_IRQHandler</name>
         <value>0xffb</value>
         <object_component_ref idref="oc-33"/>
      </symbol>
      <symbol id="sm-7b">
         <name>UART1_IRQHandler</name>
         <value>0xffb</value>
         <object_component_ref idref="oc-33"/>
      </symbol>
      <symbol id="sm-7c">
         <name>UART2_IRQHandler</name>
         <value>0xffb</value>
         <object_component_ref idref="oc-33"/>
      </symbol>
      <symbol id="sm-7d">
         <name>UART0_IRQHandler</name>
         <value>0xffb</value>
         <object_component_ref idref="oc-33"/>
      </symbol>
      <symbol id="sm-7e">
         <name>TIMG0_IRQHandler</name>
         <value>0xffb</value>
         <object_component_ref idref="oc-33"/>
      </symbol>
      <symbol id="sm-7f">
         <name>TIMG6_IRQHandler</name>
         <value>0xffb</value>
         <object_component_ref idref="oc-33"/>
      </symbol>
      <symbol id="sm-80">
         <name>TIMA0_IRQHandler</name>
         <value>0xffb</value>
         <object_component_ref idref="oc-33"/>
      </symbol>
      <symbol id="sm-81">
         <name>TIMA1_IRQHandler</name>
         <value>0xffb</value>
         <object_component_ref idref="oc-33"/>
      </symbol>
      <symbol id="sm-82">
         <name>TIMG7_IRQHandler</name>
         <value>0xffb</value>
         <object_component_ref idref="oc-33"/>
      </symbol>
      <symbol id="sm-83">
         <name>TIMG12_IRQHandler</name>
         <value>0xffb</value>
         <object_component_ref idref="oc-33"/>
      </symbol>
      <symbol id="sm-84">
         <name>I2C0_IRQHandler</name>
         <value>0xffb</value>
         <object_component_ref idref="oc-33"/>
      </symbol>
      <symbol id="sm-85">
         <name>I2C1_IRQHandler</name>
         <value>0xffb</value>
         <object_component_ref idref="oc-33"/>
      </symbol>
      <symbol id="sm-86">
         <name>AES_IRQHandler</name>
         <value>0xffb</value>
         <object_component_ref idref="oc-33"/>
      </symbol>
      <symbol id="sm-87">
         <name>RTC_IRQHandler</name>
         <value>0xffb</value>
         <object_component_ref idref="oc-33"/>
      </symbol>
      <symbol id="sm-88">
         <name>DMA_IRQHandler</name>
         <value>0xffb</value>
         <object_component_ref idref="oc-33"/>
      </symbol>
      <symbol id="sm-89">
         <name>__TI_ATRegion0_src_addr</name>
         <value>0x0</value>
      </symbol>
      <symbol id="sm-8a">
         <name>__TI_ATRegion0_trg_addr</name>
         <value>0x0</value>
      </symbol>
      <symbol id="sm-8b">
         <name>__TI_ATRegion0_region_sz</name>
         <value>0x0</value>
      </symbol>
      <symbol id="sm-8c">
         <name>__TI_ATRegion1_src_addr</name>
         <value>0x0</value>
      </symbol>
      <symbol id="sm-8d">
         <name>__TI_ATRegion1_trg_addr</name>
         <value>0x0</value>
      </symbol>
      <symbol id="sm-8e">
         <name>__TI_ATRegion1_region_sz</name>
         <value>0x0</value>
      </symbol>
      <symbol id="sm-8f">
         <name>__TI_ATRegion2_src_addr</name>
         <value>0x0</value>
      </symbol>
      <symbol id="sm-90">
         <name>__TI_ATRegion2_trg_addr</name>
         <value>0x0</value>
      </symbol>
      <symbol id="sm-91">
         <name>__TI_ATRegion2_region_sz</name>
         <value>0x0</value>
      </symbol>
      <symbol id="sm-94">
         <name>DL_Common_delayCycles</name>
         <value>0x1cb3</value>
         <object_component_ref idref="oc-80"/>
      </symbol>
      <symbol id="sm-a1">
         <name>DL_I2C_setClockConfig</name>
         <value>0x1989</value>
         <object_component_ref idref="oc-cd"/>
      </symbol>
      <symbol id="sm-a2">
         <name>DL_I2C_fillTargetTXFIFO</name>
         <value>0x16d1</value>
         <object_component_ref idref="oc-81"/>
      </symbol>
      <symbol id="sm-b3">
         <name>printf</name>
         <value>0x15c5</value>
         <object_component_ref idref="oc-82"/>
      </symbol>
      <symbol id="sm-d5">
         <name>__TI_printfi_nofloat</name>
         <value>0xc1</value>
         <object_component_ref idref="oc-d5"/>
      </symbol>
      <symbol id="sm-e0">
         <name>fputc</name>
         <value>0xffd</value>
         <object_component_ref idref="oc-e6"/>
      </symbol>
      <symbol id="sm-eb">
         <name>fputs</name>
         <value>0xbe5</value>
         <object_component_ref idref="oc-e0"/>
      </symbol>
      <symbol id="sm-f5">
         <name>__TI_wrt_ok</name>
         <value>0x1439</value>
         <object_component_ref idref="oc-11b"/>
      </symbol>
      <symbol id="sm-ff">
         <name>setvbuf</name>
         <value>0xdd5</value>
         <object_component_ref idref="oc-182"/>
      </symbol>
      <symbol id="sm-10c">
         <name>__aeabi_errno_addr</name>
         <value>0x1d79</value>
         <object_component_ref idref="oc-105"/>
      </symbol>
      <symbol id="sm-10d">
         <name>__aeabi_errno</name>
         <value>0x202009cc</value>
         <object_component_ref idref="oc-13f"/>
      </symbol>
      <symbol id="sm-11b">
         <name>abort</name>
         <value>0x1db1</value>
         <object_component_ref idref="oc-8f"/>
      </symbol>
      <symbol id="sm-11c">
         <name>C$$EXIT</name>
         <value>0x1db0</value>
         <object_component_ref idref="oc-8f"/>
      </symbol>
      <symbol id="sm-11d">
         <name>__TI_cleanup_ptr</name>
         <value>0x202009b8</value>
         <object_component_ref idref="oc-c4"/>
      </symbol>
      <symbol id="sm-11e">
         <name>__TI_dtors_ptr</name>
         <value>0x202009bc</value>
         <object_component_ref idref="oc-c4"/>
      </symbol>
      <symbol id="sm-11f">
         <name>exit</name>
         <value>0x1a8d</value>
         <object_component_ref idref="oc-94"/>
      </symbol>
      <symbol id="sm-128">
         <name>_nop</name>
         <value>0x1777</value>
         <object_component_ref idref="oc-d7"/>
      </symbol>
      <symbol id="sm-129">
         <name>_lock</name>
         <value>0x202009d0</value>
         <object_component_ref idref="oc-b9"/>
      </symbol>
      <symbol id="sm-12a">
         <name>_unlock</name>
         <value>0x202009d4</value>
         <object_component_ref idref="oc-bf"/>
      </symbol>
      <symbol id="sm-136">
         <name>atoi</name>
         <value>0x1899</value>
         <object_component_ref idref="oc-fd"/>
      </symbol>
      <symbol id="sm-13b">
         <name>_ftable</name>
         <value>0x20200800</value>
         <object_component_ref idref="oc-bb"/>
      </symbol>
      <symbol id="sm-13c">
         <name>__TI_ft_end</name>
         <value>0x202009c8</value>
         <object_component_ref idref="oc-1d7"/>
      </symbol>
      <symbol id="sm-13d">
         <name>__TI_tmpnams</name>
         <value>0x20200afc</value>
         <object_component_ref idref="oc-206"/>
      </symbol>
      <symbol id="sm-146">
         <name>memccpy</name>
         <value>0x1c09</value>
         <object_component_ref idref="oc-f2"/>
      </symbol>
      <symbol id="sm-169">
         <name>malloc</name>
         <value>0x1d6d</value>
         <object_component_ref idref="oc-1b6"/>
      </symbol>
      <symbol id="sm-16a">
         <name>aligned_alloc</name>
         <value>0xab9</value>
         <object_component_ref idref="oc-1d0"/>
      </symbol>
      <symbol id="sm-16b">
         <name>free</name>
         <value>0xce9</value>
         <object_component_ref idref="oc-1b0"/>
      </symbol>
      <symbol id="sm-16c">
         <name>_sys_memory</name>
         <value>0x20200000</value>
         <object_component_ref idref="oc-1cd"/>
      </symbol>
      <symbol id="sm-16d">
         <name>memalign</name>
         <value>0xab9</value>
         <object_component_ref idref="oc-1d0"/>
      </symbol>
      <symbol id="sm-178">
         <name>_c_int00_noargs</name>
         <value>0x1bbd</value>
         <object_component_ref idref="oc-4f"/>
      </symbol>
      <symbol id="sm-179">
         <name>__stack</name>
         <value>0x20207e00</value>
         <object_component_ref idref="oc-1a"/>
      </symbol>
      <symbol id="sm-185">
         <name>__TI_auto_init_nobinit_nopinit</name>
         <value>0x18d9</value>
         <object_component_ref idref="oc-96"/>
      </symbol>
      <symbol id="sm-18d">
         <name>_system_pre_init</name>
         <value>0x1dad</value>
         <object_component_ref idref="oc-5f"/>
      </symbol>
      <symbol id="sm-198">
         <name>__TI_zero_init_nomemset</name>
         <value>0x1c9d</value>
         <object_component_ref idref="oc-46"/>
      </symbol>
      <symbol id="sm-1a1">
         <name>__TI_decompress_none</name>
         <value>0x1d03</value>
         <object_component_ref idref="oc-20"/>
      </symbol>
      <symbol id="sm-1ac">
         <name>__TI_decompress_lzss</name>
         <value>0x11b1</value>
         <object_component_ref idref="oc-1c"/>
      </symbol>
      <symbol id="sm-1b5">
         <name>wcslen</name>
         <value>0x1d15</value>
         <object_component_ref idref="oc-101"/>
      </symbol>
      <symbol id="sm-1c0">
         <name>__TI_doflush</name>
         <value>0x1725</value>
         <object_component_ref idref="oc-125"/>
      </symbol>
      <symbol id="sm-1cb">
         <name>__TI_cleanup</name>
         <value>0x19f1</value>
         <object_component_ref idref="oc-1b7"/>
      </symbol>
      <symbol id="sm-1d8">
         <name>fseek</name>
         <value>0x1d99</value>
         <object_component_ref idref="oc-17c"/>
      </symbol>
      <symbol id="sm-1d9">
         <name>fseeko</name>
         <value>0x1301</value>
         <object_component_ref idref="oc-1ad"/>
      </symbol>
      <symbol id="sm-1da">
         <name>__aeabi_ctype_table_</name>
         <value>0x1dc0</value>
         <object_component_ref idref="oc-138"/>
      </symbol>
      <symbol id="sm-1db">
         <name>__aeabi_ctype_table_C</name>
         <value>0x1dc0</value>
         <object_component_ref idref="oc-138"/>
      </symbol>
      <symbol id="sm-1e7">
         <name>__TI_closefile</name>
         <value>0x1135</value>
         <object_component_ref idref="oc-1d1"/>
      </symbol>
      <symbol id="sm-1f1">
         <name>write</name>
         <value>0x1b95</value>
         <object_component_ref idref="oc-121"/>
      </symbol>
      <symbol id="sm-1f6">
         <name>_device</name>
         <value>0x202008f0</value>
         <object_component_ref idref="oc-1c0"/>
      </symbol>
      <symbol id="sm-1f7">
         <name>_stream</name>
         <value>0x20200968</value>
         <object_component_ref idref="oc-188"/>
      </symbol>
      <symbol id="sm-200">
         <name>remove</name>
         <value>0x1da1</value>
         <object_component_ref idref="oc-202"/>
      </symbol>
      <symbol id="sm-20b">
         <name>lseek</name>
         <value>0x1b6d</value>
         <object_component_ref idref="oc-1c6"/>
      </symbol>
      <symbol id="sm-215">
         <name>close</name>
         <value>0x1779</value>
         <object_component_ref idref="oc-1fe"/>
      </symbol>
      <symbol id="sm-21f">
         <name>unlink</name>
         <value>0x1af1</value>
         <object_component_ref idref="oc-22a"/>
      </symbol>
      <symbol id="sm-229">
         <name>HOSTclose</name>
         <value>0x17c9</value>
         <object_component_ref idref="oc-1de"/>
      </symbol>
      <symbol id="sm-233">
         <name>HOSTlseek</name>
         <value>0x1229</value>
         <object_component_ref idref="oc-1ea"/>
      </symbol>
      <symbol id="sm-23d">
         <name>HOSTopen</name>
         <value>0x1565</value>
         <object_component_ref idref="oc-1da"/>
      </symbol>
      <symbol id="sm-23e">
         <name>parmbuf</name>
         <value>0x20200b9c</value>
         <object_component_ref idref="oc-210"/>
      </symbol>
      <symbol id="sm-248">
         <name>HOSTread</name>
         <value>0x1621</value>
         <object_component_ref idref="oc-1e2"/>
      </symbol>
      <symbol id="sm-259">
         <name>HOSTrename</name>
         <value>0x1295</value>
         <object_component_ref idref="oc-1f2"/>
      </symbol>
      <symbol id="sm-263">
         <name>HOSTunlink</name>
         <value>0x1811</value>
         <object_component_ref idref="oc-1ee"/>
      </symbol>
      <symbol id="sm-26d">
         <name>HOSTwrite</name>
         <value>0x1679</value>
         <object_component_ref idref="oc-1e6"/>
      </symbol>
      <symbol id="sm-27b">
         <name>C$$IO$$</name>
         <value>0x1a85</value>
         <object_component_ref idref="oc-209"/>
      </symbol>
      <symbol id="sm-27c">
         <name>__TI_writemsg</name>
         <value>0x1a59</value>
         <object_component_ref idref="oc-209"/>
      </symbol>
      <symbol id="sm-27d">
         <name>__CIOBUF_</name>
         <value>0x202009dc</value>
         <object_component_ref idref="oc-231"/>
      </symbol>
      <symbol id="sm-27e">
         <name>__TI_readmsg</name>
         <value>0x1a25</value>
         <object_component_ref idref="oc-20f"/>
      </symbol>
      <symbol id="sm-27f">
         <name>_CIOBUF_</name>
         <value>0x202009dc</value>
         <object_component_ref idref="oc-231"/>
      </symbol>
      <symbol id="sm-285">
         <name>__muldsi3</name>
         <value>0x1915</value>
         <object_component_ref idref="oc-143"/>
      </symbol>
      <symbol id="sm-28b">
         <name>__aeabi_lmul</name>
         <value>0x1be5</value>
         <object_component_ref idref="oc-10a"/>
      </symbol>
      <symbol id="sm-28c">
         <name>__muldi3</name>
         <value>0x1be5</value>
         <object_component_ref idref="oc-10a"/>
      </symbol>
      <symbol id="sm-292">
         <name>__aeabi_memcpy</name>
         <value>0x1d81</value>
         <object_component_ref idref="oc-3f"/>
      </symbol>
      <symbol id="sm-293">
         <name>__aeabi_memcpy4</name>
         <value>0x1d81</value>
         <object_component_ref idref="oc-3f"/>
      </symbol>
      <symbol id="sm-294">
         <name>__aeabi_memcpy8</name>
         <value>0x1d81</value>
         <object_component_ref idref="oc-3f"/>
      </symbol>
      <symbol id="sm-29d">
         <name>__aeabi_memset</name>
         <value>0x1d35</value>
         <object_component_ref idref="oc-f1"/>
      </symbol>
      <symbol id="sm-29e">
         <name>__aeabi_memset4</name>
         <value>0x1d35</value>
         <object_component_ref idref="oc-f1"/>
      </symbol>
      <symbol id="sm-29f">
         <name>__aeabi_memset8</name>
         <value>0x1d35</value>
         <object_component_ref idref="oc-f1"/>
      </symbol>
      <symbol id="sm-2a0">
         <name>__aeabi_memclr</name>
         <value>0x1d61</value>
         <object_component_ref idref="oc-5a"/>
      </symbol>
      <symbol id="sm-2a1">
         <name>__aeabi_memclr4</name>
         <value>0x1d61</value>
         <object_component_ref idref="oc-5a"/>
      </symbol>
      <symbol id="sm-2a2">
         <name>__aeabi_memclr8</name>
         <value>0x1d61</value>
         <object_component_ref idref="oc-5a"/>
      </symbol>
      <symbol id="sm-2a8">
         <name>__aeabi_uidiv</name>
         <value>0x1859</value>
         <object_component_ref idref="oc-f7"/>
      </symbol>
      <symbol id="sm-2a9">
         <name>__aeabi_uidivmod</name>
         <value>0x1859</value>
         <object_component_ref idref="oc-f7"/>
      </symbol>
      <symbol id="sm-2af">
         <name>__aeabi_uldivmod</name>
         <value>0x1cdd</value>
         <object_component_ref idref="oc-10f"/>
      </symbol>
      <symbol id="sm-2b5">
         <name>__udivmoddi4</name>
         <value>0xf59</value>
         <object_component_ref idref="oc-148"/>
      </symbol>
      <symbol id="sm-2bb">
         <name>__aeabi_llsl</name>
         <value>0x1c2d</value>
         <object_component_ref idref="oc-194"/>
      </symbol>
      <symbol id="sm-2bc">
         <name>__ashldi3</name>
         <value>0x1c2d</value>
         <object_component_ref idref="oc-194"/>
      </symbol>
      <symbol id="sm-2c9">
         <name>__aeabi_idiv0</name>
         <value>0x1133</value>
         <object_component_ref idref="oc-132"/>
      </symbol>
      <symbol id="sm-2ca">
         <name>__aeabi_ldiv0</name>
         <value>0x1563</value>
         <object_component_ref idref="oc-193"/>
      </symbol>
      <symbol id="sm-2d8">
         <name>finddevice</name>
         <value>0x1951</value>
         <object_component_ref idref="oc-23d"/>
      </symbol>
      <symbol id="sm-2d9">
         <name>getdevice</name>
         <value>0x136d</value>
         <object_component_ref idref="oc-234"/>
      </symbol>
      <symbol id="sm-2f2">
         <name>memcpy</name>
         <value>0x1099</value>
         <object_component_ref idref="oc-76"/>
      </symbol>
      <symbol id="sm-301">
         <name>memset</name>
         <value>0x1501</value>
         <object_component_ref idref="oc-ae"/>
      </symbol>
      <symbol id="sm-302">
         <name>__TI_static_base__</name>
         <value>0x0</value>
      </symbol>
      <symbol id="sm-305">
         <name>__mpu_init</name>
         <value>0x0</value>
      </symbol>
      <symbol id="sm-306">
         <name>_system_post_cinit</name>
         <value>0x0</value>
      </symbol>
   </symbol_table>
   <title>Link successful</title>
</link_info>
