******************************************************************************
            TI ARM Clang Linker PC v3.2.2                      
******************************************************************************
>> Linked Sun Oct 20 19:12:48 2024

OUTPUT FILE NAME:   <i2c_controller_rw_multibyte_fifo_poll_LP_MSPM0G3507_nortos_ticlang.out>
ENTRY POINT SYMBOL: "_c_int00_noargs"  address: 00001495


MEMORY CONFIGURATION

         name            origin    length      used     unused   attr    fill
----------------------  --------  ---------  --------  --------  ----  --------
  FLASH                 00000000   00020000  000016c0  0001e940  R  X
  SRAM                  20200000   00008000  00000da9  00007257  RW X
  BCR_CONFIG            41c00000   00000080  00000000  00000080  R   
  BSL_CONFIG            41c00100   00000080  00000000  00000080  R   


SEGMENT ALLOCATION MAP

run origin  load origin   length   init length attrs members
----------  ----------- ---------- ----------- ----- -------
00000000    00000000    000016c0   000016c0    r-x
  00000000    00000000    000000c0   000000c0    r-- .intvecs
  000000c0    000000c0    00001558   00001558    r-x .text
  00001618    00001618    00000018   00000018    r-- .rodata
  00001630    00001630    00000090   00000090    r-- .cinit
20200000    20200000    00000bac   00000000    rw-
  20200000    20200000    00000800   00000000    rw- .sysmem
  20200800    20200800    000001d5   00000000    rw- .data
  202009d8    202009d8    000001d4   00000000    rw- .bss
20207e00    20207e00    00000200   00000000    rw-
  20207e00    20207e00    00000200   00000000    rw- .stack


SECTION ALLOCATION MAP

 output                                  attributes/
section   page    origin      length       input sections
--------  ----  ----------  ----------   ----------------
.intvecs   0    00000000    000000c0     
                  00000000    000000c0     startup_mspm0g350x_ticlang.o (.intvecs)

.text      0    000000c0    00001558     
                  000000c0    00000284     libc.a : _printfi.c.obj (.text:__TI_printfi_minimal)
                  00000344    000001e4     i2c_controller_rw_multibyte_fifo_poll.o (.text.main)
                  00000528    0000012c     libc.a : memory.c.obj (.text.aligned_alloc)
                  00000654    00000104            : fputs.c.obj (.text.fputs)
                  00000758    000000ec            : memory.c.obj (.text.free)
                  00000844    000000dc            : setvbuf.c.obj (.text.setvbuf)
                  00000920    0000009c            : fputc.c.obj (.text.fputc)
                  000009bc    0000009a            : memcpy16.S.obj (.text:memcpy)
                  00000a56    00000002     startup_mspm0g350x_ticlang.o (.text.Default_Handler)
                  00000a58    0000007c     libc.a : fclose.c.obj (.text.__TI_closefile)
                  00000ad4    00000078            : copy_decompress_lzss.c.obj (.text:decompress:lzss)
                  00000b4c    0000006c     libsysbm.a : hostlseek.c.obj (.text.HOSTlseek)
                  00000bb8    0000006c                : hostrename.c.obj (.text.HOSTrename)
                  00000c24    0000006c     libc.a : fseek.c.obj (.text.fseeko)
                  00000c90    00000068            : getdevice.c.obj (.text.getdevice)
                  00000cf8    00000064            : _io_perm.c.obj (.text.__TI_wrt_ok)
                  00000d5c    00000064            : memory.c.obj (.text.split)
                  00000dc0    00000062            : memset16.S.obj (.text:memset)
                  00000e22    00000002     libclang_rt.builtins.a : aeabi_div0.c.obj (.text.__aeabi_idiv0)
                  00000e24    00000060     libsysbm.a : hostopen.c.obj (.text.HOSTopen)
                  00000e84    0000005c     libc.a : printf.c.obj (.text.printf)
                  00000ee0    00000058     libsysbm.a : hostread.c.obj (.text.HOSTread)
                  00000f38    00000058                : hostwrite.c.obj (.text.HOSTwrite)
                  00000f90    00000054     driverlib.a : dl_i2c.o (.text.DL_I2C_fillControllerTXFIFO)
                  00000fe4    00000054     ti_msp_dl_config.o (.text.SYSCFG_DL_I2C_init)
                  00001038    00000052     libc.a : fflush.c.obj (.text.__TI_doflush)
                  0000108a    00000002            : _lock.c.obj (.text._nop)
                  0000108c    00000050     libsysbm.a : close.c.obj (.text.close)
                  000010dc    00000048                : hostclose.c.obj (.text.HOSTclose)
                  00001124    00000048                : hostunlink.c.obj (.text.HOSTunlink)
                  0000116c    00000040     ti_msp_dl_config.o (.text.SYSCFG_DL_GPIO_init)
                  000011ac    00000040     libclang_rt.builtins.a : aeabi_uidivmod.S.obj (.text.__aeabi_uidivmod)
                  000011ec    0000003c     libc.a : autoinit.c.obj (.text:__TI_auto_init_nobinit_nopinit)
                  00001228    00000038            : getdevice.c.obj (.text.finddevice)
                  00001260    00000034     driverlib.a : dl_i2c.o (.text.DL_I2C_setClockConfig)
                  00001294    00000034     ti_msp_dl_config.o (.text.SYSCFG_DL_initPower)
                  000012c8    00000034     libc.a : fopen.c.obj (.text.__TI_cleanup)
                  000012fc    00000034     libsysbm.a : trgmsg.c.obj (.text.__TI_readmsg)
                  00001330    00000034                : trgmsg.c.obj (.text.__TI_writemsg)
                  00001364    00000034     libc.a : exit.c.obj (.text.exit)
                  00001398    00000030     ti_msp_dl_config.o (.text.SYSCFG_DL_SYSCTL_init)
                  000013c8    0000002c     libsysbm.a : unlink.c.obj (.text.unlink)
                  000013f4    00000028     driverlib.a : dl_i2c.o (.text.DL_Common_updateReg)
                  0000141c    00000028     libc.a : memory.c.obj (.text.free_list_insert)
                  00001444    00000028     libsysbm.a : lseek.c.obj (.text.lseek)
                  0000146c    00000028                : write.c.obj (.text.write)
                  00001494    00000028     libc.a : boot_cortex_m.c.obj (.text:_c_int00_noargs)
                  000014bc    00000022            : memccpy.c.obj (.text.memccpy)
                  000014de    00000002     --HOLE-- [fill = 0]
                  000014e0    0000001c     driverlib.a : dl_i2c.o (.text.DL_I2C_isControllerTXFIFOFull)
                  000014fc    0000001c     libc.a : memory.c.obj (.text.free_list_remove)
                  00001518    00000016     driverlib.a : dl_i2c.o (.text.DL_I2C_transmitControllerData)
                  0000152e    00000016     libc.a : copy_zero_init.c.obj (.text:decompress:ZI:__TI_zero_init_nomemset)
                  00001544    00000014     driverlib.a : dl_common.o (.text.DL_Common_delayCycles)
                  00001558    00000014     ti_msp_dl_config.o (.text.SYSCFG_DL_init)
                  0000156c    00000012     libsysbm.a : hostrename.c.obj (.text.strcpy)
                  0000157e    00000012     libc.a : copy_decompress_none.c.obj (.text:decompress:none)
                  00001590    0000000e            : memory.c.obj (.text.OUTLINED_FUNCTION_0)
                  0000159e    00000002     --HOLE-- [fill = 0]
                  000015a0    0000000e     libclang_rt.builtins.a : aeabi_memset.S.obj (.text.__aeabi_memset)
                  000015ae    0000000e     libc.a : _printfi.c.obj (.text.strlen)
                  000015bc    0000000e     libsysbm.a : hostrename.c.obj (.text.strlen)
                  000015ca    00000002     --HOLE-- [fill = 0]
                  000015cc    0000000c     libclang_rt.builtins.a : aeabi_memset.S.obj (.text.__aeabi_memclr)
                  000015d8    0000000c     libc.a : memory.c.obj (.text.malloc)
                  000015e4    00000008     libclang_rt.builtins.a : aeabi_memcpy.S.obj (.text.__aeabi_memcpy)
                  000015ec    00000008     libc.a : printf.c.obj (.text._outc)
                  000015f4    00000008            : printf.c.obj (.text._outs)
                  000015fc    00000008            : fseek.c.obj (.text.fseek)
                  00001604    00000008     libsysbm.a : remove.c.obj (.text.remove)
                  0000160c    00000004     startup_mspm0g350x_ticlang.o (.text.Reset_Handler)
                  00001610    00000004     libc.a : pre_init.c.obj (.text._system_pre_init)
                  00001614    00000004            : exit.c.obj (.text:abort)

.cinit     0    00001630    00000090     
                  00001630    0000006c     (.cinit..data.load) [load image, compression = lzss]
                  0000169c    0000000c     (__TI_handler_table)
                  000016a8    00000008     (.cinit..bss.load) [load image, compression = zero_init]
                  000016b0    00000010     (__TI_cinit_table)

.rodata    0    00001618    00000018     
                  00001618    00000011     libc.a : _printfi.c.obj (.rodata.str1.44690500295887128011)
                  00001629    00000005     i2c_controller_rw_multibyte_fifo_poll.o (.rodata.str1.22746396042973679491)
                  0000162e    00000002     ti_msp_dl_config.o (.rodata.gI2CClockConfig)

.init_array 
*          0    00000000    00000000     UNINITIALIZED

.binit     0    00000000    00000000     

.sysmem    0    20200000    00000800     UNINITIALIZED
                  20200000    00000010     libc.a : memory.c.obj (.sysmem)
                  20200010    000007f0     --HOLE--

.data      0    20200800    000001d5     UNINITIALIZED
                  20200800    000000f0     libc.a : defs.c.obj (.data._ftable)
                  202008f0    00000078     libsysbm.a : host_device.c.obj (.data._device)
                  20200968    00000050                : host_device.c.obj (.data._stream)
                  202009b8    00000008     libc.a : exit.c.obj (.data..L_MergedGlobals)
                  202009c0    00000008     i2c_controller_rw_multibyte_fifo_poll.o (.data.gTxPacket)
                  202009c8    00000004     libc.a : defs.c.obj (.data.__TI_ft_end)
                  202009cc    00000004            : _lock.c.obj (.data._lock)
                  202009d0    00000004            : _lock.c.obj (.data._unlock)
                  202009d4    00000001            : memory.c.obj (.data.memory_is_initialized)

.bss       0    202009d8    000001d4     UNINITIALIZED
                  202009d8    00000120     libsysbm.a : trgmsg.c.obj (.bss:_CIOBUF_)
                  20200af8    000000a0     libc.a : defs.c.obj (.bss.__TI_tmpnams)
                  20200b98    00000008     libsysbm.a : hostopen.c.obj (.bss.parmbuf)
                  20200ba0    00000005     (.common:gRxPacket)
                  20200ba5    00000003     --HOLE--
                  20200ba8    00000004     libc.a : memory.c.obj (.bss.sys_free)

.stack     0    20207e00    00000200     UNINITIALIZED
                  20207e00    00000004     libc.a : boot_cortex_m.c.obj (.stack)
                  20207e04    000001fc     --HOLE--

__llvm_prf_cnts 
*          0    20200000    00000000     UNINITIALIZED

__llvm_prf_bits 
*          0    20200000    00000000     UNINITIALIZED

MODULE SUMMARY

       Module                                    code   ro data   rw data
       ------                                    ----   -------   -------
    .\
       i2c_controller_rw_multibyte_fifo_poll.o   484    5         13     
       ti_msp_dl_config.o                        268    2         0      
       startup_mspm0g350x_ticlang.o              6      192       0      
    +--+-----------------------------------------+------+---------+---------+
       Total:                                    758    199       13     
                                                                         
    C:/ti/mspm0_sdk_2_02_00_05/source/ti/driverlib/lib/ticlang/m0p/mspm0g1x0x_g3x0x/driverlib.a
       dl_i2c.o                                  226    0         0      
       dl_common.o                               20     0         0      
    +--+-----------------------------------------+------+---------+---------+
       Total:                                    246    0         0      
                                                                         
    C:\ti\ccs1271\ccs\tools\compiler\ti-cgt-armllvm_3.2.2.LTS\lib\armv6m-ti-none-eabi/c/libc.a
       memory.c.obj                              730    0         5      
       _printfi.c.obj                            658    17        0      
       defs.c.obj                                0      0         404    
       fputs.c.obj                               260    0         0      
       setvbuf.c.obj                             220    0         0      
       getdevice.c.obj                           160    0         0      
       fputc.c.obj                               156    0         0      
       memcpy16.S.obj                            154    0         0      
       fclose.c.obj                              124    0         0      
       copy_decompress_lzss.c.obj                120    0         0      
       fseek.c.obj                               116    0         0      
       printf.c.obj                              108    0         0      
       _io_perm.c.obj                            100    0         0      
       memset16.S.obj                            98     0         0      
       fflush.c.obj                              82     0         0      
       exit.c.obj                                56     0         8      
       autoinit.c.obj                            60     0         0      
       fopen.c.obj                               52     0         0      
       boot_cortex_m.c.obj                       40     0         0      
       memccpy.c.obj                             34     0         0      
       copy_zero_init.c.obj                      22     0         0      
       copy_decompress_none.c.obj                18     0         0      
       _lock.c.obj                               2      0         8      
       pre_init.c.obj                            4      0         0      
    +--+-----------------------------------------+------+---------+---------+
       Total:                                    3374   17        425    
                                                                         
    C:\ti\ccs1271\ccs\tools\compiler\ti-cgt-armllvm_3.2.2.LTS\lib\armv6m-ti-none-eabi/c/libsysbm.a
       trgmsg.c.obj                              104    0         288    
       host_device.c.obj                         0      0         200    
       hostrename.c.obj                          140    0         0      
       hostlseek.c.obj                           108    0         0      
       hostopen.c.obj                            96     0         8      
       hostread.c.obj                            88     0         0      
       hostwrite.c.obj                           88     0         0      
       close.c.obj                               80     0         0      
       hostclose.c.obj                           72     0         0      
       hostunlink.c.obj                          72     0         0      
       unlink.c.obj                              44     0         0      
       lseek.c.obj                               40     0         0      
       write.c.obj                               40     0         0      
       remove.c.obj                              8      0         0      
    +--+-----------------------------------------+------+---------+---------+
       Total:                                    980    0         496    
                                                                         
    C:\ti\ccs1271\ccs\tools\compiler\ti-cgt-armllvm_3.2.2.LTS\lib\clang/15.0.7/lib/armv6m-ti-none-eabi/libclang_rt.builtins.a
       aeabi_uidivmod.S.obj                      64     0         0      
       aeabi_memset.S.obj                        26     0         0      
       aeabi_memcpy.S.obj                        8      0         0      
       aeabi_div0.c.obj                          2      0         0      
    +--+-----------------------------------------+------+---------+---------+
       Total:                                    100    0         0      
                                                                         
       Heap:                                     0      0         2048   
       Stack:                                    0      0         512    
       Linker Generated:                         0      144       0      
    +--+-----------------------------------------+------+---------+---------+
       Grand Total:                              5458   360       3494   


LINKER GENERATED COPY TABLES

__TI_cinit_table @ 000016b0 records: 2, size/record: 8, table size: 16
	.data: load addr=00001630, load size=0000006c bytes, run addr=20200800, run size=000001d5 bytes, compression=lzss
	.bss: load addr=000016a8, load size=00000008 bytes, run addr=202009d8, run size=000001d4 bytes, compression=zero_init


LINKER GENERATED HANDLER TABLE

__TI_handler_table @ 0000169c records: 3, size/record: 4, table size: 12
	index: 0, handler: __TI_decompress_lzss
	index: 1, handler: __TI_decompress_none
	index: 2, handler: __TI_zero_init


GLOBAL SYMBOLS: SORTED ALPHABETICALLY BY Name 

address   name                          
-------   ----                          
00000a57  ADC0_IRQHandler               
00000a57  ADC1_IRQHandler               
00000a57  AES_IRQHandler                
00001614  C$$EXIT                       
0000135d  C$$IO$$                       
00000a57  CANFD0_IRQHandler             
00000a57  DAC0_IRQHandler               
00001545  DL_Common_delayCycles         
00000f91  DL_I2C_fillControllerTXFIFO   
00001261  DL_I2C_setClockConfig         
00000a57  DMA_IRQHandler                
00000a57  Default_Handler               
00000a57  GROUP0_IRQHandler             
00000a57  GROUP1_IRQHandler             
000010dd  HOSTclose                     
00000b4d  HOSTlseek                     
00000e25  HOSTopen                      
00000ee1  HOSTread                      
00000bb9  HOSTrename                    
00001125  HOSTunlink                    
00000f39  HOSTwrite                     
00000a57  HardFault_Handler             
00000a57  I2C0_IRQHandler               
00000a57  I2C1_IRQHandler               
00000a57  NMI_Handler                   
00000a57  PendSV_Handler                
00000a57  RTC_IRQHandler                
0000160d  Reset_Handler                 
00000a57  SPI0_IRQHandler               
00000a57  SPI1_IRQHandler               
00000a57  SVC_Handler                   
0000116d  SYSCFG_DL_GPIO_init           
00000fe5  SYSCFG_DL_I2C_init            
00001399  SYSCFG_DL_SYSCTL_init         
00001559  SYSCFG_DL_init                
00001295  SYSCFG_DL_initPower           
00000a57  SysTick_Handler               
00000a57  TIMA0_IRQHandler              
00000a57  TIMA1_IRQHandler              
00000a57  TIMG0_IRQHandler              
00000a57  TIMG12_IRQHandler             
00000a57  TIMG6_IRQHandler              
00000a57  TIMG7_IRQHandler              
00000a57  TIMG8_IRQHandler              
00000a57  UART0_IRQHandler              
00000a57  UART1_IRQHandler              
00000a57  UART2_IRQHandler              
00000a57  UART3_IRQHandler              
202009d8  _CIOBUF_                      
202009d8  __CIOBUF_                     
20208000  __STACK_END                   
00000200  __STACK_SIZE                  
00000800  __SYSMEM_SIZE                 
00000000  __TI_ATRegion0_region_sz      
00000000  __TI_ATRegion0_src_addr       
00000000  __TI_ATRegion0_trg_addr       
00000000  __TI_ATRegion1_region_sz      
00000000  __TI_ATRegion1_src_addr       
00000000  __TI_ATRegion1_trg_addr       
00000000  __TI_ATRegion2_region_sz      
00000000  __TI_ATRegion2_src_addr       
00000000  __TI_ATRegion2_trg_addr       
000016b0  __TI_CINIT_Base               
000016c0  __TI_CINIT_Limit              
000016c0  __TI_CINIT_Warm               
0000169c  __TI_Handler_Table_Base       
000016a8  __TI_Handler_Table_Limit      
000011ed  __TI_auto_init_nobinit_nopinit
000012c9  __TI_cleanup                  
202009b8  __TI_cleanup_ptr              
00000a59  __TI_closefile                
00000ad5  __TI_decompress_lzss          
0000157f  __TI_decompress_none          
00001039  __TI_doflush                  
202009bc  __TI_dtors_ptr                
202009c8  __TI_ft_end                   
ffffffff  __TI_pprof_out_hndl           
000000c1  __TI_printfi_minimal          
ffffffff  __TI_prof_data_size           
ffffffff  __TI_prof_data_start          
000012fd  __TI_readmsg                  
00000000  __TI_static_base__            
20200af8  __TI_tmpnams                  
00001331  __TI_writemsg                 
00000cf9  __TI_wrt_ok                   
0000152f  __TI_zero_init_nomemset       
00000e23  __aeabi_idiv0                 
000015cd  __aeabi_memclr                
000015cd  __aeabi_memclr4               
000015cd  __aeabi_memclr8               
000015e5  __aeabi_memcpy                
000015e5  __aeabi_memcpy4               
000015e5  __aeabi_memcpy8               
000015a1  __aeabi_memset                
000015a1  __aeabi_memset4               
000015a1  __aeabi_memset8               
000011ad  __aeabi_uidiv                 
000011ad  __aeabi_uidivmod              
ffffffff  __binit__                     
UNDEFED   __mpu_init                    
20207e00  __stack                       
20200000  __start___llvm_prf_bits       
20200000  __start___llvm_prf_cnts       
20200000  __stop___llvm_prf_bits        
20200000  __stop___llvm_prf_cnts        
00001495  _c_int00_noargs               
202008f0  _device                       
20200800  _ftable                       
202009cc  _lock                         
0000108b  _nop                          
20200968  _stream                       
20200000  _sys_memory                   
UNDEFED   _system_post_cinit            
00001611  _system_pre_init              
202009d0  _unlock                       
00001615  abort                         
00000529  aligned_alloc                 
ffffffff  binit                         
0000108d  close                         
00001365  exit                          
00001229  finddevice                    
00000921  fputc                         
00000655  fputs                         
00000759  free                          
000015fd  fseek                         
00000c25  fseeko                        
20200ba0  gRxPacket                     
202009c0  gTxPacket                     
00000c91  getdevice                     
00000000  interruptVectors              
00001445  lseek                         
00000345  main                          
000015d9  malloc                        
00000529  memalign                      
000014bd  memccpy                       
000009bd  memcpy                        
00000dc1  memset                        
20200b98  parmbuf                       
00000e85  printf                        
00001605  remove                        
00000845  setvbuf                       
000013c9  unlink                        
0000146d  write                         


GLOBAL SYMBOLS: SORTED BY Symbol Address 

address   name                          
-------   ----                          
00000000  __TI_ATRegion0_region_sz      
00000000  __TI_ATRegion0_src_addr       
00000000  __TI_ATRegion0_trg_addr       
00000000  __TI_ATRegion1_region_sz      
00000000  __TI_ATRegion1_src_addr       
00000000  __TI_ATRegion1_trg_addr       
00000000  __TI_ATRegion2_region_sz      
00000000  __TI_ATRegion2_src_addr       
00000000  __TI_ATRegion2_trg_addr       
00000000  __TI_static_base__            
00000000  interruptVectors              
000000c1  __TI_printfi_minimal          
00000200  __STACK_SIZE                  
00000345  main                          
00000529  aligned_alloc                 
00000529  memalign                      
00000655  fputs                         
00000759  free                          
00000800  __SYSMEM_SIZE                 
00000845  setvbuf                       
00000921  fputc                         
000009bd  memcpy                        
00000a57  ADC0_IRQHandler               
00000a57  ADC1_IRQHandler               
00000a57  AES_IRQHandler                
00000a57  CANFD0_IRQHandler             
00000a57  DAC0_IRQHandler               
00000a57  DMA_IRQHandler                
00000a57  Default_Handler               
00000a57  GROUP0_IRQHandler             
00000a57  GROUP1_IRQHandler             
00000a57  HardFault_Handler             
00000a57  I2C0_IRQHandler               
00000a57  I2C1_IRQHandler               
00000a57  NMI_Handler                   
00000a57  PendSV_Handler                
00000a57  RTC_IRQHandler                
00000a57  SPI0_IRQHandler               
00000a57  SPI1_IRQHandler               
00000a57  SVC_Handler                   
00000a57  SysTick_Handler               
00000a57  TIMA0_IRQHandler              
00000a57  TIMA1_IRQHandler              
00000a57  TIMG0_IRQHandler              
00000a57  TIMG12_IRQHandler             
00000a57  TIMG6_IRQHandler              
00000a57  TIMG7_IRQHandler              
00000a57  TIMG8_IRQHandler              
00000a57  UART0_IRQHandler              
00000a57  UART1_IRQHandler              
00000a57  UART2_IRQHandler              
00000a57  UART3_IRQHandler              
00000a59  __TI_closefile                
00000ad5  __TI_decompress_lzss          
00000b4d  HOSTlseek                     
00000bb9  HOSTrename                    
00000c25  fseeko                        
00000c91  getdevice                     
00000cf9  __TI_wrt_ok                   
00000dc1  memset                        
00000e23  __aeabi_idiv0                 
00000e25  HOSTopen                      
00000e85  printf                        
00000ee1  HOSTread                      
00000f39  HOSTwrite                     
00000f91  DL_I2C_fillControllerTXFIFO   
00000fe5  SYSCFG_DL_I2C_init            
00001039  __TI_doflush                  
0000108b  _nop                          
0000108d  close                         
000010dd  HOSTclose                     
00001125  HOSTunlink                    
0000116d  SYSCFG_DL_GPIO_init           
000011ad  __aeabi_uidiv                 
000011ad  __aeabi_uidivmod              
000011ed  __TI_auto_init_nobinit_nopinit
00001229  finddevice                    
00001261  DL_I2C_setClockConfig         
00001295  SYSCFG_DL_initPower           
000012c9  __TI_cleanup                  
000012fd  __TI_readmsg                  
00001331  __TI_writemsg                 
0000135d  C$$IO$$                       
00001365  exit                          
00001399  SYSCFG_DL_SYSCTL_init         
000013c9  unlink                        
00001445  lseek                         
0000146d  write                         
00001495  _c_int00_noargs               
000014bd  memccpy                       
0000152f  __TI_zero_init_nomemset       
00001545  DL_Common_delayCycles         
00001559  SYSCFG_DL_init                
0000157f  __TI_decompress_none          
000015a1  __aeabi_memset                
000015a1  __aeabi_memset4               
000015a1  __aeabi_memset8               
000015cd  __aeabi_memclr                
000015cd  __aeabi_memclr4               
000015cd  __aeabi_memclr8               
000015d9  malloc                        
000015e5  __aeabi_memcpy                
000015e5  __aeabi_memcpy4               
000015e5  __aeabi_memcpy8               
000015fd  fseek                         
00001605  remove                        
0000160d  Reset_Handler                 
00001611  _system_pre_init              
00001614  C$$EXIT                       
00001615  abort                         
0000169c  __TI_Handler_Table_Base       
000016a8  __TI_Handler_Table_Limit      
000016b0  __TI_CINIT_Base               
000016c0  __TI_CINIT_Limit              
000016c0  __TI_CINIT_Warm               
20200000  __start___llvm_prf_bits       
20200000  __start___llvm_prf_cnts       
20200000  __stop___llvm_prf_bits        
20200000  __stop___llvm_prf_cnts        
20200000  _sys_memory                   
20200800  _ftable                       
202008f0  _device                       
20200968  _stream                       
202009b8  __TI_cleanup_ptr              
202009bc  __TI_dtors_ptr                
202009c0  gTxPacket                     
202009c8  __TI_ft_end                   
202009cc  _lock                         
202009d0  _unlock                       
202009d8  _CIOBUF_                      
202009d8  __CIOBUF_                     
20200af8  __TI_tmpnams                  
20200b98  parmbuf                       
20200ba0  gRxPacket                     
20207e00  __stack                       
20208000  __STACK_END                   
ffffffff  __TI_pprof_out_hndl           
ffffffff  __TI_prof_data_size           
ffffffff  __TI_prof_data_start          
ffffffff  __binit__                     
ffffffff  binit                         
UNDEFED   __mpu_init                    
UNDEFED   _system_post_cinit            

[143 symbols]
