******************************************************************************
            TI ARM Clang Linker PC v3.2.2                      
******************************************************************************
>> Linked Mon Oct 21 10:50:01 2024

OUTPUT FILE NAME:   <01_SwitchInput_LedOutput.out>
ENTRY POINT SYMBOL: "_c_int00_noinit_noargs"  address: 0000019d


MEMORY CONFIGURATION

         name            origin    length      used     unused   attr    fill
----------------------  --------  ---------  --------  --------  ----  --------
  FLASH                 00000000   00020000  000001f0  0001fe10  R  X
  SRAM                  20200000   00008000  00000200  00007e00  RW X
  BCR_CONFIG            41c00000   00000080  00000000  00000080  R   
  BSL_CONFIG            41c00100   00000080  00000000  00000080  R   


SEGMENT ALLOCATION MAP

run origin  load origin   length   init length attrs members
----------  ----------- ---------- ----------- ----- -------
00000000    00000000    000001f0   000001f0    r-x
  00000000    00000000    000000c0   000000c0    r-- .intvecs
  000000c0    000000c0    00000130   00000130    r-x .text
20207e00    20207e00    00000200   00000000    rw-
  20207e00    20207e00    00000200   00000000    rw- .stack


SECTION ALLOCATION MAP

 output                                  attributes/
section   page    origin      length       input sections
--------  ----  ----------  ----------   ----------------
.intvecs   0    00000000    000000c0     
                  00000000    000000c0     startup_mspm0g350x_ticlang.o (.intvecs)

.text      0    000000c0    00000130     
                  000000c0    00000044     empty.o (.text.main)
                  00000104    00000040     ti_msp_dl_config.o (.text.SYSCFG_DL_SYSCTL_init)
                  00000144    0000002c     ti_msp_dl_config.o (.text.SYSCFG_DL_GPIO_init)
                  00000170    0000002c     ti_msp_dl_config.o (.text.SYSCFG_DL_initPower)
                  0000019c    00000020     libc.a : boot_cortex_m.c.obj (.text:_c_int00_noinit_noargs)
                  000001bc    00000014     driverlib.a : dl_common.o (.text.DL_Common_delayCycles)
                  000001d0    00000010     ti_msp_dl_config.o (.text.SYSCFG_DL_init)
                  000001e0    00000004     startup_mspm0g350x_ticlang.o (.text.Reset_Handler)
                  000001e4    00000004     libc.a : pre_init.c.obj (.text._system_pre_init)
                  000001e8    00000004            : exit.c.obj (.text:abort)
                  000001ec    00000002     startup_mspm0g350x_ticlang.o (.text.Default_Handler)
                  000001ee    00000002     --HOLE-- [fill = 0]

.cinit     0    00000000    00000000     

.init_array 
*          0    00000000    00000000     UNINITIALIZED

.binit     0    00000000    00000000     

.stack     0    20207e00    00000200     UNINITIALIZED
                  20207e00    00000004     libc.a : boot_cortex_m.c.obj (.stack)
                  20207e04    000001fc     --HOLE--

__llvm_prf_cnts 
*          0    20200000    00000000     UNINITIALIZED

__llvm_prf_bits 
*          0    20200000    00000000     UNINITIALIZED

MODULE SUMMARY

       Module                         code   ro data   rw data
       ------                         ----   -------   -------
    .\
       startup_mspm0g350x_ticlang.o   6      192       0      
       ti_msp_dl_config.o             168    0         0      
       empty.o                        68     0         0      
    +--+------------------------------+------+---------+---------+
       Total:                         242    192       0      
                                                              
    C:/ti/mspm0_sdk_2_02_00_05/source/ti/driverlib/lib/ticlang/m0p/mspm0g1x0x_g3x0x/driverlib.a
       dl_common.o                    20     0         0      
    +--+------------------------------+------+---------+---------+
       Total:                         20     0         0      
                                                              
    C:\ti\ccs1271\ccs\tools\compiler\ti-cgt-armllvm_3.2.2.LTS\lib\armv6m-ti-none-eabi/c/libc.a
       boot_cortex_m.c.obj            32     0         0      
       exit.c.obj                     4      0         0      
       pre_init.c.obj                 4      0         0      
    +--+------------------------------+------+---------+---------+
       Total:                         40     0         0      
                                                              
       Stack:                         0      0         512    
    +--+------------------------------+------+---------+---------+
       Grand Total:                   302    192       512    


GLOBAL SYMBOLS: SORTED ALPHABETICALLY BY Name 

address   name                    
-------   ----                    
000001ed  ADC0_IRQHandler         
000001ed  ADC1_IRQHandler         
000001ed  AES_IRQHandler          
000001e8  C$$EXIT                 
000001ed  CANFD0_IRQHandler       
000001ed  DAC0_IRQHandler         
000001bd  DL_Common_delayCycles   
000001ed  DMA_IRQHandler          
000001ed  Default_Handler         
000001ed  GROUP0_IRQHandler       
000001ed  GROUP1_IRQHandler       
000001ed  HardFault_Handler       
000001ed  I2C0_IRQHandler         
000001ed  I2C1_IRQHandler         
000001ed  NMI_Handler             
000001ed  PendSV_Handler          
000001ed  RTC_IRQHandler          
000001e1  Reset_Handler           
000001ed  SPI0_IRQHandler         
000001ed  SPI1_IRQHandler         
000001ed  SVC_Handler             
00000145  SYSCFG_DL_GPIO_init     
00000105  SYSCFG_DL_SYSCTL_init   
000001d1  SYSCFG_DL_init          
00000171  SYSCFG_DL_initPower     
000001ed  SysTick_Handler         
000001ed  TIMA0_IRQHandler        
000001ed  TIMA1_IRQHandler        
000001ed  TIMG0_IRQHandler        
000001ed  TIMG12_IRQHandler       
000001ed  TIMG6_IRQHandler        
000001ed  TIMG7_IRQHandler        
000001ed  TIMG8_IRQHandler        
000001ed  UART0_IRQHandler        
000001ed  UART1_IRQHandler        
000001ed  UART2_IRQHandler        
000001ed  UART3_IRQHandler        
20208000  __STACK_END             
00000200  __STACK_SIZE            
00000000  __TI_ATRegion0_region_sz
00000000  __TI_ATRegion0_src_addr 
00000000  __TI_ATRegion0_trg_addr 
00000000  __TI_ATRegion1_region_sz
00000000  __TI_ATRegion1_src_addr 
00000000  __TI_ATRegion1_trg_addr 
00000000  __TI_ATRegion2_region_sz
00000000  __TI_ATRegion2_src_addr 
00000000  __TI_ATRegion2_trg_addr 
00000000  __TI_CINIT_Base         
00000000  __TI_CINIT_Limit        
00000000  __TI_CINIT_Warm         
ffffffff  __TI_pprof_out_hndl     
ffffffff  __TI_prof_data_size     
ffffffff  __TI_prof_data_start    
00000000  __TI_static_base__      
ffffffff  __binit__               
UNDEFED   __mpu_init              
20207e00  __stack                 
20200000  __start___llvm_prf_bits 
20200000  __start___llvm_prf_cnts 
20200000  __stop___llvm_prf_bits  
20200000  __stop___llvm_prf_cnts  
0000019d  _c_int00_noinit_noargs  
000001e5  _system_pre_init        
000001e9  abort                   
ffffffff  binit                   
00000000  interruptVectors        
000000c1  main                    


GLOBAL SYMBOLS: SORTED BY Symbol Address 

address   name                    
-------   ----                    
00000000  __TI_ATRegion0_region_sz
00000000  __TI_ATRegion0_src_addr 
00000000  __TI_ATRegion0_trg_addr 
00000000  __TI_ATRegion1_region_sz
00000000  __TI_ATRegion1_src_addr 
00000000  __TI_ATRegion1_trg_addr 
00000000  __TI_ATRegion2_region_sz
00000000  __TI_ATRegion2_src_addr 
00000000  __TI_ATRegion2_trg_addr 
00000000  __TI_CINIT_Base         
00000000  __TI_CINIT_Limit        
00000000  __TI_CINIT_Warm         
00000000  __TI_static_base__      
00000000  interruptVectors        
000000c1  main                    
00000105  SYSCFG_DL_SYSCTL_init   
00000145  SYSCFG_DL_GPIO_init     
00000171  SYSCFG_DL_initPower     
0000019d  _c_int00_noinit_noargs  
000001bd  DL_Common_delayCycles   
000001d1  SYSCFG_DL_init          
000001e1  Reset_Handler           
000001e5  _system_pre_init        
000001e8  C$$EXIT                 
000001e9  abort                   
000001ed  ADC0_IRQHandler         
000001ed  ADC1_IRQHandler         
000001ed  AES_IRQHandler          
000001ed  CANFD0_IRQHandler       
000001ed  DAC0_IRQHandler         
000001ed  DMA_IRQHandler          
000001ed  Default_Handler         
000001ed  GROUP0_IRQHandler       
000001ed  GROUP1_IRQHandler       
000001ed  HardFault_Handler       
000001ed  I2C0_IRQHandler         
000001ed  I2C1_IRQHandler         
000001ed  NMI_Handler             
000001ed  PendSV_Handler          
000001ed  RTC_IRQHandler          
000001ed  SPI0_IRQHandler         
000001ed  SPI1_IRQHandler         
000001ed  SVC_Handler             
000001ed  SysTick_Handler         
000001ed  TIMA0_IRQHandler        
000001ed  TIMA1_IRQHandler        
000001ed  TIMG0_IRQHandler        
000001ed  TIMG12_IRQHandler       
000001ed  TIMG6_IRQHandler        
000001ed  TIMG7_IRQHandler        
000001ed  TIMG8_IRQHandler        
000001ed  UART0_IRQHandler        
000001ed  UART1_IRQHandler        
000001ed  UART2_IRQHandler        
000001ed  UART3_IRQHandler        
00000200  __STACK_SIZE            
20200000  __start___llvm_prf_bits 
20200000  __start___llvm_prf_cnts 
20200000  __stop___llvm_prf_bits  
20200000  __stop___llvm_prf_cnts  
20207e00  __stack                 
20208000  __STACK_END             
ffffffff  __TI_pprof_out_hndl     
ffffffff  __TI_prof_data_size     
ffffffff  __TI_prof_data_start    
ffffffff  __binit__               
ffffffff  binit                   
UNDEFED   __mpu_init              

[68 symbols]
